######################### 1 #########################
INFO | 2023-06-30 03:34:51,236 | 86 mapping rules retrieved.
INFO | 2023-06-30 03:34:51,265 | Mapping partition with 1 groups generated.
INFO | 2023-06-30 03:34:51,265 | Maximum number of rules within mapping group: 86.
INFO | 2023-06-30 03:34:51,266 | Mappings processed in 1.680 seconds.
Running test gtfs-bench-csv-morph-disk-no-inc
Loading new graph...
INFO | 2023-06-30 03:37:36,925 | Number of triples generated in total: 19797650.
INFO | 2023-06-30 03:52:13,945 | 86 mapping rules retrieved.
INFO | 2023-06-30 03:52:13,972 | Mapping partition with 1 groups generated.
INFO | 2023-06-30 03:52:13,973 | Maximum number of rules within mapping group: 86.
INFO | 2023-06-30 03:52:13,973 | Mappings processed in 1.591 seconds.
Loaded new graph in 1042.79s
Updating data source...
	Adding data to data/AGENCY.csv... OK
	Adding data to data/FEED_INFO.csv... OK
Finished updating data source.
Updating graph...
INFO | 2023-06-30 03:55:13,881 | Number of triples generated in total: 19797664.
INFO | 2023-06-30 04:09:46,701 | 86 mapping rules retrieved.
INFO | 2023-06-30 04:09:46,729 | Mapping partition with 1 groups generated.
INFO | 2023-06-30 04:09:46,729 | Maximum number of rules within mapping group: 86.
INFO | 2023-06-30 04:09:46,729 | Mappings processed in 1.600 seconds.
Finished updating graph in 1052.74s.
Updating data source...
	Adding data to data/AGENCY.csv... OK
	Removing data from data/AGENCY.csv... OK
Finished updating data source.
Updating graph...
INFO | 2023-06-30 04:12:58,817 | Number of triples generated in total: 19797664.
Finished updating graph in 1198.03s.
Restoring data sources...
	Restoring data/AGENCY.csv... OK
	Restoring data/FEED_INFO.csv... OK
Restored data sources.

------------------------------------------------------
Finished running test in 3293.58s.
Summary:
	Created new version in 1042.79s (19797650 triples)
	Updated in 1052.74s (19797664 triples)
	Updated in 1198.03s (19797664 triples)
######################### 2 #########################
INFO | 2023-06-30 04:34:37,825 | 86 mapping rules retrieved.
INFO | 2023-06-30 04:34:37,853 | Mapping partition with 1 groups generated.
INFO | 2023-06-30 04:34:37,854 | Maximum number of rules within mapping group: 86.
INFO | 2023-06-30 04:34:37,854 | Mappings processed in 1.689 seconds.
Running test gtfs-bench-csv-morph-disk-no-inc
Loading new graph...
INFO | 2023-06-30 04:37:26,510 | Number of triples generated in total: 19797650.
INFO | 2023-06-30 04:51:58,994 | 86 mapping rules retrieved.
INFO | 2023-06-30 04:51:59,021 | Mapping partition with 1 groups generated.
INFO | 2023-06-30 04:51:59,021 | Maximum number of rules within mapping group: 86.
INFO | 2023-06-30 04:51:59,022 | Mappings processed in 1.587 seconds.
Loaded new graph in 1041.26s
Updating data source...
	Adding data to data/AGENCY.csv... OK
	Adding data to data/FEED_INFO.csv... OK
Finished updating data source.
Updating graph...
INFO | 2023-06-30 04:55:01,254 | Number of triples generated in total: 19797664.
INFO | 2023-06-30 05:09:28,277 | 86 mapping rules retrieved.
INFO | 2023-06-30 05:09:28,305 | Mapping partition with 1 groups generated.
INFO | 2023-06-30 05:09:28,305 | Maximum number of rules within mapping group: 86.
INFO | 2023-06-30 05:09:28,305 | Mappings processed in 1.591 seconds.
Finished updating graph in 1049.27s.
Updating data source...
	Adding data to data/AGENCY.csv... OK
	Removing data from data/AGENCY.csv... OK
Finished updating data source.
Updating graph...
INFO | 2023-06-30 05:12:39,982 | Number of triples generated in total: 19797664.
Finished updating graph in 1194.64s.
Restoring data sources...
	Restoring data/AGENCY.csv... OK
	Restoring data/FEED_INFO.csv... OK
Restored data sources.

------------------------------------------------------
Finished running test in 3285.19s.
Summary:
	Created new version in 1041.26s (19797650 triples)
	Updated in 1049.27s (19797664 triples)
	Updated in 1194.64s (19797664 triples)
######################### 3 #########################
INFO | 2023-06-30 05:34:20,635 | 86 mapping rules retrieved.
INFO | 2023-06-30 05:34:20,664 | Mapping partition with 1 groups generated.
INFO | 2023-06-30 05:34:20,664 | Maximum number of rules within mapping group: 86.
INFO | 2023-06-30 05:34:20,665 | Mappings processed in 1.684 seconds.
Running test gtfs-bench-csv-morph-disk-no-inc
Loading new graph...
INFO | 2023-06-30 05:37:10,364 | Number of triples generated in total: 19797650.
INFO | 2023-06-30 05:51:54,951 | 86 mapping rules retrieved.
INFO | 2023-06-30 05:51:54,979 | Mapping partition with 1 groups generated.
INFO | 2023-06-30 05:51:54,979 | Maximum number of rules within mapping group: 86.
INFO | 2023-06-30 05:51:54,979 | Mappings processed in 1.614 seconds.
Loaded new graph in 1054.37s
Updating data source...
	Adding data to data/AGENCY.csv... OK
	Adding data to data/FEED_INFO.csv... OK
Finished updating data source.
Updating graph...
INFO | 2023-06-30 05:54:57,646 | Number of triples generated in total: 19797664.
INFO | 2023-06-30 06:09:25,899 | 86 mapping rules retrieved.
INFO | 2023-06-30 06:09:25,927 | Mapping partition with 1 groups generated.
INFO | 2023-06-30 06:09:25,928 | Maximum number of rules within mapping group: 86.
INFO | 2023-06-30 06:09:25,928 | Mappings processed in 1.597 seconds.
Finished updating graph in 1050.96s.
Updating data source...
	Adding data to data/AGENCY.csv... OK
	Removing data from data/AGENCY.csv... OK
Finished updating data source.
Updating graph...
INFO | 2023-06-30 06:12:40,608 | Number of triples generated in total: 19797664.
Finished updating graph in 1207.71s.
Restoring data sources...
	Restoring data/AGENCY.csv... OK
	Restoring data/FEED_INFO.csv... OK
Restored data sources.

------------------------------------------------------
Finished running test in 3313.07s.
Summary:
	Created new version in 1054.37s (19797650 triples)
	Updated in 1050.96s (19797664 triples)
	Updated in 1207.71s (19797664 triples)
######################### 4 #########################
INFO | 2023-06-30 06:34:29,784 | 86 mapping rules retrieved.
INFO | 2023-06-30 06:34:29,813 | Mapping partition with 1 groups generated.
INFO | 2023-06-30 06:34:29,813 | Maximum number of rules within mapping group: 86.
INFO | 2023-06-30 06:34:29,813 | Mappings processed in 1.703 seconds.
Running test gtfs-bench-csv-morph-disk-no-inc
Loading new graph...
INFO | 2023-06-30 06:37:21,261 | Number of triples generated in total: 19797650.
INFO | 2023-06-30 06:52:41,789 | 86 mapping rules retrieved.
INFO | 2023-06-30 06:52:41,816 | Mapping partition with 1 groups generated.
INFO | 2023-06-30 06:52:41,817 | Maximum number of rules within mapping group: 86.
INFO | 2023-06-30 06:52:41,817 | Mappings processed in 1.601 seconds.
Loaded new graph in 1092.09s
Updating data source...
	Adding data to data/AGENCY.csv... OK
	Adding data to data/FEED_INFO.csv... OK
Finished updating data source.
Updating graph...
INFO | 2023-06-30 06:55:45,767 | Number of triples generated in total: 19797664.
INFO | 2023-06-30 07:10:24,213 | 86 mapping rules retrieved.
INFO | 2023-06-30 07:10:24,241 | Mapping partition with 1 groups generated.
INFO | 2023-06-30 07:10:24,241 | Maximum number of rules within mapping group: 86.
INFO | 2023-06-30 07:10:24,242 | Mappings processed in 1.612 seconds.
Finished updating graph in 1062.40s.
Updating data source...
	Adding data to data/AGENCY.csv... OK
	Removing data from data/AGENCY.csv... OK
Finished updating data source.
Updating graph...
INFO | 2023-06-30 07:13:40,907 | Number of triples generated in total: 19797664.
Finished updating graph in 1215.36s.
Restoring data sources...
	Restoring data/AGENCY.csv... OK
	Restoring data/FEED_INFO.csv... OK
Restored data sources.

------------------------------------------------------
Finished running test in 3369.89s.
Summary:
	Created new version in 1092.09s (19797650 triples)
	Updated in 1062.40s (19797664 triples)
	Updated in 1215.36s (19797664 triples)
######################### 5 #########################
INFO | 2023-06-30 07:35:40,140 | 86 mapping rules retrieved.
INFO | 2023-06-30 07:35:40,168 | Mapping partition with 1 groups generated.
INFO | 2023-06-30 07:35:40,169 | Maximum number of rules within mapping group: 86.
INFO | 2023-06-30 07:35:40,169 | Mappings processed in 1.679 seconds.
Running test gtfs-bench-csv-morph-disk-no-inc
Loading new graph...
INFO | 2023-06-30 07:38:31,316 | Number of triples generated in total: 19797650.
INFO | 2023-06-30 07:53:04,309 | 86 mapping rules retrieved.
INFO | 2023-06-30 07:53:04,337 | Mapping partition with 1 groups generated.
INFO | 2023-06-30 07:53:04,337 | Maximum number of rules within mapping group: 86.
INFO | 2023-06-30 07:53:04,337 | Mappings processed in 1.591 seconds.
Loaded new graph in 1044.25s
Updating data source...
	Adding data to data/AGENCY.csv... OK
	Adding data to data/FEED_INFO.csv... OK
Finished updating data source.
Updating graph...
INFO | 2023-06-30 07:56:06,577 | Number of triples generated in total: 19797664.
INFO | 2023-06-30 08:11:33,807 | 86 mapping rules retrieved.
INFO | 2023-06-30 08:11:33,835 | Mapping partition with 1 groups generated.
INFO | 2023-06-30 08:11:33,835 | Maximum number of rules within mapping group: 86.
INFO | 2023-06-30 08:11:33,835 | Mappings processed in 1.602 seconds.
Finished updating graph in 1109.47s.
Updating data source...
	Adding data to data/AGENCY.csv... OK
	Removing data from data/AGENCY.csv... OK
Finished updating data source.
Updating graph...
INFO | 2023-06-30 08:14:51,175 | Number of triples generated in total: 19797664.
Finished updating graph in 1203.49s.
Restoring data sources...
	Restoring data/AGENCY.csv... OK
	Restoring data/FEED_INFO.csv... OK
Restored data sources.

------------------------------------------------------
Finished running test in 3357.23s.
Summary:
	Created new version in 1044.25s (19797650 triples)
	Updated in 1109.47s (19797664 triples)
	Updated in 1203.49s (19797664 triples)
