######################### 1 #########################
INFO | 2023-07-04 05:16:16,957 | 86 mapping rules retrieved.
INFO | 2023-07-04 05:16:16,986 | Mapping partition with 1 groups generated.
INFO | 2023-07-04 05:16:16,986 | Maximum number of rules within mapping group: 86.
INFO | 2023-07-04 05:16:16,986 | Mappings processed in 1.671 seconds.
Running test test-morph-memory
Loading new graph...
data/CALENDAR_DATES.csv
	Found new data, saved to dataframe.
	No removed data, saved to dataframe.
data/CALENDAR.csv
	Found new data, saved to dataframe.
	No removed data, saved to dataframe.
data/STOP_TIMES.csv
	Found new data, saved to dataframe.
	No removed data, saved to dataframe.
data/STOPS.csv
	Found new data, saved to dataframe.
	No removed data, saved to dataframe.
data/FEED_INFO.csv
	Found new data, saved to dataframe.
	No removed data, saved to dataframe.
data/ROUTES.csv
	Found new data, saved to dataframe.
	No removed data, saved to dataframe.
data/FREQUENCIES.csv
	Found new data, saved to dataframe.
	No removed data, saved to dataframe.
data/TRIPS.csv
	Found new data, saved to dataframe.
	No removed data, saved to dataframe.
data/SHAPES.csv
	Found new data, saved to dataframe.
	No removed data, saved to dataframe.
data/AGENCY.csv
	Found new data, saved to dataframe.
	No removed data, saved to dataframe.
Finished calculating diff in 27.25s.
Saved snapshot to .aux/snapshot.pkl
Materializing graph...
Updating mappings... OK
Running mapping engine on the new data...
INFO | 2023-07-04 05:19:49,808 | Number of triples generated in total: 19797650.
INFO | 2023-07-04 05:35:00,375 | 86 mapping rules retrieved.
INFO | 2023-07-04 05:35:00,403 | Mapping partition with 1 groups generated.
INFO | 2023-07-04 05:35:00,403 | Maximum number of rules within mapping group: 86.
INFO | 2023-07-04 05:35:00,403 | Mappings processed in 1.614 seconds.
No removed data detected in the data source, no need to run the mapping engine.
Materialization complete in 1101.56s
Loaded new graph in 1135.95s
Updating data source...
	Adding data to data/AGENCY.csv... OK
	Adding data to data/FEED_INFO.csv... OK
Finished updating data source.
Updating graph...
data/CALENDAR_DATES.csv
	No new data, saved to dataframe.
	No removed data, saved to dataframe.
data/CALENDAR.csv
	No new data, saved to dataframe.
	No removed data, saved to dataframe.
data/STOP_TIMES.csv
	No new data, saved to dataframe.
	No removed data, saved to dataframe.
data/STOPS.csv
	No new data, saved to dataframe.
	No removed data, saved to dataframe.
data/FEED_INFO.csv
	Found new data, saved to dataframe.
	No removed data, saved to dataframe.
data/ROUTES.csv
	No new data, saved to dataframe.
	No removed data, saved to dataframe.
data/FREQUENCIES.csv
	No new data, saved to dataframe.
	No removed data, saved to dataframe.
data/TRIPS.csv
	No new data, saved to dataframe.
	No removed data, saved to dataframe.
data/SHAPES.csv
	No new data, saved to dataframe.
	No removed data, saved to dataframe.
data/AGENCY.csv
	Found new data, saved to dataframe.
	No removed data, saved to dataframe.
Finished calculating diff in 14.33s.
Saved snapshot to .aux/snapshot.pkl
Materializing graph...
Updating mappings... OK
Running mapping engine on the new data...
INFO | 2023-07-04 05:35:15,072 | Number of triples generated in total: 14.
INFO | 2023-07-04 05:35:37,063 | 86 mapping rules retrieved.
INFO | 2023-07-04 05:35:37,091 | Mapping partition with 1 groups generated.
INFO | 2023-07-04 05:35:37,091 | Maximum number of rules within mapping group: 86.
INFO | 2023-07-04 05:35:37,092 | Mappings processed in 1.613 seconds.
No removed data detected in the data source, no need to run the mapping engine.
Materialization complete in 16.34s
Constructing new graph... OK (0.00s)
Finished updating graph in 37.63s.
Updating data source...
	Adding data to data/AGENCY.csv... OK
	Removing data from data/AGENCY.csv... OK
Finished updating data source.
Updating graph...
data/CALENDAR_DATES.csv
	No new data, saved to dataframe.
	No removed data, saved to dataframe.
data/CALENDAR.csv
	No new data, saved to dataframe.
	No removed data, saved to dataframe.
data/STOP_TIMES.csv
	No new data, saved to dataframe.
	No removed data, saved to dataframe.
data/STOPS.csv
	No new data, saved to dataframe.
	No removed data, saved to dataframe.
data/FEED_INFO.csv
	No new data, saved to dataframe.
	No removed data, saved to dataframe.
data/ROUTES.csv
	No new data, saved to dataframe.
	No removed data, saved to dataframe.
data/FREQUENCIES.csv
	No new data, saved to dataframe.
	No removed data, saved to dataframe.
data/TRIPS.csv
	No new data, saved to dataframe.
	No removed data, saved to dataframe.
data/SHAPES.csv
	No new data, saved to dataframe.
	No removed data, saved to dataframe.
data/AGENCY.csv
	Found new data, saved to dataframe.
	Found removed data, saved to dataframe.
Finished calculating diff in 13.89s.
Saved snapshot to .aux/snapshot.pkl
Materializing graph...
Updating mappings... OK
Running mapping engine on the new data...
INFO | 2023-07-04 05:35:50,884 | Number of triples generated in total: 7.
INFO | 2023-07-04 05:35:52,530 | 86 mapping rules retrieved.
INFO | 2023-07-04 05:35:52,558 | Mapping partition with 1 groups generated.
INFO | 2023-07-04 05:35:52,558 | Maximum number of rules within mapping group: 86.
INFO | 2023-07-04 05:35:52,558 | Mappings processed in 1.611 seconds.
Updating mappings... OK
INFO | 2023-07-04 05:36:06,216 | Number of triples generated in total: 7.
Materialization complete in 30.80s
Constructing new graph... OK (0.00s)
Finished updating graph in 51.13s.
Restoring data sources...
	Restoring data/AGENCY.csv... OK
	Restoring data/FEED_INFO.csv... OK
Restored data sources.
Deleting .aux/snapshot.pkl... OK

------------------------------------------------------
Finished running test in 1224.77s.
Summary:
	Created new version in 1135.95s (19797650 triples)
	Updated in 37.63s (19797664 triples)
	Updated in 51.13s (19797664 triples)
######################### 2 #########################
INFO | 2023-07-04 05:38:47,915 | 86 mapping rules retrieved.
INFO | 2023-07-04 05:38:47,944 | Mapping partition with 1 groups generated.
INFO | 2023-07-04 05:38:47,944 | Maximum number of rules within mapping group: 86.
INFO | 2023-07-04 05:38:47,944 | Mappings processed in 1.666 seconds.
Running test test-morph-memory
Loading new graph...
data/AGENCY.csv
	Found new data, saved to dataframe.
	No removed data, saved to dataframe.
data/CALENDAR.csv
	Found new data, saved to dataframe.
	No removed data, saved to dataframe.
data/SHAPES.csv
	Found new data, saved to dataframe.
	No removed data, saved to dataframe.
data/ROUTES.csv
	Found new data, saved to dataframe.
	No removed data, saved to dataframe.
data/FEED_INFO.csv
	Found new data, saved to dataframe.
	No removed data, saved to dataframe.
data/CALENDAR_DATES.csv
	Found new data, saved to dataframe.
	No removed data, saved to dataframe.
data/STOPS.csv
	Found new data, saved to dataframe.
	No removed data, saved to dataframe.
data/FREQUENCIES.csv
	Found new data, saved to dataframe.
	No removed data, saved to dataframe.
data/TRIPS.csv
	Found new data, saved to dataframe.
	No removed data, saved to dataframe.
data/STOP_TIMES.csv
	Found new data, saved to dataframe.
	No removed data, saved to dataframe.
Finished calculating diff in 27.60s.
Saved snapshot to .aux/snapshot.pkl
Materializing graph...
Updating mappings... OK
Running mapping engine on the new data...
INFO | 2023-07-04 05:42:00,739 | Number of triples generated in total: 19797650.
INFO | 2023-07-04 05:56:55,059 | 86 mapping rules retrieved.
INFO | 2023-07-04 05:56:55,087 | Mapping partition with 1 groups generated.
INFO | 2023-07-04 05:56:55,088 | Maximum number of rules within mapping group: 86.
INFO | 2023-07-04 05:56:55,088 | Mappings processed in 1.612 seconds.
No removed data detected in the data source, no need to run the mapping engine.
Materialization complete in 1066.35s
Loaded new graph in 1101.08s
Updating data source...
	Adding data to data/AGENCY.csv... OK
	Adding data to data/FEED_INFO.csv... OK
Finished updating data source.
Updating graph...
data/AGENCY.csv
	Found new data, saved to dataframe.
	No removed data, saved to dataframe.
data/CALENDAR.csv
	No new data, saved to dataframe.
	No removed data, saved to dataframe.
data/SHAPES.csv
	No new data, saved to dataframe.
	No removed data, saved to dataframe.
data/ROUTES.csv
	No new data, saved to dataframe.
	No removed data, saved to dataframe.
data/FEED_INFO.csv
	Found new data, saved to dataframe.
	No removed data, saved to dataframe.
data/CALENDAR_DATES.csv
	No new data, saved to dataframe.
	No removed data, saved to dataframe.
data/STOPS.csv
	No new data, saved to dataframe.
	No removed data, saved to dataframe.
data/FREQUENCIES.csv
	No new data, saved to dataframe.
	No removed data, saved to dataframe.
data/TRIPS.csv
	No new data, saved to dataframe.
	No removed data, saved to dataframe.
data/STOP_TIMES.csv
	No new data, saved to dataframe.
	No removed data, saved to dataframe.
Finished calculating diff in 13.52s.
Saved snapshot to .aux/snapshot.pkl
Materializing graph...
Updating mappings... OK
Running mapping engine on the new data...
INFO | 2023-07-04 05:57:09,923 | Number of triples generated in total: 14.
INFO | 2023-07-04 05:57:31,895 | 86 mapping rules retrieved.
INFO | 2023-07-04 05:57:31,922 | Mapping partition with 1 groups generated.
INFO | 2023-07-04 05:57:31,923 | Maximum number of rules within mapping group: 86.
INFO | 2023-07-04 05:57:31,923 | Mappings processed in 1.604 seconds.
No removed data detected in the data source, no need to run the mapping engine.
Materialization complete in 16.50s
Constructing new graph... OK (0.00s)
Finished updating graph in 36.76s.
Updating data source...
	Adding data to data/AGENCY.csv... OK
	Removing data from data/AGENCY.csv... OK
Finished updating data source.
Updating graph...
data/AGENCY.csv
	Found new data, saved to dataframe.
	Found removed data, saved to dataframe.
data/CALENDAR.csv
	No new data, saved to dataframe.
	No removed data, saved to dataframe.
data/SHAPES.csv
	No new data, saved to dataframe.
	No removed data, saved to dataframe.
data/ROUTES.csv
	No new data, saved to dataframe.
	No removed data, saved to dataframe.
data/FEED_INFO.csv
	No new data, saved to dataframe.
	No removed data, saved to dataframe.
data/CALENDAR_DATES.csv
	No new data, saved to dataframe.
	No removed data, saved to dataframe.
data/STOPS.csv
	No new data, saved to dataframe.
	No removed data, saved to dataframe.
data/FREQUENCIES.csv
	No new data, saved to dataframe.
	No removed data, saved to dataframe.
data/TRIPS.csv
	No new data, saved to dataframe.
	No removed data, saved to dataframe.
data/STOP_TIMES.csv
	No new data, saved to dataframe.
	No removed data, saved to dataframe.
Finished calculating diff in 14.02s.
Saved snapshot to .aux/snapshot.pkl
Materializing graph...
Updating mappings... OK
Running mapping engine on the new data...
INFO | 2023-07-04 05:57:45,973 | Number of triples generated in total: 7.
INFO | 2023-07-04 05:57:47,608 | 86 mapping rules retrieved.
INFO | 2023-07-04 05:57:47,635 | Mapping partition with 1 groups generated.
INFO | 2023-07-04 05:57:47,636 | Maximum number of rules within mapping group: 86.
INFO | 2023-07-04 05:57:47,636 | Mappings processed in 1.602 seconds.
Updating mappings... OK
INFO | 2023-07-04 05:58:01,485 | Number of triples generated in total: 7.
Materialization complete in 31.23s
Constructing new graph... OK (0.00s)
Finished updating graph in 51.55s.
Restoring data sources...
	Restoring data/AGENCY.csv... OK
	Restoring data/FEED_INFO.csv... OK
Restored data sources.
Deleting .aux/snapshot.pkl... OK

------------------------------------------------------
Finished running test in 1189.43s.
Summary:
	Created new version in 1101.08s (19797650 triples)
	Updated in 36.76s (19797664 triples)
	Updated in 51.55s (19797664 triples)
######################### 3 #########################
INFO | 2023-07-04 06:00:43,236 | 86 mapping rules retrieved.
INFO | 2023-07-04 06:00:43,266 | Mapping partition with 1 groups generated.
INFO | 2023-07-04 06:00:43,267 | Maximum number of rules within mapping group: 86.
INFO | 2023-07-04 06:00:43,267 | Mappings processed in 1.734 seconds.
Running test test-morph-memory
Loading new graph...
data/TRIPS.csv
	Found new data, saved to dataframe.
	No removed data, saved to dataframe.
data/STOP_TIMES.csv
	Found new data, saved to dataframe.
	No removed data, saved to dataframe.
data/ROUTES.csv
	Found new data, saved to dataframe.
	No removed data, saved to dataframe.
data/CALENDAR.csv
	Found new data, saved to dataframe.
	No removed data, saved to dataframe.
data/FREQUENCIES.csv
	Found new data, saved to dataframe.
	No removed data, saved to dataframe.
data/AGENCY.csv
	Found new data, saved to dataframe.
	No removed data, saved to dataframe.
data/CALENDAR_DATES.csv
	Found new data, saved to dataframe.
	No removed data, saved to dataframe.
data/SHAPES.csv
	Found new data, saved to dataframe.
	No removed data, saved to dataframe.
data/FEED_INFO.csv
	Found new data, saved to dataframe.
	No removed data, saved to dataframe.
data/STOPS.csv
	Found new data, saved to dataframe.
	No removed data, saved to dataframe.
Finished calculating diff in 27.87s.
Saved snapshot to .aux/snapshot.pkl
Materializing graph...
Updating mappings... OK
Running mapping engine on the new data...
INFO | 2023-07-04 06:03:52,639 | Number of triples generated in total: 19797650.
INFO | 2023-07-04 06:18:52,496 | 86 mapping rules retrieved.
INFO | 2023-07-04 06:18:52,524 | Mapping partition with 1 groups generated.
INFO | 2023-07-04 06:18:52,525 | Maximum number of rules within mapping group: 86.
INFO | 2023-07-04 06:18:52,525 | Mappings processed in 1.611 seconds.
No removed data detected in the data source, no need to run the mapping engine.
Materialization complete in 1067.84s
Loaded new graph in 1102.90s
Updating data source...
	Adding data to data/AGENCY.csv... OK
	Adding data to data/FEED_INFO.csv... OK
Finished updating data source.
Updating graph...
data/TRIPS.csv
	No new data, saved to dataframe.
	No removed data, saved to dataframe.
data/STOP_TIMES.csv
	No new data, saved to dataframe.
	No removed data, saved to dataframe.
data/ROUTES.csv
	No new data, saved to dataframe.
	No removed data, saved to dataframe.
data/CALENDAR.csv
	No new data, saved to dataframe.
	No removed data, saved to dataframe.
data/FREQUENCIES.csv
	No new data, saved to dataframe.
	No removed data, saved to dataframe.
data/AGENCY.csv
	Found new data, saved to dataframe.
	No removed data, saved to dataframe.
data/CALENDAR_DATES.csv
	No new data, saved to dataframe.
	No removed data, saved to dataframe.
data/SHAPES.csv
	No new data, saved to dataframe.
	No removed data, saved to dataframe.
data/FEED_INFO.csv
	Found new data, saved to dataframe.
	No removed data, saved to dataframe.
data/STOPS.csv
	No new data, saved to dataframe.
	No removed data, saved to dataframe.
Finished calculating diff in 14.05s.
Saved snapshot to .aux/snapshot.pkl
Materializing graph...
Updating mappings... OK
Running mapping engine on the new data...
INFO | 2023-07-04 06:19:07,107 | Number of triples generated in total: 14.
INFO | 2023-07-04 06:19:28,964 | 86 mapping rules retrieved.
INFO | 2023-07-04 06:19:28,992 | Mapping partition with 1 groups generated.
INFO | 2023-07-04 06:19:28,993 | Maximum number of rules within mapping group: 86.
INFO | 2023-07-04 06:19:28,993 | Mappings processed in 1.601 seconds.
No removed data detected in the data source, no need to run the mapping engine.
Materialization complete in 16.24s
Constructing new graph... OK (0.00s)
Finished updating graph in 37.21s.
Updating data source...
	Adding data to data/AGENCY.csv... OK
	Removing data from data/AGENCY.csv... OK
Finished updating data source.
Updating graph...
data/TRIPS.csv
	No new data, saved to dataframe.
	No removed data, saved to dataframe.
data/STOP_TIMES.csv
	No new data, saved to dataframe.
	No removed data, saved to dataframe.
data/ROUTES.csv
	No new data, saved to dataframe.
	No removed data, saved to dataframe.
data/CALENDAR.csv
	No new data, saved to dataframe.
	No removed data, saved to dataframe.
data/FREQUENCIES.csv
	No new data, saved to dataframe.
	No removed data, saved to dataframe.
data/AGENCY.csv
	Found new data, saved to dataframe.
	Found removed data, saved to dataframe.
data/CALENDAR_DATES.csv
	No new data, saved to dataframe.
	No removed data, saved to dataframe.
data/SHAPES.csv
	No new data, saved to dataframe.
	No removed data, saved to dataframe.
data/FEED_INFO.csv
	No new data, saved to dataframe.
	No removed data, saved to dataframe.
data/STOPS.csv
	No new data, saved to dataframe.
	No removed data, saved to dataframe.
Finished calculating diff in 13.82s.
Saved snapshot to .aux/snapshot.pkl
Materializing graph...
Updating mappings... OK
Running mapping engine on the new data...
INFO | 2023-07-04 06:19:42,827 | Number of triples generated in total: 7.
INFO | 2023-07-04 06:19:44,460 | 86 mapping rules retrieved.
INFO | 2023-07-04 06:19:44,492 | Mapping partition with 1 groups generated.
INFO | 2023-07-04 06:19:44,493 | Maximum number of rules within mapping group: 86.
INFO | 2023-07-04 06:19:44,493 | Mappings processed in 1.602 seconds.
Updating mappings... OK
INFO | 2023-07-04 06:19:58,225 | Number of triples generated in total: 7.
Materialization complete in 30.89s
Constructing new graph... OK (0.00s)
Finished updating graph in 51.11s.
Restoring data sources...
	Restoring data/AGENCY.csv... OK
	Restoring data/FEED_INFO.csv... OK
Restored data sources.
Deleting .aux/snapshot.pkl... OK

------------------------------------------------------
Finished running test in 1191.27s.
Summary:
	Created new version in 1102.90s (19797650 triples)
	Updated in 37.21s (19797664 triples)
	Updated in 51.11s (19797664 triples)
######################### 4 #########################
INFO | 2023-07-04 06:22:35,926 | 86 mapping rules retrieved.
INFO | 2023-07-04 06:22:35,954 | Mapping partition with 1 groups generated.
INFO | 2023-07-04 06:22:35,955 | Maximum number of rules within mapping group: 86.
INFO | 2023-07-04 06:22:35,955 | Mappings processed in 1.645 seconds.
Running test test-morph-memory
Loading new graph...
data/SHAPES.csv
	Found new data, saved to dataframe.
	No removed data, saved to dataframe.
data/ROUTES.csv
	Found new data, saved to dataframe.
	No removed data, saved to dataframe.
data/CALENDAR.csv
	Found new data, saved to dataframe.
	No removed data, saved to dataframe.
data/FEED_INFO.csv
	Found new data, saved to dataframe.
	No removed data, saved to dataframe.
data/AGENCY.csv
	Found new data, saved to dataframe.
	No removed data, saved to dataframe.
data/FREQUENCIES.csv
	Found new data, saved to dataframe.
	No removed data, saved to dataframe.
data/CALENDAR_DATES.csv
	Found new data, saved to dataframe.
	No removed data, saved to dataframe.
data/STOP_TIMES.csv
	Found new data, saved to dataframe.
	No removed data, saved to dataframe.
data/STOPS.csv
	Found new data, saved to dataframe.
	No removed data, saved to dataframe.
data/TRIPS.csv
	Found new data, saved to dataframe.
	No removed data, saved to dataframe.
Finished calculating diff in 22.20s.
Saved snapshot to .aux/snapshot.pkl
Materializing graph...
Updating mappings... OK
Running mapping engine on the new data...
INFO | 2023-07-04 06:26:00,726 | Number of triples generated in total: 19797650.
INFO | 2023-07-04 06:40:50,689 | 86 mapping rules retrieved.
INFO | 2023-07-04 06:40:50,716 | Mapping partition with 1 groups generated.
INFO | 2023-07-04 06:40:50,717 | Maximum number of rules within mapping group: 86.
INFO | 2023-07-04 06:40:50,717 | Mappings processed in 1.603 seconds.
No removed data detected in the data source, no need to run the mapping engine.
Materialization complete in 1073.33s
Loaded new graph in 1101.05s
Updating data source...
	Adding data to data/AGENCY.csv... OK
	Adding data to data/FEED_INFO.csv... OK
Finished updating data source.
Updating graph...
data/SHAPES.csv
	No new data, saved to dataframe.
	No removed data, saved to dataframe.
data/ROUTES.csv
	No new data, saved to dataframe.
	No removed data, saved to dataframe.
data/CALENDAR.csv
	No new data, saved to dataframe.
	No removed data, saved to dataframe.
data/FEED_INFO.csv
	Found new data, saved to dataframe.
	No removed data, saved to dataframe.
data/AGENCY.csv
	Found new data, saved to dataframe.
	No removed data, saved to dataframe.
data/FREQUENCIES.csv
	No new data, saved to dataframe.
	No removed data, saved to dataframe.
data/CALENDAR_DATES.csv
	No new data, saved to dataframe.
	No removed data, saved to dataframe.
data/STOP_TIMES.csv
	No new data, saved to dataframe.
	No removed data, saved to dataframe.
data/STOPS.csv
	No new data, saved to dataframe.
	No removed data, saved to dataframe.
data/TRIPS.csv
	No new data, saved to dataframe.
	No removed data, saved to dataframe.
Finished calculating diff in 14.09s.
Saved snapshot to .aux/snapshot.pkl
Materializing graph...
Updating mappings... OK
Running mapping engine on the new data...
INFO | 2023-07-04 06:41:05,387 | Number of triples generated in total: 14.
INFO | 2023-07-04 06:41:27,256 | 86 mapping rules retrieved.
INFO | 2023-07-04 06:41:27,284 | Mapping partition with 1 groups generated.
INFO | 2023-07-04 06:41:27,284 | Maximum number of rules within mapping group: 86.
INFO | 2023-07-04 06:41:27,284 | Mappings processed in 1.597 seconds.
No removed data detected in the data source, no need to run the mapping engine.
Materialization complete in 16.32s
Constructing new graph... OK (0.00s)
Finished updating graph in 37.26s.
Updating data source...
	Adding data to data/AGENCY.csv... OK
	Removing data from data/AGENCY.csv... OK
Finished updating data source.
Updating graph...
data/SHAPES.csv
	No new data, saved to dataframe.
	No removed data, saved to dataframe.
data/ROUTES.csv
	No new data, saved to dataframe.
	No removed data, saved to dataframe.
data/CALENDAR.csv
	No new data, saved to dataframe.
	No removed data, saved to dataframe.
data/FEED_INFO.csv
	No new data, saved to dataframe.
	No removed data, saved to dataframe.
data/AGENCY.csv
	Found new data, saved to dataframe.
	Found removed data, saved to dataframe.
data/FREQUENCIES.csv
	No new data, saved to dataframe.
	No removed data, saved to dataframe.
data/CALENDAR_DATES.csv
	No new data, saved to dataframe.
	No removed data, saved to dataframe.
data/STOP_TIMES.csv
	No new data, saved to dataframe.
	No removed data, saved to dataframe.
data/STOPS.csv
	No new data, saved to dataframe.
	No removed data, saved to dataframe.
data/TRIPS.csv
	No new data, saved to dataframe.
	No removed data, saved to dataframe.
Finished calculating diff in 13.86s.
Saved snapshot to .aux/snapshot.pkl
Materializing graph...
Updating mappings... OK
Running mapping engine on the new data...
INFO | 2023-07-04 06:41:41,207 | Number of triples generated in total: 7.
INFO | 2023-07-04 06:41:42,847 | 86 mapping rules retrieved.
INFO | 2023-07-04 06:41:42,874 | Mapping partition with 1 groups generated.
INFO | 2023-07-04 06:41:42,875 | Maximum number of rules within mapping group: 86.
INFO | 2023-07-04 06:41:42,875 | Mappings processed in 1.602 seconds.
Updating mappings... OK
INFO | 2023-07-04 06:41:56,760 | Number of triples generated in total: 7.
Materialization complete in 31.12s
Constructing new graph... OK (0.00s)
Finished updating graph in 51.36s.
Restoring data sources...
	Restoring data/AGENCY.csv... OK
	Restoring data/FEED_INFO.csv... OK
Restored data sources.
Deleting .aux/snapshot.pkl... OK

------------------------------------------------------
Finished running test in 1189.71s.
Summary:
	Created new version in 1101.05s (19797650 triples)
	Updated in 37.26s (19797664 triples)
	Updated in 51.36s (19797664 triples)
######################### 5 #########################
INFO | 2023-07-04 06:44:37,601 | 86 mapping rules retrieved.
INFO | 2023-07-04 06:44:37,630 | Mapping partition with 1 groups generated.
INFO | 2023-07-04 06:44:37,631 | Maximum number of rules within mapping group: 86.
INFO | 2023-07-04 06:44:37,631 | Mappings processed in 1.672 seconds.
Running test test-morph-memory
Loading new graph...
data/ROUTES.csv
	Found new data, saved to dataframe.
	No removed data, saved to dataframe.
data/CALENDAR.csv
	Found new data, saved to dataframe.
	No removed data, saved to dataframe.
data/AGENCY.csv
	Found new data, saved to dataframe.
	No removed data, saved to dataframe.
data/SHAPES.csv
	Found new data, saved to dataframe.
	No removed data, saved to dataframe.
data/STOPS.csv
	Found new data, saved to dataframe.
	No removed data, saved to dataframe.
data/FREQUENCIES.csv
	Found new data, saved to dataframe.
	No removed data, saved to dataframe.
data/FEED_INFO.csv
	Found new data, saved to dataframe.
	No removed data, saved to dataframe.
data/TRIPS.csv
	Found new data, saved to dataframe.
	No removed data, saved to dataframe.
data/STOP_TIMES.csv
	Found new data, saved to dataframe.
	No removed data, saved to dataframe.
data/CALENDAR_DATES.csv
	Found new data, saved to dataframe.
	No removed data, saved to dataframe.
Finished calculating diff in 27.59s.
Saved snapshot to .aux/snapshot.pkl
Materializing graph...
Updating mappings... OK
Running mapping engine on the new data...
INFO | 2023-07-04 06:47:48,534 | Number of triples generated in total: 19797650.
INFO | 2023-07-04 07:02:48,430 | 86 mapping rules retrieved.
INFO | 2023-07-04 07:02:48,458 | Mapping partition with 1 groups generated.
INFO | 2023-07-04 07:02:48,458 | Maximum number of rules within mapping group: 86.
INFO | 2023-07-04 07:02:48,459 | Mappings processed in 1.612 seconds.
No removed data detected in the data source, no need to run the mapping engine.
Materialization complete in 1069.50s
Loaded new graph in 1104.17s
Updating data source...
	Adding data to data/AGENCY.csv... OK
	Adding data to data/FEED_INFO.csv... OK
Finished updating data source.
Updating graph...
data/ROUTES.csv
	No new data, saved to dataframe.
	No removed data, saved to dataframe.
data/CALENDAR.csv
	No new data, saved to dataframe.
	No removed data, saved to dataframe.
data/AGENCY.csv
	Found new data, saved to dataframe.
	No removed data, saved to dataframe.
data/SHAPES.csv
	No new data, saved to dataframe.
	No removed data, saved to dataframe.
data/STOPS.csv
	No new data, saved to dataframe.
	No removed data, saved to dataframe.
data/FREQUENCIES.csv
	No new data, saved to dataframe.
	No removed data, saved to dataframe.
data/FEED_INFO.csv
	Found new data, saved to dataframe.
	No removed data, saved to dataframe.
data/TRIPS.csv
	No new data, saved to dataframe.
	No removed data, saved to dataframe.
data/STOP_TIMES.csv
	No new data, saved to dataframe.
	No removed data, saved to dataframe.
data/CALENDAR_DATES.csv
	No new data, saved to dataframe.
	No removed data, saved to dataframe.
Finished calculating diff in 13.97s.
Saved snapshot to .aux/snapshot.pkl
Materializing graph...
Updating mappings... OK
Running mapping engine on the new data...
INFO | 2023-07-04 07:03:03,145 | Number of triples generated in total: 14.
INFO | 2023-07-04 07:03:25,417 | 86 mapping rules retrieved.
INFO | 2023-07-04 07:03:25,445 | Mapping partition with 1 groups generated.
INFO | 2023-07-04 07:03:25,446 | Maximum number of rules within mapping group: 86.
INFO | 2023-07-04 07:03:25,446 | Mappings processed in 1.611 seconds.
No removed data detected in the data source, no need to run the mapping engine.
Materialization complete in 16.35s
Constructing new graph... OK (0.00s)
Finished updating graph in 37.19s.
Updating data source...
	Adding data to data/AGENCY.csv... OK
	Removing data from data/AGENCY.csv... OK
Finished updating data source.
Updating graph...
data/ROUTES.csv
	No new data, saved to dataframe.
	No removed data, saved to dataframe.
data/CALENDAR.csv
	No new data, saved to dataframe.
	No removed data, saved to dataframe.
data/AGENCY.csv
	Found new data, saved to dataframe.
	Found removed data, saved to dataframe.
data/SHAPES.csv
	No new data, saved to dataframe.
	No removed data, saved to dataframe.
data/STOPS.csv
	No new data, saved to dataframe.
	No removed data, saved to dataframe.
data/FREQUENCIES.csv
	No new data, saved to dataframe.
	No removed data, saved to dataframe.
data/FEED_INFO.csv
	No new data, saved to dataframe.
	No removed data, saved to dataframe.
data/TRIPS.csv
	No new data, saved to dataframe.
	No removed data, saved to dataframe.
data/STOP_TIMES.csv
	No new data, saved to dataframe.
	No removed data, saved to dataframe.
data/CALENDAR_DATES.csv
	No new data, saved to dataframe.
	No removed data, saved to dataframe.
Finished calculating diff in 13.92s.
Saved snapshot to .aux/snapshot.pkl
Materializing graph...
Updating mappings... OK
Running mapping engine on the new data...
INFO | 2023-07-04 07:03:39,539 | Number of triples generated in total: 7.
INFO | 2023-07-04 07:03:41,183 | 86 mapping rules retrieved.
INFO | 2023-07-04 07:03:41,211 | Mapping partition with 1 groups generated.
INFO | 2023-07-04 07:03:41,211 | Maximum number of rules within mapping group: 86.
INFO | 2023-07-04 07:03:41,211 | Mappings processed in 1.610 seconds.
Updating mappings... OK
INFO | 2023-07-04 07:03:55,087 | Number of triples generated in total: 7.
Materialization complete in 31.32s
Constructing new graph... OK (0.00s)
Finished updating graph in 51.93s.
Restoring data sources...
	Restoring data/AGENCY.csv... OK
	Restoring data/FEED_INFO.csv... OK
Restored data sources.
Deleting .aux/snapshot.pkl... OK

------------------------------------------------------
Finished running test in 1193.34s.
Summary:
	Created new version in 1104.17s (19797650 triples)
	Updated in 37.19s (19797664 triples)
	Updated in 51.93s (19797664 triples)
