######################### 1 #########################
Running test test-rdfizer
Loading new graph...
data/STOPS.csv
	Found new data, saved to .aux/new_data/data/STOPS.csv.
	No removed data.
data/STOP_TIMES.csv
	Found new data, saved to .aux/new_data/data/STOP_TIMES.csv.
	No removed data.
data/CALENDAR_DATES.csv
	Found new data, saved to .aux/new_data/data/CALENDAR_DATES.csv.
	No removed data.
data/CALENDAR.csv
	Found new data, saved to .aux/new_data/data/CALENDAR.csv.
	No removed data.
data/SHAPES.csv
	Found new data, saved to .aux/new_data/data/SHAPES.csv.
	No removed data.
data/ROUTES.csv
	Found new data, saved to .aux/new_data/data/ROUTES.csv.
	No removed data.
data/FREQUENCIES.csv
	Found new data, saved to .aux/new_data/data/FREQUENCIES.csv.
	No removed data.
data/TRIPS.csv
	Found new data, saved to .aux/new_data/data/TRIPS.csv.
	No removed data.
data/AGENCY.csv
	Found new data, saved to .aux/new_data/data/AGENCY.csv.
	No removed data.
data/FEED_INFO.csv
	Found new data, saved to .aux/new_data/data/FEED_INFO.csv.
	No removed data.
Finished calculating diff in 3.99s.
Saved snapshot to .aux/snapshot.pkl
Materializing graph...
Updating mappings... OK
Running mapping engine on the new data...
Semantifying new_data...
TM: http://mapping.example.com/map_calendar_date_rules_000
TM: http://mapping.example.com/map_services2_000
TM: http://mapping.example.com/map_feed_000
TM: http://mapping.example.com/map_frequencies_000
TM: http://mapping.example.com/map_shapePoints_000
TM: http://mapping.example.com/map_shapes_000
TM: http://mapping.example.com/map_stoptimes_000
TM: http://mapping.example.com/map_agency_000
TM: http://mapping.example.com/map_calendar_rules_000
TM: http://mapping.example.com/map_services1_000
TM: http://mapping.example.com/map_routes_000
TM: http://mapping.example.com/map_stops_000
TM: http://mapping.example.com/map_trips_000
Successfully semantified new_data.


Successfully semantified all datasets in 109.640 seconds.
No removed data detected in the data source, no need to run the mapping engine.
Materialization complete in 247.26s
Loaded new graph in 252.18s
Updating data source...
	Adding data to data/AGENCY.csv... OK
	Adding data to data/FEED_INFO.csv... OK
Finished updating data source.
Updating graph...
data/STOPS.csv
	No new data.
	No removed data.
data/STOP_TIMES.csv
	No new data.
	No removed data.
data/CALENDAR_DATES.csv
	No new data.
	No removed data.
data/CALENDAR.csv
	No new data.
	No removed data.
data/SHAPES.csv
	No new data.
	No removed data.
data/ROUTES.csv
	No new data.
	No removed data.
data/FREQUENCIES.csv
	No new data.
	No removed data.
data/TRIPS.csv
	No new data.
	No removed data.
data/AGENCY.csv
	Found new data, saved to .aux/new_data/data/AGENCY.csv.
	No removed data.
data/FEED_INFO.csv
	Found new data, saved to .aux/new_data/data/FEED_INFO.csv.
	No removed data.
Finished calculating diff in 1.93s.
Saved snapshot to .aux/snapshot.pkl
Materializing graph...
Updating mappings... OK
Running mapping engine on the new data...
Semantifying new_data...
TM: http://mapping.example.com/map_agency_000
TM: http://mapping.example.com/map_feed_000
Successfully semantified new_data.


Successfully semantified all datasets in 0.249 seconds.
No removed data detected in the data source, no need to run the mapping engine.
Materialization complete in 0.26s
Constructing new graph... OK (0.00s)
Finished updating graph in 3.34s.
Updating data source...
	Adding data to data/AGENCY.csv... OK
	Removing data from data/AGENCY.csv... OK
Finished updating data source.
Updating graph...
data/STOPS.csv
	No new data.
	No removed data.
data/STOP_TIMES.csv
	No new data.
	No removed data.
data/CALENDAR_DATES.csv
	No new data.
	No removed data.
data/CALENDAR.csv
	No new data.
	No removed data.
data/SHAPES.csv
	No new data.
	No removed data.
data/ROUTES.csv
	No new data.
	No removed data.
data/FREQUENCIES.csv
	No new data.
	No removed data.
data/TRIPS.csv
	No new data.
	No removed data.
data/AGENCY.csv
	Found new data, saved to .aux/new_data/data/AGENCY.csv.
	Found removed data, saved to .aux/removed_data/data/AGENCY.csv.
data/FEED_INFO.csv
	No new data.
	No removed data.
Finished calculating diff in 1.88s.
Saved snapshot to .aux/snapshot.pkl
Materializing graph...
Updating mappings... OK
Running mapping engine on the new data...
Semantifying new_data...
TM: http://mapping.example.com/map_agency_000
Successfully semantified new_data.


Successfully semantified all datasets in 0.124 seconds.
Updating mappings... OK
Semantifying removed_data...
TM: http://mapping.example.com/map_agency_000
Successfully semantified removed_data.


Successfully semantified all datasets in 0.123 seconds.
Materialization complete in 0.27s
Constructing new graph... OK (0.00s)
Finished updating graph in 3.36s.
Restoring data sources...
	Restoring data/AGENCY.csv... OK
	Restoring data/FEED_INFO.csv... OK
Restored data sources.
Deleting .aux/snapshot.pkl... OK

------------------------------------------------------
Finished running test in 258.89s.
Summary:
	Created new version in 252.18s (3959530 triples)
	Updated in 3.34s (3959544 triples)
	Updated in 3.36s (3959544 triples)
######################### 2 #########################
Running test test-rdfizer
Loading new graph...
data/CALENDAR.csv
	Found new data, saved to .aux/new_data/data/CALENDAR.csv.
	No removed data.
data/AGENCY.csv
	Found new data, saved to .aux/new_data/data/AGENCY.csv.
	No removed data.
data/ROUTES.csv
	Found new data, saved to .aux/new_data/data/ROUTES.csv.
	No removed data.
data/CALENDAR_DATES.csv
	Found new data, saved to .aux/new_data/data/CALENDAR_DATES.csv.
	No removed data.
data/FEED_INFO.csv
	Found new data, saved to .aux/new_data/data/FEED_INFO.csv.
	No removed data.
data/STOP_TIMES.csv
	Found new data, saved to .aux/new_data/data/STOP_TIMES.csv.
	No removed data.
data/FREQUENCIES.csv
	Found new data, saved to .aux/new_data/data/FREQUENCIES.csv.
	No removed data.
data/TRIPS.csv
	Found new data, saved to .aux/new_data/data/TRIPS.csv.
	No removed data.
data/STOPS.csv
	Found new data, saved to .aux/new_data/data/STOPS.csv.
	No removed data.
data/SHAPES.csv
	Found new data, saved to .aux/new_data/data/SHAPES.csv.
	No removed data.
Finished calculating diff in 4.04s.
Saved snapshot to .aux/snapshot.pkl
Materializing graph...
Updating mappings... OK
Running mapping engine on the new data...
Semantifying new_data...
TM: http://mapping.example.com/map_calendar_date_rules_000
TM: http://mapping.example.com/map_services2_000
TM: http://mapping.example.com/map_feed_000
TM: http://mapping.example.com/map_frequencies_000
TM: http://mapping.example.com/map_shapePoints_000
TM: http://mapping.example.com/map_shapes_000
TM: http://mapping.example.com/map_stoptimes_000
TM: http://mapping.example.com/map_agency_000
TM: http://mapping.example.com/map_calendar_rules_000
TM: http://mapping.example.com/map_services1_000
TM: http://mapping.example.com/map_routes_000
TM: http://mapping.example.com/map_stops_000
TM: http://mapping.example.com/map_trips_000
Successfully semantified new_data.


Successfully semantified all datasets in 110.980 seconds.
No removed data detected in the data source, no need to run the mapping engine.
Materialization complete in 249.66s
Loaded new graph in 254.67s
Updating data source...
	Adding data to data/AGENCY.csv... OK
	Adding data to data/FEED_INFO.csv... OK
Finished updating data source.
Updating graph...
data/CALENDAR.csv
	No new data.
	No removed data.
data/AGENCY.csv
	Found new data, saved to .aux/new_data/data/AGENCY.csv.
	No removed data.
data/ROUTES.csv
	No new data.
	No removed data.
data/CALENDAR_DATES.csv
	No new data.
	No removed data.
data/FEED_INFO.csv
	Found new data, saved to .aux/new_data/data/FEED_INFO.csv.
	No removed data.
data/STOP_TIMES.csv
	No new data.
	No removed data.
data/FREQUENCIES.csv
	No new data.
	No removed data.
data/TRIPS.csv
	No new data.
	No removed data.
data/STOPS.csv
	No new data.
	No removed data.
data/SHAPES.csv
	No new data.
	No removed data.
Finished calculating diff in 1.94s.
Saved snapshot to .aux/snapshot.pkl
Materializing graph...
Updating mappings... OK
Running mapping engine on the new data...
Semantifying new_data...
TM: http://mapping.example.com/map_agency_000
TM: http://mapping.example.com/map_feed_000
Successfully semantified new_data.


Successfully semantified all datasets in 0.253 seconds.
No removed data detected in the data source, no need to run the mapping engine.
Materialization complete in 0.26s
Constructing new graph... OK (0.00s)
Finished updating graph in 3.35s.
Updating data source...
	Adding data to data/AGENCY.csv... OK
	Removing data from data/AGENCY.csv... OK
Finished updating data source.
Updating graph...
data/CALENDAR.csv
	No new data.
	No removed data.
data/AGENCY.csv
	Found new data, saved to .aux/new_data/data/AGENCY.csv.
	Found removed data, saved to .aux/removed_data/data/AGENCY.csv.
data/ROUTES.csv
	No new data.
	No removed data.
data/CALENDAR_DATES.csv
	No new data.
	No removed data.
data/FEED_INFO.csv
	No new data.
	No removed data.
data/STOP_TIMES.csv
	No new data.
	No removed data.
data/FREQUENCIES.csv
	No new data.
	No removed data.
data/TRIPS.csv
	No new data.
	No removed data.
data/STOPS.csv
	No new data.
	No removed data.
data/SHAPES.csv
	No new data.
	No removed data.
Finished calculating diff in 1.95s.
Saved snapshot to .aux/snapshot.pkl
Materializing graph...
Updating mappings... OK
Running mapping engine on the new data...
Semantifying new_data...
TM: http://mapping.example.com/map_agency_000
Successfully semantified new_data.


Successfully semantified all datasets in 0.125 seconds.
Updating mappings... OK
Semantifying removed_data...
TM: http://mapping.example.com/map_agency_000
Successfully semantified removed_data.


Successfully semantified all datasets in 0.125 seconds.
Materialization complete in 0.27s
Constructing new graph... OK (0.00s)
Finished updating graph in 3.44s.
Restoring data sources...
	Restoring data/AGENCY.csv... OK
	Restoring data/FEED_INFO.csv... OK
Restored data sources.
Deleting .aux/snapshot.pkl... OK

------------------------------------------------------
Finished running test in 261.48s.
Summary:
	Created new version in 254.67s (3959530 triples)
	Updated in 3.35s (3959544 triples)
	Updated in 3.44s (3959544 triples)
######################### 3 #########################
Running test test-rdfizer
Loading new graph...
data/AGENCY.csv
	Found new data, saved to .aux/new_data/data/AGENCY.csv.
	No removed data.
data/CALENDAR_DATES.csv
	Found new data, saved to .aux/new_data/data/CALENDAR_DATES.csv.
	No removed data.
data/STOPS.csv
	Found new data, saved to .aux/new_data/data/STOPS.csv.
	No removed data.
data/SHAPES.csv
	Found new data, saved to .aux/new_data/data/SHAPES.csv.
	No removed data.
data/STOP_TIMES.csv
	Found new data, saved to .aux/new_data/data/STOP_TIMES.csv.
	No removed data.
data/FREQUENCIES.csv
	Found new data, saved to .aux/new_data/data/FREQUENCIES.csv.
	No removed data.
data/ROUTES.csv
	Found new data, saved to .aux/new_data/data/ROUTES.csv.
	No removed data.
data/FEED_INFO.csv
	Found new data, saved to .aux/new_data/data/FEED_INFO.csv.
	No removed data.
data/CALENDAR.csv
	Found new data, saved to .aux/new_data/data/CALENDAR.csv.
	No removed data.
data/TRIPS.csv
	Found new data, saved to .aux/new_data/data/TRIPS.csv.
	No removed data.
Finished calculating diff in 3.96s.
Saved snapshot to .aux/snapshot.pkl
Materializing graph...
Updating mappings... OK
Running mapping engine on the new data...
Semantifying new_data...
TM: http://mapping.example.com/map_calendar_date_rules_000
TM: http://mapping.example.com/map_services2_000
TM: http://mapping.example.com/map_feed_000
TM: http://mapping.example.com/map_frequencies_000
TM: http://mapping.example.com/map_shapePoints_000
TM: http://mapping.example.com/map_shapes_000
TM: http://mapping.example.com/map_stoptimes_000
TM: http://mapping.example.com/map_agency_000
TM: http://mapping.example.com/map_calendar_rules_000
TM: http://mapping.example.com/map_services1_000
TM: http://mapping.example.com/map_routes_000
TM: http://mapping.example.com/map_stops_000
TM: http://mapping.example.com/map_trips_000
Successfully semantified new_data.


Successfully semantified all datasets in 109.022 seconds.
No removed data detected in the data source, no need to run the mapping engine.
Materialization complete in 246.03s
Loaded new graph in 250.94s
Updating data source...
	Adding data to data/AGENCY.csv... OK
	Adding data to data/FEED_INFO.csv... OK
Finished updating data source.
Updating graph...
data/AGENCY.csv
	Found new data, saved to .aux/new_data/data/AGENCY.csv.
	No removed data.
data/CALENDAR_DATES.csv
	No new data.
	No removed data.
data/STOPS.csv
	No new data.
	No removed data.
data/SHAPES.csv
	No new data.
	No removed data.
data/STOP_TIMES.csv
	No new data.
	No removed data.
data/FREQUENCIES.csv
	No new data.
	No removed data.
data/ROUTES.csv
	No new data.
	No removed data.
data/FEED_INFO.csv
	Found new data, saved to .aux/new_data/data/FEED_INFO.csv.
	No removed data.
data/CALENDAR.csv
	No new data.
	No removed data.
data/TRIPS.csv
	No new data.
	No removed data.
Finished calculating diff in 1.96s.
Saved snapshot to .aux/snapshot.pkl
Materializing graph...
Updating mappings... OK
Running mapping engine on the new data...
Semantifying new_data...
TM: http://mapping.example.com/map_agency_000
TM: http://mapping.example.com/map_feed_000
Successfully semantified new_data.


Successfully semantified all datasets in 0.251 seconds.
No removed data detected in the data source, no need to run the mapping engine.
Materialization complete in 0.26s
Constructing new graph... OK (0.00s)
Finished updating graph in 3.37s.
Updating data source...
	Adding data to data/AGENCY.csv... OK
	Removing data from data/AGENCY.csv... OK
Finished updating data source.
Updating graph...
data/AGENCY.csv
	Found new data, saved to .aux/new_data/data/AGENCY.csv.
	Found removed data, saved to .aux/removed_data/data/AGENCY.csv.
data/CALENDAR_DATES.csv
	No new data.
	No removed data.
data/STOPS.csv
	No new data.
	No removed data.
data/SHAPES.csv
	No new data.
	No removed data.
data/STOP_TIMES.csv
	No new data.
	No removed data.
data/FREQUENCIES.csv
	No new data.
	No removed data.
data/ROUTES.csv
	No new data.
	No removed data.
data/FEED_INFO.csv
	No new data.
	No removed data.
data/CALENDAR.csv
	No new data.
	No removed data.
data/TRIPS.csv
	No new data.
	No removed data.
Finished calculating diff in 1.93s.
Saved snapshot to .aux/snapshot.pkl
Materializing graph...
Updating mappings... OK
Running mapping engine on the new data...
Semantifying new_data...
TM: http://mapping.example.com/map_agency_000
Successfully semantified new_data.


Successfully semantified all datasets in 0.126 seconds.
Updating mappings... OK
Semantifying removed_data...
TM: http://mapping.example.com/map_agency_000
Successfully semantified removed_data.


Successfully semantified all datasets in 0.124 seconds.
Materialization complete in 0.27s
Constructing new graph... OK (0.00s)
Finished updating graph in 3.41s.
Restoring data sources...
	Restoring data/AGENCY.csv... OK
	Restoring data/FEED_INFO.csv... OK
Restored data sources.
Deleting .aux/snapshot.pkl... OK

------------------------------------------------------
Finished running test in 257.73s.
Summary:
	Created new version in 250.94s (3959530 triples)
	Updated in 3.37s (3959544 triples)
	Updated in 3.41s (3959544 triples)
######################### 4 #########################
Running test test-rdfizer
Loading new graph...
data/CALENDAR_DATES.csv
	Found new data, saved to .aux/new_data/data/CALENDAR_DATES.csv.
	No removed data.
data/ROUTES.csv
	Found new data, saved to .aux/new_data/data/ROUTES.csv.
	No removed data.
data/CALENDAR.csv
	Found new data, saved to .aux/new_data/data/CALENDAR.csv.
	No removed data.
data/TRIPS.csv
	Found new data, saved to .aux/new_data/data/TRIPS.csv.
	No removed data.
data/FEED_INFO.csv
	Found new data, saved to .aux/new_data/data/FEED_INFO.csv.
	No removed data.
data/SHAPES.csv
	Found new data, saved to .aux/new_data/data/SHAPES.csv.
	No removed data.
data/AGENCY.csv
	Found new data, saved to .aux/new_data/data/AGENCY.csv.
	No removed data.
data/STOP_TIMES.csv
	Found new data, saved to .aux/new_data/data/STOP_TIMES.csv.
	No removed data.
data/STOPS.csv
	Found new data, saved to .aux/new_data/data/STOPS.csv.
	No removed data.
data/FREQUENCIES.csv
	Found new data, saved to .aux/new_data/data/FREQUENCIES.csv.
	No removed data.
Finished calculating diff in 4.02s.
Saved snapshot to .aux/snapshot.pkl
Materializing graph...
Updating mappings... OK
Running mapping engine on the new data...
Semantifying new_data...
TM: http://mapping.example.com/map_calendar_date_rules_000
TM: http://mapping.example.com/map_services2_000
TM: http://mapping.example.com/map_feed_000
TM: http://mapping.example.com/map_frequencies_000
TM: http://mapping.example.com/map_shapePoints_000
TM: http://mapping.example.com/map_shapes_000
TM: http://mapping.example.com/map_stoptimes_000
TM: http://mapping.example.com/map_agency_000
TM: http://mapping.example.com/map_calendar_rules_000
TM: http://mapping.example.com/map_services1_000
TM: http://mapping.example.com/map_routes_000
TM: http://mapping.example.com/map_stops_000
TM: http://mapping.example.com/map_trips_000
Successfully semantified new_data.


Successfully semantified all datasets in 110.108 seconds.
No removed data detected in the data source, no need to run the mapping engine.
Materialization complete in 247.66s
Loaded new graph in 252.62s
Updating data source...
	Adding data to data/AGENCY.csv... OK
	Adding data to data/FEED_INFO.csv... OK
Finished updating data source.
Updating graph...
data/CALENDAR_DATES.csv
	No new data.
	No removed data.
data/ROUTES.csv
	No new data.
	No removed data.
data/CALENDAR.csv
	No new data.
	No removed data.
data/TRIPS.csv
	No new data.
	No removed data.
data/FEED_INFO.csv
	Found new data, saved to .aux/new_data/data/FEED_INFO.csv.
	No removed data.
data/SHAPES.csv
	No new data.
	No removed data.
data/AGENCY.csv
	Found new data, saved to .aux/new_data/data/AGENCY.csv.
	No removed data.
data/STOP_TIMES.csv
	No new data.
	No removed data.
data/STOPS.csv
	No new data.
	No removed data.
data/FREQUENCIES.csv
	No new data.
	No removed data.
Finished calculating diff in 1.98s.
Saved snapshot to .aux/snapshot.pkl
Materializing graph...
Updating mappings... OK
Running mapping engine on the new data...
Semantifying new_data...
TM: http://mapping.example.com/map_agency_000
TM: http://mapping.example.com/map_feed_000
Successfully semantified new_data.


Successfully semantified all datasets in 0.248 seconds.
No removed data detected in the data source, no need to run the mapping engine.
Materialization complete in 0.26s
Constructing new graph... OK (0.00s)
Finished updating graph in 3.39s.
Updating data source...
	Adding data to data/AGENCY.csv... OK
	Removing data from data/AGENCY.csv... OK
Finished updating data source.
Updating graph...
data/CALENDAR_DATES.csv
	No new data.
	No removed data.
data/ROUTES.csv
	No new data.
	No removed data.
data/CALENDAR.csv
	No new data.
	No removed data.
data/TRIPS.csv
	No new data.
	No removed data.
data/FEED_INFO.csv
	No new data.
	No removed data.
data/SHAPES.csv
	No new data.
	No removed data.
data/AGENCY.csv
	Found new data, saved to .aux/new_data/data/AGENCY.csv.
	Found removed data, saved to .aux/removed_data/data/AGENCY.csv.
data/STOP_TIMES.csv
	No new data.
	No removed data.
data/STOPS.csv
	No new data.
	No removed data.
data/FREQUENCIES.csv
	No new data.
	No removed data.
Finished calculating diff in 1.94s.
Saved snapshot to .aux/snapshot.pkl
Materializing graph...
Updating mappings... OK
Running mapping engine on the new data...
Semantifying new_data...
TM: http://mapping.example.com/map_agency_000
Successfully semantified new_data.


Successfully semantified all datasets in 0.123 seconds.
Updating mappings... OK
Semantifying removed_data...
TM: http://mapping.example.com/map_agency_000
Successfully semantified removed_data.


Successfully semantified all datasets in 0.121 seconds.
Materialization complete in 0.26s
Constructing new graph... OK (0.00s)
Finished updating graph in 3.42s.
Restoring data sources...
	Restoring data/AGENCY.csv... OK
	Restoring data/FEED_INFO.csv... OK
Restored data sources.
Deleting .aux/snapshot.pkl... OK

------------------------------------------------------
Finished running test in 259.45s.
Summary:
	Created new version in 252.62s (3959530 triples)
	Updated in 3.39s (3959544 triples)
	Updated in 3.42s (3959544 triples)
######################### 5 #########################
Running test test-rdfizer
Loading new graph...
data/STOPS.csv
	Found new data, saved to .aux/new_data/data/STOPS.csv.
	No removed data.
data/AGENCY.csv
	Found new data, saved to .aux/new_data/data/AGENCY.csv.
	No removed data.
data/TRIPS.csv
	Found new data, saved to .aux/new_data/data/TRIPS.csv.
	No removed data.
data/ROUTES.csv
	Found new data, saved to .aux/new_data/data/ROUTES.csv.
	No removed data.
data/FREQUENCIES.csv
	Found new data, saved to .aux/new_data/data/FREQUENCIES.csv.
	No removed data.
data/STOP_TIMES.csv
	Found new data, saved to .aux/new_data/data/STOP_TIMES.csv.
	No removed data.
data/SHAPES.csv
	Found new data, saved to .aux/new_data/data/SHAPES.csv.
	No removed data.
data/CALENDAR.csv
	Found new data, saved to .aux/new_data/data/CALENDAR.csv.
	No removed data.
data/CALENDAR_DATES.csv
	Found new data, saved to .aux/new_data/data/CALENDAR_DATES.csv.
	No removed data.
data/FEED_INFO.csv
	Found new data, saved to .aux/new_data/data/FEED_INFO.csv.
	No removed data.
Finished calculating diff in 3.98s.
Saved snapshot to .aux/snapshot.pkl
Materializing graph...
Updating mappings... OK
Running mapping engine on the new data...
Semantifying new_data...
TM: http://mapping.example.com/map_calendar_date_rules_000
TM: http://mapping.example.com/map_services2_000
TM: http://mapping.example.com/map_feed_000
TM: http://mapping.example.com/map_frequencies_000
TM: http://mapping.example.com/map_shapePoints_000
TM: http://mapping.example.com/map_shapes_000
TM: http://mapping.example.com/map_stoptimes_000
TM: http://mapping.example.com/map_agency_000
TM: http://mapping.example.com/map_calendar_rules_000
TM: http://mapping.example.com/map_services1_000
TM: http://mapping.example.com/map_routes_000
TM: http://mapping.example.com/map_stops_000
TM: http://mapping.example.com/map_trips_000
Successfully semantified new_data.


Successfully semantified all datasets in 110.061 seconds.
No removed data detected in the data source, no need to run the mapping engine.
Materialization complete in 246.93s
Loaded new graph in 251.86s
Updating data source...
	Adding data to data/AGENCY.csv... OK
	Adding data to data/FEED_INFO.csv... OK
Finished updating data source.
Updating graph...
data/STOPS.csv
	No new data.
	No removed data.
data/AGENCY.csv
	Found new data, saved to .aux/new_data/data/AGENCY.csv.
	No removed data.
data/TRIPS.csv
	No new data.
	No removed data.
data/ROUTES.csv
	No new data.
	No removed data.
data/FREQUENCIES.csv
	No new data.
	No removed data.
data/STOP_TIMES.csv
	No new data.
	No removed data.
data/SHAPES.csv
	No new data.
	No removed data.
data/CALENDAR.csv
	No new data.
	No removed data.
data/CALENDAR_DATES.csv
	No new data.
	No removed data.
data/FEED_INFO.csv
	Found new data, saved to .aux/new_data/data/FEED_INFO.csv.
	No removed data.
Finished calculating diff in 1.93s.
Saved snapshot to .aux/snapshot.pkl
Materializing graph...
Updating mappings... OK
Running mapping engine on the new data...
Semantifying new_data...
TM: http://mapping.example.com/map_agency_000
TM: http://mapping.example.com/map_feed_000
Successfully semantified new_data.


Successfully semantified all datasets in 0.250 seconds.
No removed data detected in the data source, no need to run the mapping engine.
Materialization complete in 0.26s
Constructing new graph... OK (0.00s)
Finished updating graph in 3.33s.
Updating data source...
	Adding data to data/AGENCY.csv... OK
	Removing data from data/AGENCY.csv... OK
Finished updating data source.
Updating graph...
data/STOPS.csv
	No new data.
	No removed data.
data/AGENCY.csv
	Found new data, saved to .aux/new_data/data/AGENCY.csv.
	Found removed data, saved to .aux/removed_data/data/AGENCY.csv.
data/TRIPS.csv
	No new data.
	No removed data.
data/ROUTES.csv
	No new data.
	No removed data.
data/FREQUENCIES.csv
	No new data.
	No removed data.
data/STOP_TIMES.csv
	No new data.
	No removed data.
data/SHAPES.csv
	No new data.
	No removed data.
data/CALENDAR.csv
	No new data.
	No removed data.
data/CALENDAR_DATES.csv
	No new data.
	No removed data.
data/FEED_INFO.csv
	No new data.
	No removed data.
Finished calculating diff in 1.92s.
Saved snapshot to .aux/snapshot.pkl
Materializing graph...
Updating mappings... OK
Running mapping engine on the new data...
Semantifying new_data...
TM: http://mapping.example.com/map_agency_000
Successfully semantified new_data.


Successfully semantified all datasets in 0.124 seconds.
Updating mappings... OK
Semantifying removed_data...
TM: http://mapping.example.com/map_agency_000
Successfully semantified removed_data.


Successfully semantified all datasets in 0.123 seconds.
Materialization complete in 0.26s
Constructing new graph... OK (0.00s)
Finished updating graph in 3.38s.
Restoring data sources...
	Restoring data/AGENCY.csv... OK
	Restoring data/FEED_INFO.csv... OK
Restored data sources.
Deleting .aux/snapshot.pkl... OK

------------------------------------------------------
Finished running test in 258.59s.
Summary:
	Created new version in 251.86s (3959530 triples)
	Updated in 3.33s (3959544 triples)
	Updated in 3.38s (3959544 triples)
