######################### 1 #########################
INFO | 2023-07-03 18:59:12,674 | 86 mapping rules retrieved.
INFO | 2023-07-03 18:59:12,703 | Mapping partition with 1 groups generated.
INFO | 2023-07-03 18:59:12,704 | Maximum number of rules within mapping group: 86.
INFO | 2023-07-03 18:59:12,704 | Mappings processed in 1.657 seconds.
Running test test-morph-memory
Loading new graph...
data/STOPS.csv
	Found new data, saved to dataframe.
	No removed data, saved to dataframe.
data/FEED_INFO.csv
	Found new data, saved to dataframe.
	No removed data, saved to dataframe.
data/STOP_TIMES.csv
	Found new data, saved to dataframe.
	No removed data, saved to dataframe.
data/CALENDAR.csv
	Found new data, saved to dataframe.
	No removed data, saved to dataframe.
data/AGENCY.csv
	Found new data, saved to dataframe.
	No removed data, saved to dataframe.
data/CALENDAR_DATES.csv
	Found new data, saved to dataframe.
	No removed data, saved to dataframe.
data/FREQUENCIES.csv
	Found new data, saved to dataframe.
	No removed data, saved to dataframe.
data/TRIPS.csv
	Found new data, saved to dataframe.
	No removed data, saved to dataframe.
data/ROUTES.csv
	Found new data, saved to dataframe.
	No removed data, saved to dataframe.
data/SHAPES.csv
	Found new data, saved to dataframe.
	No removed data, saved to dataframe.
Finished calculating diff in 1.21s.
Saved snapshot to .aux/snapshot.pkl
Materializing graph...
Updating mappings... OK
Running mapping engine on the new data...
INFO | 2023-07-03 18:59:31,991 | Number of triples generated in total: 1979765.
INFO | 2023-07-03 19:00:54,668 | 86 mapping rules retrieved.
INFO | 2023-07-03 19:00:54,695 | Mapping partition with 1 groups generated.
INFO | 2023-07-03 19:00:54,696 | Maximum number of rules within mapping group: 86.
INFO | 2023-07-03 19:00:54,696 | Mappings processed in 1.616 seconds.
No removed data detected in the data source, no need to run the mapping engine.
Materialization complete in 100.69s
Loaded new graph in 102.28s
Updating data source...
	Adding data to data/AGENCY.csv... OK
	Adding data to data/FEED_INFO.csv... OK
Finished updating data source.
Updating graph...
data/STOPS.csv
	No new data, saved to dataframe.
	No removed data, saved to dataframe.
data/FEED_INFO.csv
	Found new data, saved to dataframe.
	No removed data, saved to dataframe.
data/STOP_TIMES.csv
	No new data, saved to dataframe.
	No removed data, saved to dataframe.
data/CALENDAR.csv
	No new data, saved to dataframe.
	No removed data, saved to dataframe.
data/AGENCY.csv
	Found new data, saved to dataframe.
	No removed data, saved to dataframe.
data/CALENDAR_DATES.csv
	No new data, saved to dataframe.
	No removed data, saved to dataframe.
data/FREQUENCIES.csv
	No new data, saved to dataframe.
	No removed data, saved to dataframe.
data/TRIPS.csv
	No new data, saved to dataframe.
	No removed data, saved to dataframe.
data/ROUTES.csv
	No new data, saved to dataframe.
	No removed data, saved to dataframe.
data/SHAPES.csv
	No new data, saved to dataframe.
	No removed data, saved to dataframe.
Finished calculating diff in 0.86s.
Saved snapshot to .aux/snapshot.pkl
Materializing graph...
Updating mappings... OK
Running mapping engine on the new data...
INFO | 2023-07-03 19:00:56,944 | Number of triples generated in total: 14.
INFO | 2023-07-03 19:00:59,898 | 86 mapping rules retrieved.
INFO | 2023-07-03 19:00:59,926 | Mapping partition with 1 groups generated.
INFO | 2023-07-03 19:00:59,926 | Maximum number of rules within mapping group: 86.
INFO | 2023-07-03 19:00:59,926 | Mappings processed in 1.615 seconds.
No removed data detected in the data source, no need to run the mapping engine.
Materialization complete in 3.91s
Constructing new graph... OK (0.00s)
Finished updating graph in 5.23s.
Updating data source...
	Adding data to data/AGENCY.csv... OK
	Removing data from data/AGENCY.csv... OK
Finished updating data source.
Updating graph...
data/STOPS.csv
	No new data, saved to dataframe.
	No removed data, saved to dataframe.
data/FEED_INFO.csv
	No new data, saved to dataframe.
	No removed data, saved to dataframe.
data/STOP_TIMES.csv
	No new data, saved to dataframe.
	No removed data, saved to dataframe.
data/CALENDAR.csv
	No new data, saved to dataframe.
	No removed data, saved to dataframe.
data/AGENCY.csv
	Found new data, saved to dataframe.
	Found removed data, saved to dataframe.
data/CALENDAR_DATES.csv
	No new data, saved to dataframe.
	No removed data, saved to dataframe.
data/FREQUENCIES.csv
	No new data, saved to dataframe.
	No removed data, saved to dataframe.
data/TRIPS.csv
	No new data, saved to dataframe.
	No removed data, saved to dataframe.
data/ROUTES.csv
	No new data, saved to dataframe.
	No removed data, saved to dataframe.
data/SHAPES.csv
	No new data, saved to dataframe.
	No removed data, saved to dataframe.
Finished calculating diff in 0.85s.
Saved snapshot to .aux/snapshot.pkl
Materializing graph...
Updating mappings... OK
Running mapping engine on the new data...
INFO | 2023-07-03 19:01:02,320 | Number of triples generated in total: 7.
INFO | 2023-07-03 19:01:03,961 | 86 mapping rules retrieved.
INFO | 2023-07-03 19:01:03,989 | Mapping partition with 1 groups generated.
INFO | 2023-07-03 19:01:03,989 | Maximum number of rules within mapping group: 86.
INFO | 2023-07-03 19:01:03,990 | Mappings processed in 1.615 seconds.
Updating mappings... OK
INFO | 2023-07-03 19:01:06,316 | Number of triples generated in total: 7.
Materialization complete in 8.05s
Constructing new graph... OK (0.00s)
Finished updating graph in 9.36s.
Restoring data sources...
	Restoring data/AGENCY.csv... OK
	Restoring data/FEED_INFO.csv... OK
Restored data sources.
Deleting .aux/snapshot.pkl... OK

------------------------------------------------------
Finished running test in 116.89s.
Summary:
	Created new version in 102.28s (1979765 triples)
	Updated in 5.23s (1979779 triples)
	Updated in 9.36s (1979779 triples)
######################### 2 #########################
INFO | 2023-07-03 19:01:20,438 | 86 mapping rules retrieved.
INFO | 2023-07-03 19:01:20,466 | Mapping partition with 1 groups generated.
INFO | 2023-07-03 19:01:20,467 | Maximum number of rules within mapping group: 86.
INFO | 2023-07-03 19:01:20,467 | Mappings processed in 1.639 seconds.
Running test test-morph-memory
Loading new graph...
data/STOPS.csv
	Found new data, saved to dataframe.
	No removed data, saved to dataframe.
data/CALENDAR_DATES.csv
	Found new data, saved to dataframe.
	No removed data, saved to dataframe.
data/FEED_INFO.csv
	Found new data, saved to dataframe.
	No removed data, saved to dataframe.
data/FREQUENCIES.csv
	Found new data, saved to dataframe.
	No removed data, saved to dataframe.
data/CALENDAR.csv
	Found new data, saved to dataframe.
	No removed data, saved to dataframe.
data/ROUTES.csv
	Found new data, saved to dataframe.
	No removed data, saved to dataframe.
data/AGENCY.csv
	Found new data, saved to dataframe.
	No removed data, saved to dataframe.
data/STOP_TIMES.csv
	Found new data, saved to dataframe.
	No removed data, saved to dataframe.
data/TRIPS.csv
	Found new data, saved to dataframe.
	No removed data, saved to dataframe.
data/SHAPES.csv
	Found new data, saved to dataframe.
	No removed data, saved to dataframe.
Finished calculating diff in 1.21s.
Saved snapshot to .aux/snapshot.pkl
Materializing graph...
Updating mappings... OK
Running mapping engine on the new data...
INFO | 2023-07-03 19:01:37,270 | Number of triples generated in total: 1979765.
INFO | 2023-07-03 19:03:00,368 | 86 mapping rules retrieved.
INFO | 2023-07-03 19:03:00,395 | Mapping partition with 1 groups generated.
INFO | 2023-07-03 19:03:00,395 | Maximum number of rules within mapping group: 86.
INFO | 2023-07-03 19:03:00,396 | Mappings processed in 1.600 seconds.
No removed data detected in the data source, no need to run the mapping engine.
Materialization complete in 98.61s
Loaded new graph in 100.19s
Updating data source...
	Adding data to data/AGENCY.csv... OK
	Adding data to data/FEED_INFO.csv... OK
Finished updating data source.
Updating graph...
data/STOPS.csv
	No new data, saved to dataframe.
	No removed data, saved to dataframe.
data/CALENDAR_DATES.csv
	No new data, saved to dataframe.
	No removed data, saved to dataframe.
data/FEED_INFO.csv
	Found new data, saved to dataframe.
	No removed data, saved to dataframe.
data/FREQUENCIES.csv
	No new data, saved to dataframe.
	No removed data, saved to dataframe.
data/CALENDAR.csv
	No new data, saved to dataframe.
	No removed data, saved to dataframe.
data/ROUTES.csv
	No new data, saved to dataframe.
	No removed data, saved to dataframe.
data/AGENCY.csv
	Found new data, saved to dataframe.
	No removed data, saved to dataframe.
data/STOP_TIMES.csv
	No new data, saved to dataframe.
	No removed data, saved to dataframe.
data/TRIPS.csv
	No new data, saved to dataframe.
	No removed data, saved to dataframe.
data/SHAPES.csv
	No new data, saved to dataframe.
	No removed data, saved to dataframe.
Finished calculating diff in 0.86s.
Saved snapshot to .aux/snapshot.pkl
Materializing graph...
Updating mappings... OK
Running mapping engine on the new data...
INFO | 2023-07-03 19:03:02,627 | Number of triples generated in total: 14.
INFO | 2023-07-03 19:03:05,578 | 86 mapping rules retrieved.
INFO | 2023-07-03 19:03:05,605 | Mapping partition with 1 groups generated.
INFO | 2023-07-03 19:03:05,606 | Maximum number of rules within mapping group: 86.
INFO | 2023-07-03 19:03:05,606 | Mappings processed in 1.592 seconds.
No removed data detected in the data source, no need to run the mapping engine.
Materialization complete in 3.89s
Constructing new graph... OK (0.00s)
Finished updating graph in 5.22s.
Updating data source...
	Adding data to data/AGENCY.csv... OK
	Removing data from data/AGENCY.csv... OK
Finished updating data source.
Updating graph...
data/STOPS.csv
	No new data, saved to dataframe.
	No removed data, saved to dataframe.
data/CALENDAR_DATES.csv
	No new data, saved to dataframe.
	No removed data, saved to dataframe.
data/FEED_INFO.csv
	No new data, saved to dataframe.
	No removed data, saved to dataframe.
data/FREQUENCIES.csv
	No new data, saved to dataframe.
	No removed data, saved to dataframe.
data/CALENDAR.csv
	No new data, saved to dataframe.
	No removed data, saved to dataframe.
data/ROUTES.csv
	No new data, saved to dataframe.
	No removed data, saved to dataframe.
data/AGENCY.csv
	Found new data, saved to dataframe.
	Found removed data, saved to dataframe.
data/STOP_TIMES.csv
	No new data, saved to dataframe.
	No removed data, saved to dataframe.
data/TRIPS.csv
	No new data, saved to dataframe.
	No removed data, saved to dataframe.
data/SHAPES.csv
	No new data, saved to dataframe.
	No removed data, saved to dataframe.
Finished calculating diff in 0.87s.
Saved snapshot to .aux/snapshot.pkl
Materializing graph...
Updating mappings... OK
Running mapping engine on the new data...
INFO | 2023-07-03 19:03:07,910 | Number of triples generated in total: 7.
INFO | 2023-07-03 19:03:09,530 | 86 mapping rules retrieved.
INFO | 2023-07-03 19:03:09,557 | Mapping partition with 1 groups generated.
INFO | 2023-07-03 19:03:09,557 | Maximum number of rules within mapping group: 86.
INFO | 2023-07-03 19:03:09,557 | Mappings processed in 1.592 seconds.
Updating mappings... OK
INFO | 2023-07-03 19:03:11,832 | Number of triples generated in total: 7.
Materialization complete in 7.86s
Constructing new graph... OK (0.00s)
Finished updating graph in 9.19s.
Restoring data sources...
	Restoring data/AGENCY.csv... OK
	Restoring data/FEED_INFO.csv... OK
Restored data sources.
Deleting .aux/snapshot.pkl... OK

------------------------------------------------------
Finished running test in 114.62s.
Summary:
	Created new version in 100.19s (1979765 triples)
	Updated in 5.22s (1979779 triples)
	Updated in 9.19s (1979779 triples)
######################### 3 #########################
INFO | 2023-07-03 19:03:25,993 | 86 mapping rules retrieved.
INFO | 2023-07-03 19:03:26,021 | Mapping partition with 1 groups generated.
INFO | 2023-07-03 19:03:26,022 | Maximum number of rules within mapping group: 86.
INFO | 2023-07-03 19:03:26,022 | Mappings processed in 1.650 seconds.
Running test test-morph-memory
Loading new graph...
data/ROUTES.csv
	Found new data, saved to dataframe.
	No removed data, saved to dataframe.
data/STOP_TIMES.csv
	Found new data, saved to dataframe.
	No removed data, saved to dataframe.
data/CALENDAR.csv
	Found new data, saved to dataframe.
	No removed data, saved to dataframe.
data/AGENCY.csv
	Found new data, saved to dataframe.
	No removed data, saved to dataframe.
data/FEED_INFO.csv
	Found new data, saved to dataframe.
	No removed data, saved to dataframe.
data/FREQUENCIES.csv
	Found new data, saved to dataframe.
	No removed data, saved to dataframe.
data/SHAPES.csv
	Found new data, saved to dataframe.
	No removed data, saved to dataframe.
data/TRIPS.csv
	Found new data, saved to dataframe.
	No removed data, saved to dataframe.
data/CALENDAR_DATES.csv
	Found new data, saved to dataframe.
	No removed data, saved to dataframe.
data/STOPS.csv
	Found new data, saved to dataframe.
	No removed data, saved to dataframe.
Finished calculating diff in 1.21s.
Saved snapshot to .aux/snapshot.pkl
Materializing graph...
Updating mappings... OK
Running mapping engine on the new data...
INFO | 2023-07-03 19:03:45,302 | Number of triples generated in total: 1979765.
INFO | 2023-07-03 19:05:08,232 | 86 mapping rules retrieved.
INFO | 2023-07-03 19:05:08,258 | Mapping partition with 1 groups generated.
INFO | 2023-07-03 19:05:08,259 | Maximum number of rules within mapping group: 86.
INFO | 2023-07-03 19:05:08,259 | Mappings processed in 1.609 seconds.
No removed data detected in the data source, no need to run the mapping engine.
Materialization complete in 100.90s
Loaded new graph in 102.49s
Updating data source...
	Adding data to data/AGENCY.csv... OK
	Adding data to data/FEED_INFO.csv... OK
Finished updating data source.
Updating graph...
data/ROUTES.csv
	No new data, saved to dataframe.
	No removed data, saved to dataframe.
data/STOP_TIMES.csv
	No new data, saved to dataframe.
	No removed data, saved to dataframe.
data/CALENDAR.csv
	No new data, saved to dataframe.
	No removed data, saved to dataframe.
data/AGENCY.csv
	Found new data, saved to dataframe.
	No removed data, saved to dataframe.
data/FEED_INFO.csv
	Found new data, saved to dataframe.
	No removed data, saved to dataframe.
data/FREQUENCIES.csv
	No new data, saved to dataframe.
	No removed data, saved to dataframe.
data/SHAPES.csv
	No new data, saved to dataframe.
	No removed data, saved to dataframe.
data/TRIPS.csv
	No new data, saved to dataframe.
	No removed data, saved to dataframe.
data/CALENDAR_DATES.csv
	No new data, saved to dataframe.
	No removed data, saved to dataframe.
data/STOPS.csv
	No new data, saved to dataframe.
	No removed data, saved to dataframe.
Finished calculating diff in 0.88s.
Saved snapshot to .aux/snapshot.pkl
Materializing graph...
Updating mappings... OK
Running mapping engine on the new data...
INFO | 2023-07-03 19:05:10,509 | Number of triples generated in total: 14.
INFO | 2023-07-03 19:05:13,464 | 86 mapping rules retrieved.
INFO | 2023-07-03 19:05:13,491 | Mapping partition with 1 groups generated.
INFO | 2023-07-03 19:05:13,492 | Maximum number of rules within mapping group: 86.
INFO | 2023-07-03 19:05:13,492 | Mappings processed in 1.605 seconds.
No removed data detected in the data source, no need to run the mapping engine.
Materialization complete in 3.92s
Constructing new graph... OK (0.00s)
Finished updating graph in 5.26s.
Updating data source...
	Adding data to data/AGENCY.csv... OK
	Removing data from data/AGENCY.csv... OK
Finished updating data source.
Updating graph...
data/ROUTES.csv
	No new data, saved to dataframe.
	No removed data, saved to dataframe.
data/STOP_TIMES.csv
	No new data, saved to dataframe.
	No removed data, saved to dataframe.
data/CALENDAR.csv
	No new data, saved to dataframe.
	No removed data, saved to dataframe.
data/AGENCY.csv
	Found new data, saved to dataframe.
	Found removed data, saved to dataframe.
data/FEED_INFO.csv
	No new data, saved to dataframe.
	No removed data, saved to dataframe.
data/FREQUENCIES.csv
	No new data, saved to dataframe.
	No removed data, saved to dataframe.
data/SHAPES.csv
	No new data, saved to dataframe.
	No removed data, saved to dataframe.
data/TRIPS.csv
	No new data, saved to dataframe.
	No removed data, saved to dataframe.
data/CALENDAR_DATES.csv
	No new data, saved to dataframe.
	No removed data, saved to dataframe.
data/STOPS.csv
	No new data, saved to dataframe.
	No removed data, saved to dataframe.
Finished calculating diff in 0.86s.
Saved snapshot to .aux/snapshot.pkl
Materializing graph...
Updating mappings... OK
Running mapping engine on the new data...
INFO | 2023-07-03 19:05:15,837 | Number of triples generated in total: 7.
INFO | 2023-07-03 19:05:17,472 | 86 mapping rules retrieved.
INFO | 2023-07-03 19:05:17,499 | Mapping partition with 1 groups generated.
INFO | 2023-07-03 19:05:17,500 | Maximum number of rules within mapping group: 86.
INFO | 2023-07-03 19:05:17,500 | Mappings processed in 1.608 seconds.
Updating mappings... OK
INFO | 2023-07-03 19:05:19,816 | Number of triples generated in total: 7.
Materialization complete in 7.98s
Constructing new graph... OK (0.00s)
Finished updating graph in 9.30s.
Restoring data sources...
	Restoring data/AGENCY.csv... OK
	Restoring data/FEED_INFO.csv... OK
Restored data sources.
Deleting .aux/snapshot.pkl... OK

------------------------------------------------------
Finished running test in 117.07s.
Summary:
	Created new version in 102.49s (1979765 triples)
	Updated in 5.26s (1979779 triples)
	Updated in 9.30s (1979779 triples)
######################### 4 #########################
INFO | 2023-07-03 19:05:35,955 | 86 mapping rules retrieved.
INFO | 2023-07-03 19:05:35,983 | Mapping partition with 1 groups generated.
INFO | 2023-07-03 19:05:35,983 | Maximum number of rules within mapping group: 86.
INFO | 2023-07-03 19:05:35,984 | Mappings processed in 1.640 seconds.
Running test test-morph-memory
Loading new graph...
data/STOPS.csv
	Found new data, saved to dataframe.
	No removed data, saved to dataframe.
data/STOP_TIMES.csv
	Found new data, saved to dataframe.
	No removed data, saved to dataframe.
data/TRIPS.csv
	Found new data, saved to dataframe.
	No removed data, saved to dataframe.
data/FEED_INFO.csv
	Found new data, saved to dataframe.
	No removed data, saved to dataframe.
data/SHAPES.csv
	Found new data, saved to dataframe.
	No removed data, saved to dataframe.
data/CALENDAR_DATES.csv
	Found new data, saved to dataframe.
	No removed data, saved to dataframe.
data/FREQUENCIES.csv
	Found new data, saved to dataframe.
	No removed data, saved to dataframe.
data/CALENDAR.csv
	Found new data, saved to dataframe.
	No removed data, saved to dataframe.
data/ROUTES.csv
	Found new data, saved to dataframe.
	No removed data, saved to dataframe.
data/AGENCY.csv
	Found new data, saved to dataframe.
	No removed data, saved to dataframe.
Finished calculating diff in 1.22s.
Saved snapshot to .aux/snapshot.pkl
Materializing graph...
Updating mappings... OK
Running mapping engine on the new data...
INFO | 2023-07-03 19:05:52,729 | Number of triples generated in total: 1979765.
INFO | 2023-07-03 19:07:15,559 | 86 mapping rules retrieved.
INFO | 2023-07-03 19:07:15,586 | Mapping partition with 1 groups generated.
INFO | 2023-07-03 19:07:15,587 | Maximum number of rules within mapping group: 86.
INFO | 2023-07-03 19:07:15,587 | Mappings processed in 1.601 seconds.
No removed data detected in the data source, no need to run the mapping engine.
Materialization complete in 98.29s
Loaded new graph in 99.88s
Updating data source...
	Adding data to data/AGENCY.csv... OK
	Adding data to data/FEED_INFO.csv... OK
Finished updating data source.
Updating graph...
data/STOPS.csv
	No new data, saved to dataframe.
	No removed data, saved to dataframe.
data/STOP_TIMES.csv
	No new data, saved to dataframe.
	No removed data, saved to dataframe.
data/TRIPS.csv
	No new data, saved to dataframe.
	No removed data, saved to dataframe.
data/FEED_INFO.csv
	Found new data, saved to dataframe.
	No removed data, saved to dataframe.
data/SHAPES.csv
	No new data, saved to dataframe.
	No removed data, saved to dataframe.
data/CALENDAR_DATES.csv
	No new data, saved to dataframe.
	No removed data, saved to dataframe.
data/FREQUENCIES.csv
	No new data, saved to dataframe.
	No removed data, saved to dataframe.
data/CALENDAR.csv
	No new data, saved to dataframe.
	No removed data, saved to dataframe.
data/ROUTES.csv
	No new data, saved to dataframe.
	No removed data, saved to dataframe.
data/AGENCY.csv
	Found new data, saved to dataframe.
	No removed data, saved to dataframe.
Finished calculating diff in 0.86s.
Saved snapshot to .aux/snapshot.pkl
Materializing graph...
Updating mappings... OK
Running mapping engine on the new data...
INFO | 2023-07-03 19:07:17,798 | Number of triples generated in total: 14.
INFO | 2023-07-03 19:07:20,768 | 86 mapping rules retrieved.
INFO | 2023-07-03 19:07:20,795 | Mapping partition with 1 groups generated.
INFO | 2023-07-03 19:07:20,795 | Maximum number of rules within mapping group: 86.
INFO | 2023-07-03 19:07:20,795 | Mappings processed in 1.598 seconds.
No removed data detected in the data source, no need to run the mapping engine.
Materialization complete in 3.86s
Constructing new graph... OK (0.00s)
Finished updating graph in 5.19s.
Updating data source...
	Adding data to data/AGENCY.csv... OK
	Removing data from data/AGENCY.csv... OK
Finished updating data source.
Updating graph...
data/STOPS.csv
	No new data, saved to dataframe.
	No removed data, saved to dataframe.
data/STOP_TIMES.csv
	No new data, saved to dataframe.
	No removed data, saved to dataframe.
data/TRIPS.csv
	No new data, saved to dataframe.
	No removed data, saved to dataframe.
data/FEED_INFO.csv
	No new data, saved to dataframe.
	No removed data, saved to dataframe.
data/SHAPES.csv
	No new data, saved to dataframe.
	No removed data, saved to dataframe.
data/CALENDAR_DATES.csv
	No new data, saved to dataframe.
	No removed data, saved to dataframe.
data/FREQUENCIES.csv
	No new data, saved to dataframe.
	No removed data, saved to dataframe.
data/CALENDAR.csv
	No new data, saved to dataframe.
	No removed data, saved to dataframe.
data/ROUTES.csv
	No new data, saved to dataframe.
	No removed data, saved to dataframe.
data/AGENCY.csv
	Found new data, saved to dataframe.
	Found removed data, saved to dataframe.
Finished calculating diff in 0.88s.
Saved snapshot to .aux/snapshot.pkl
Materializing graph...
Updating mappings... OK
Running mapping engine on the new data...
INFO | 2023-07-03 19:07:23,088 | Number of triples generated in total: 7.
INFO | 2023-07-03 19:07:24,714 | 86 mapping rules retrieved.
INFO | 2023-07-03 19:07:24,741 | Mapping partition with 1 groups generated.
INFO | 2023-07-03 19:07:24,741 | Maximum number of rules within mapping group: 86.
INFO | 2023-07-03 19:07:24,742 | Mappings processed in 1.599 seconds.
Updating mappings... OK
INFO | 2023-07-03 19:07:27,017 | Number of triples generated in total: 7.
Materialization complete in 7.87s
Constructing new graph... OK (0.00s)
Finished updating graph in 9.21s.
Restoring data sources...
	Restoring data/AGENCY.csv... OK
	Restoring data/FEED_INFO.csv... OK
Restored data sources.
Deleting .aux/snapshot.pkl... OK

------------------------------------------------------
Finished running test in 114.30s.
Summary:
	Created new version in 99.88s (1979765 triples)
	Updated in 5.19s (1979779 triples)
	Updated in 9.21s (1979779 triples)
######################### 5 #########################
INFO | 2023-07-03 19:07:41,126 | 86 mapping rules retrieved.
INFO | 2023-07-03 19:07:41,155 | Mapping partition with 1 groups generated.
INFO | 2023-07-03 19:07:41,155 | Maximum number of rules within mapping group: 86.
INFO | 2023-07-03 19:07:41,155 | Mappings processed in 1.645 seconds.
Running test test-morph-memory
Loading new graph...
data/STOPS.csv
	Found new data, saved to dataframe.
	No removed data, saved to dataframe.
data/FREQUENCIES.csv
	Found new data, saved to dataframe.
	No removed data, saved to dataframe.
data/CALENDAR_DATES.csv
	Found new data, saved to dataframe.
	No removed data, saved to dataframe.
data/STOP_TIMES.csv
	Found new data, saved to dataframe.
	No removed data, saved to dataframe.
data/AGENCY.csv
	Found new data, saved to dataframe.
	No removed data, saved to dataframe.
data/SHAPES.csv
	Found new data, saved to dataframe.
	No removed data, saved to dataframe.
data/FEED_INFO.csv
	Found new data, saved to dataframe.
	No removed data, saved to dataframe.
data/TRIPS.csv
	Found new data, saved to dataframe.
	No removed data, saved to dataframe.
data/CALENDAR.csv
	Found new data, saved to dataframe.
	No removed data, saved to dataframe.
data/ROUTES.csv
	Found new data, saved to dataframe.
	No removed data, saved to dataframe.
Finished calculating diff in 1.22s.
Saved snapshot to .aux/snapshot.pkl
Materializing graph...
Updating mappings... OK
Running mapping engine on the new data...
INFO | 2023-07-03 19:07:58,053 | Number of triples generated in total: 1979765.
INFO | 2023-07-03 19:09:21,074 | 86 mapping rules retrieved.
INFO | 2023-07-03 19:09:21,101 | Mapping partition with 1 groups generated.
INFO | 2023-07-03 19:09:21,101 | Maximum number of rules within mapping group: 86.
INFO | 2023-07-03 19:09:21,102 | Mappings processed in 1.595 seconds.
No removed data detected in the data source, no need to run the mapping engine.
Materialization complete in 98.64s
Loaded new graph in 100.24s
Updating data source...
	Adding data to data/AGENCY.csv... OK
	Adding data to data/FEED_INFO.csv... OK
Finished updating data source.
Updating graph...
data/STOPS.csv
	No new data, saved to dataframe.
	No removed data, saved to dataframe.
data/FREQUENCIES.csv
	No new data, saved to dataframe.
	No removed data, saved to dataframe.
data/CALENDAR_DATES.csv
	No new data, saved to dataframe.
	No removed data, saved to dataframe.
data/STOP_TIMES.csv
	No new data, saved to dataframe.
	No removed data, saved to dataframe.
data/AGENCY.csv
	Found new data, saved to dataframe.
	No removed data, saved to dataframe.
data/SHAPES.csv
	No new data, saved to dataframe.
	No removed data, saved to dataframe.
data/FEED_INFO.csv
	Found new data, saved to dataframe.
	No removed data, saved to dataframe.
data/TRIPS.csv
	No new data, saved to dataframe.
	No removed data, saved to dataframe.
data/CALENDAR.csv
	No new data, saved to dataframe.
	No removed data, saved to dataframe.
data/ROUTES.csv
	No new data, saved to dataframe.
	No removed data, saved to dataframe.
Finished calculating diff in 0.86s.
Saved snapshot to .aux/snapshot.pkl
Materializing graph...
Updating mappings... OK
Running mapping engine on the new data...
INFO | 2023-07-03 19:09:23,340 | Number of triples generated in total: 14.
INFO | 2023-07-03 19:09:26,290 | 86 mapping rules retrieved.
INFO | 2023-07-03 19:09:26,318 | Mapping partition with 1 groups generated.
INFO | 2023-07-03 19:09:26,318 | Maximum number of rules within mapping group: 86.
INFO | 2023-07-03 19:09:26,318 | Mappings processed in 1.613 seconds.
No removed data detected in the data source, no need to run the mapping engine.
Materialization complete in 3.88s
Constructing new graph... OK (0.00s)
Finished updating graph in 5.21s.
Updating data source...
	Adding data to data/AGENCY.csv... OK
	Removing data from data/AGENCY.csv... OK
Finished updating data source.
Updating graph...
data/STOPS.csv
	No new data, saved to dataframe.
	No removed data, saved to dataframe.
data/FREQUENCIES.csv
	No new data, saved to dataframe.
	No removed data, saved to dataframe.
data/CALENDAR_DATES.csv
	No new data, saved to dataframe.
	No removed data, saved to dataframe.
data/STOP_TIMES.csv
	No new data, saved to dataframe.
	No removed data, saved to dataframe.
data/AGENCY.csv
	Found new data, saved to dataframe.
	Found removed data, saved to dataframe.
data/SHAPES.csv
	No new data, saved to dataframe.
	No removed data, saved to dataframe.
data/FEED_INFO.csv
	No new data, saved to dataframe.
	No removed data, saved to dataframe.
data/TRIPS.csv
	No new data, saved to dataframe.
	No removed data, saved to dataframe.
data/CALENDAR.csv
	No new data, saved to dataframe.
	No removed data, saved to dataframe.
data/ROUTES.csv
	No new data, saved to dataframe.
	No removed data, saved to dataframe.
Finished calculating diff in 0.86s.
Saved snapshot to .aux/snapshot.pkl
Materializing graph...
Updating mappings... OK
Running mapping engine on the new data...
INFO | 2023-07-03 19:09:28,605 | Number of triples generated in total: 7.
INFO | 2023-07-03 19:09:30,240 | 86 mapping rules retrieved.
INFO | 2023-07-03 19:09:30,267 | Mapping partition with 1 groups generated.
INFO | 2023-07-03 19:09:30,268 | Maximum number of rules within mapping group: 86.
INFO | 2023-07-03 19:09:30,268 | Mappings processed in 1.608 seconds.
Updating mappings... OK
INFO | 2023-07-03 19:09:32,521 | Number of triples generated in total: 7.
Materialization complete in 7.86s
Constructing new graph... OK (0.00s)
Finished updating graph in 9.17s.
Restoring data sources...
	Restoring data/AGENCY.csv... OK
	Restoring data/FEED_INFO.csv... OK
Restored data sources.
Deleting .aux/snapshot.pkl... OK

------------------------------------------------------
Finished running test in 114.64s.
Summary:
	Created new version in 100.24s (1979765 triples)
	Updated in 5.21s (1979779 triples)
	Updated in 9.17s (1979779 triples)
