######################### 1 #########################
INFO | 2023-07-03 21:17:24,301 | 86 mapping rules retrieved.
INFO | 2023-07-03 21:17:24,330 | Mapping partition with 1 groups generated.
INFO | 2023-07-03 21:17:24,330 | Maximum number of rules within mapping group: 86.
INFO | 2023-07-03 21:17:24,330 | Mappings processed in 1.654 seconds.
Running test test-morph-memory
Loading new graph...
data/SHAPES.csv
	Found new data, saved to dataframe.
	No removed data.
data/FREQUENCIES.csv
	Found new data, saved to dataframe.
	No removed data.
data/TRIPS.csv
	Found new data, saved to dataframe.
	No removed data.
data/FEED_INFO.csv
	Found new data, saved to dataframe.
	No removed data.
data/STOPS.csv
	Found new data, saved to dataframe.
	No removed data.
data/CALENDAR_DATES.csv
	Found new data, saved to dataframe.
	No removed data.
data/ROUTES.csv
	Found new data, saved to dataframe.
	No removed data.
data/STOP_TIMES.csv
	Found new data, saved to dataframe.
	No removed data.
data/CALENDAR.csv
	Found new data, saved to dataframe.
	No removed data.
data/AGENCY.csv
	Found new data, saved to dataframe.
	No removed data.
Finished calculating diff in 2.80s.
Saved snapshot to .aux/snapshot.pkl
Materializing graph...
Updating mappings... OK
Running mapping engine on the new data...
INFO | 2023-07-03 21:17:58,519 | Number of triples generated in total: 3959530.
INFO | 2023-07-03 21:20:45,153 | 14 mapping rules retrieved.
INFO | 2023-07-03 21:20:45,164 | Mapping partition with 1 groups generated.
INFO | 2023-07-03 21:20:45,164 | Maximum number of rules within mapping group: 14.
INFO | 2023-07-03 21:20:45,164 | Mappings processed in 0.447 seconds.
No removed data detected in the data source, no need to run the mapping engine.
Materialization complete in 199.03s
Loaded new graph in 202.79s
Updating data source...
	Adding data to data/AGENCY.csv... OK
	Adding data to data/FEED_INFO.csv... OK
Finished updating data source.
Updating graph...
data/SHAPES.csv
	No new data.
	No removed data.
data/FREQUENCIES.csv
	No new data.
	No removed data.
data/TRIPS.csv
	No new data.
	No removed data.
data/FEED_INFO.csv
	Found new data, saved to dataframe.
	No removed data.
data/STOPS.csv
	No new data.
	No removed data.
data/CALENDAR_DATES.csv
	No new data.
	No removed data.
data/ROUTES.csv
	No new data.
	No removed data.
data/STOP_TIMES.csv
	No new data.
	No removed data.
data/CALENDAR.csv
	No new data.
	No removed data.
data/AGENCY.csv
	Found new data, saved to dataframe.
	No removed data.
Finished calculating diff in 1.86s.
Saved snapshot to .aux/snapshot.pkl
Materializing graph...
Updating mappings... OK
Running mapping engine on the new data...
INFO | 2023-07-03 21:20:48,323 | Number of triples generated in total: 14.
INFO | 2023-07-03 21:20:51,714 | 7 mapping rules retrieved.
INFO | 2023-07-03 21:20:51,723 | Mapping partition with 1 groups generated.
INFO | 2023-07-03 21:20:51,724 | Maximum number of rules within mapping group: 7.
INFO | 2023-07-03 21:20:51,724 | Mappings processed in 0.344 seconds.
No removed data detected in the data source, no need to run the mapping engine.
Materialization complete in 3.63s
Constructing new graph... OK (0.00s)
Finished updating graph in 6.61s.
Updating data source...
	Adding data to data/AGENCY.csv... OK
	Removing data from data/AGENCY.csv... OK
Finished updating data source.
Updating graph...
data/SHAPES.csv
	No new data.
	No removed data.
data/FREQUENCIES.csv
	No new data.
	No removed data.
data/TRIPS.csv
	No new data.
	No removed data.
data/FEED_INFO.csv
	No new data.
	No removed data.
data/STOPS.csv
	No new data.
	No removed data.
data/CALENDAR_DATES.csv
	No new data.
	No removed data.
data/ROUTES.csv
	No new data.
	No removed data.
data/STOP_TIMES.csv
	No new data.
	No removed data.
data/CALENDAR.csv
	No new data.
	No removed data.
data/AGENCY.csv
	Found new data, saved to dataframe.
	Found removed data, saved to dataframe.
Finished calculating diff in 1.85s.
Saved snapshot to .aux/snapshot.pkl
Materializing graph...
Updating mappings... OK
Running mapping engine on the new data...
INFO | 2023-07-03 21:20:54,915 | Number of triples generated in total: 7.
INFO | 2023-07-03 21:20:55,275 | 7 mapping rules retrieved.
INFO | 2023-07-03 21:20:55,284 | Mapping partition with 1 groups generated.
INFO | 2023-07-03 21:20:55,285 | Maximum number of rules within mapping group: 7.
INFO | 2023-07-03 21:20:55,285 | Mappings processed in 0.345 seconds.
Updating mappings... OK
INFO | 2023-07-03 21:20:58,458 | Number of triples generated in total: 7.
Materialization complete in 7.09s
Constructing new graph... OK (0.00s)
Finished updating graph in 10.12s.
Restoring data sources...
	Restoring data/AGENCY.csv... OK
	Restoring data/FEED_INFO.csv... OK
Restored data sources.
Deleting .aux/snapshot.pkl... OK

------------------------------------------------------
Finished running test in 219.55s.
Summary:
	Created new version in 202.79s (3959530 triples)
	Updated in 6.61s (3959544 triples)
	Updated in 10.12s (3959544 triples)
######################### 2 #########################
INFO | 2023-07-03 21:21:26,349 | 86 mapping rules retrieved.
INFO | 2023-07-03 21:21:26,378 | Mapping partition with 1 groups generated.
INFO | 2023-07-03 21:21:26,378 | Maximum number of rules within mapping group: 86.
INFO | 2023-07-03 21:21:26,378 | Mappings processed in 1.625 seconds.
Running test test-morph-memory
Loading new graph...
data/STOPS.csv
	Found new data, saved to dataframe.
	No removed data.
data/FEED_INFO.csv
	Found new data, saved to dataframe.
	No removed data.
data/SHAPES.csv
	Found new data, saved to dataframe.
	No removed data.
data/FREQUENCIES.csv
	Found new data, saved to dataframe.
	No removed data.
data/TRIPS.csv
	Found new data, saved to dataframe.
	No removed data.
data/STOP_TIMES.csv
	Found new data, saved to dataframe.
	No removed data.
data/CALENDAR.csv
	Found new data, saved to dataframe.
	No removed data.
data/CALENDAR_DATES.csv
	Found new data, saved to dataframe.
	No removed data.
data/AGENCY.csv
	Found new data, saved to dataframe.
	No removed data.
data/ROUTES.csv
	Found new data, saved to dataframe.
	No removed data.
Finished calculating diff in 2.81s.
Saved snapshot to .aux/snapshot.pkl
Materializing graph...
Updating mappings... OK
Running mapping engine on the new data...
INFO | 2023-07-03 21:22:00,442 | Number of triples generated in total: 3959530.
INFO | 2023-07-03 21:24:48,070 | 14 mapping rules retrieved.
INFO | 2023-07-03 21:24:48,080 | Mapping partition with 1 groups generated.
INFO | 2023-07-03 21:24:48,081 | Maximum number of rules within mapping group: 14.
INFO | 2023-07-03 21:24:48,081 | Mappings processed in 0.442 seconds.
No removed data detected in the data source, no need to run the mapping engine.
Materialization complete in 199.81s
Loaded new graph in 203.58s
Updating data source...
	Adding data to data/AGENCY.csv... OK
	Adding data to data/FEED_INFO.csv... OK
Finished updating data source.
Updating graph...
data/STOPS.csv
	No new data.
	No removed data.
data/FEED_INFO.csv
	Found new data, saved to dataframe.
	No removed data.
data/SHAPES.csv
	No new data.
	No removed data.
data/FREQUENCIES.csv
	No new data.
	No removed data.
data/TRIPS.csv
	No new data.
	No removed data.
data/STOP_TIMES.csv
	No new data.
	No removed data.
data/CALENDAR.csv
	No new data.
	No removed data.
data/CALENDAR_DATES.csv
	No new data.
	No removed data.
data/AGENCY.csv
	Found new data, saved to dataframe.
	No removed data.
data/ROUTES.csv
	No new data.
	No removed data.
Finished calculating diff in 1.92s.
Saved snapshot to .aux/snapshot.pkl
Materializing graph...
Updating mappings... OK
Running mapping engine on the new data...
INFO | 2023-07-03 21:24:51,147 | Number of triples generated in total: 14.
INFO | 2023-07-03 21:24:54,514 | 7 mapping rules retrieved.
INFO | 2023-07-03 21:24:54,523 | Mapping partition with 1 groups generated.
INFO | 2023-07-03 21:24:54,524 | Maximum number of rules within mapping group: 7.
INFO | 2023-07-03 21:24:54,524 | Mappings processed in 0.340 seconds.
No removed data detected in the data source, no need to run the mapping engine.
Materialization complete in 3.53s
Constructing new graph... OK (0.00s)
Finished updating graph in 6.57s.
Updating data source...
	Adding data to data/AGENCY.csv... OK
	Removing data from data/AGENCY.csv... OK
Finished updating data source.
Updating graph...
data/STOPS.csv
	No new data.
	No removed data.
data/FEED_INFO.csv
	No new data.
	No removed data.
data/SHAPES.csv
	No new data.
	No removed data.
data/FREQUENCIES.csv
	No new data.
	No removed data.
data/TRIPS.csv
	No new data.
	No removed data.
data/STOP_TIMES.csv
	No new data.
	No removed data.
data/CALENDAR.csv
	No new data.
	No removed data.
data/CALENDAR_DATES.csv
	No new data.
	No removed data.
data/AGENCY.csv
	Found new data, saved to dataframe.
	Found removed data, saved to dataframe.
data/ROUTES.csv
	No new data.
	No removed data.
Finished calculating diff in 1.82s.
Saved snapshot to .aux/snapshot.pkl
Materializing graph...
Updating mappings... OK
Running mapping engine on the new data...
INFO | 2023-07-03 21:24:57,660 | Number of triples generated in total: 7.
INFO | 2023-07-03 21:24:58,012 | 7 mapping rules retrieved.
INFO | 2023-07-03 21:24:58,020 | Mapping partition with 1 groups generated.
INFO | 2023-07-03 21:24:58,021 | Maximum number of rules within mapping group: 7.
INFO | 2023-07-03 21:24:58,021 | Mappings processed in 0.341 seconds.
Updating mappings... OK
INFO | 2023-07-03 21:25:01,149 | Number of triples generated in total: 7.
Materialization complete in 6.98s
Constructing new graph... OK (0.00s)
Finished updating graph in 9.98s.
Restoring data sources...
	Restoring data/AGENCY.csv... OK
	Restoring data/FEED_INFO.csv... OK
Restored data sources.
Deleting .aux/snapshot.pkl... OK

------------------------------------------------------
Finished running test in 220.16s.
Summary:
	Created new version in 203.58s (3959530 triples)
	Updated in 6.57s (3959544 triples)
	Updated in 9.98s (3959544 triples)
######################### 3 #########################
INFO | 2023-07-03 21:25:29,225 | 86 mapping rules retrieved.
INFO | 2023-07-03 21:25:29,254 | Mapping partition with 1 groups generated.
INFO | 2023-07-03 21:25:29,255 | Maximum number of rules within mapping group: 86.
INFO | 2023-07-03 21:25:29,255 | Mappings processed in 1.662 seconds.
Running test test-morph-memory
Loading new graph...
data/STOP_TIMES.csv
	Found new data, saved to dataframe.
	No removed data.
data/CALENDAR_DATES.csv
	Found new data, saved to dataframe.
	No removed data.
data/CALENDAR.csv
	Found new data, saved to dataframe.
	No removed data.
data/STOPS.csv
	Found new data, saved to dataframe.
	No removed data.
data/ROUTES.csv
	Found new data, saved to dataframe.
	No removed data.
data/SHAPES.csv
	Found new data, saved to dataframe.
	No removed data.
data/FREQUENCIES.csv
	Found new data, saved to dataframe.
	No removed data.
data/AGENCY.csv
	Found new data, saved to dataframe.
	No removed data.
data/TRIPS.csv
	Found new data, saved to dataframe.
	No removed data.
data/FEED_INFO.csv
	Found new data, saved to dataframe.
	No removed data.
Finished calculating diff in 2.80s.
Saved snapshot to .aux/snapshot.pkl
Materializing graph...
Updating mappings... OK
Running mapping engine on the new data...
INFO | 2023-07-03 21:26:08,110 | Number of triples generated in total: 3959530.
INFO | 2023-07-03 21:28:55,003 | 14 mapping rules retrieved.
INFO | 2023-07-03 21:28:55,013 | Mapping partition with 1 groups generated.
INFO | 2023-07-03 21:28:55,014 | Maximum number of rules within mapping group: 14.
INFO | 2023-07-03 21:28:55,014 | Mappings processed in 0.448 seconds.
No removed data detected in the data source, no need to run the mapping engine.
Materialization complete in 203.91s
Loaded new graph in 207.67s
Updating data source...
	Adding data to data/AGENCY.csv... OK
	Adding data to data/FEED_INFO.csv... OK
Finished updating data source.
Updating graph...
data/STOP_TIMES.csv
	No new data.
	No removed data.
data/CALENDAR_DATES.csv
	No new data.
	No removed data.
data/CALENDAR.csv
	No new data.
	No removed data.
data/STOPS.csv
	No new data.
	No removed data.
data/ROUTES.csv
	No new data.
	No removed data.
data/SHAPES.csv
	No new data.
	No removed data.
data/FREQUENCIES.csv
	No new data.
	No removed data.
data/AGENCY.csv
	Found new data, saved to dataframe.
	No removed data.
data/TRIPS.csv
	No new data.
	No removed data.
data/FEED_INFO.csv
	Found new data, saved to dataframe.
	No removed data.
Finished calculating diff in 1.89s.
Saved snapshot to .aux/snapshot.pkl
Materializing graph...
Updating mappings... OK
Running mapping engine on the new data...
INFO | 2023-07-03 21:28:58,043 | Number of triples generated in total: 14.
INFO | 2023-07-03 21:29:01,435 | 7 mapping rules retrieved.
INFO | 2023-07-03 21:29:01,443 | Mapping partition with 1 groups generated.
INFO | 2023-07-03 21:29:01,444 | Maximum number of rules within mapping group: 7.
INFO | 2023-07-03 21:29:01,444 | Mappings processed in 0.347 seconds.
No removed data detected in the data source, no need to run the mapping engine.
Materialization complete in 3.50s
Constructing new graph... OK (0.00s)
Finished updating graph in 6.53s.
Updating data source...
	Adding data to data/AGENCY.csv... OK
	Removing data from data/AGENCY.csv... OK
Finished updating data source.
Updating graph...
data/STOP_TIMES.csv
	No new data.
	No removed data.
data/CALENDAR_DATES.csv
	No new data.
	No removed data.
data/CALENDAR.csv
	No new data.
	No removed data.
data/STOPS.csv
	No new data.
	No removed data.
data/ROUTES.csv
	No new data.
	No removed data.
data/SHAPES.csv
	No new data.
	No removed data.
data/FREQUENCIES.csv
	No new data.
	No removed data.
data/AGENCY.csv
	Found new data, saved to dataframe.
	Found removed data, saved to dataframe.
data/TRIPS.csv
	No new data.
	No removed data.
data/FEED_INFO.csv
	No new data.
	No removed data.
Finished calculating diff in 1.85s.
Saved snapshot to .aux/snapshot.pkl
Materializing graph...
Updating mappings... OK
Running mapping engine on the new data...
INFO | 2023-07-03 21:29:04,531 | Number of triples generated in total: 7.
INFO | 2023-07-03 21:29:04,896 | 7 mapping rules retrieved.
INFO | 2023-07-03 21:29:04,904 | Mapping partition with 1 groups generated.
INFO | 2023-07-03 21:29:04,905 | Maximum number of rules within mapping group: 7.
INFO | 2023-07-03 21:29:04,905 | Mappings processed in 0.350 seconds.
Updating mappings... OK
INFO | 2023-07-03 21:29:07,946 | Number of triples generated in total: 7.
Materialization complete in 6.86s
Constructing new graph... OK (0.00s)
Finished updating graph in 9.89s.
Restoring data sources...
	Restoring data/AGENCY.csv... OK
	Restoring data/FEED_INFO.csv... OK
Restored data sources.
Deleting .aux/snapshot.pkl... OK

------------------------------------------------------
Finished running test in 224.12s.
Summary:
	Created new version in 207.67s (3959530 triples)
	Updated in 6.53s (3959544 triples)
	Updated in 9.89s (3959544 triples)
######################### 4 #########################
INFO | 2023-07-03 21:29:35,882 | 86 mapping rules retrieved.
INFO | 2023-07-03 21:29:35,911 | Mapping partition with 1 groups generated.
INFO | 2023-07-03 21:29:35,911 | Maximum number of rules within mapping group: 86.
INFO | 2023-07-03 21:29:35,911 | Mappings processed in 1.651 seconds.
Running test test-morph-memory
Loading new graph...
data/FEED_INFO.csv
	Found new data, saved to dataframe.
	No removed data.
data/STOP_TIMES.csv
	Found new data, saved to dataframe.
	No removed data.
data/TRIPS.csv
	Found new data, saved to dataframe.
	No removed data.
data/STOPS.csv
	Found new data, saved to dataframe.
	No removed data.
data/AGENCY.csv
	Found new data, saved to dataframe.
	No removed data.
data/ROUTES.csv
	Found new data, saved to dataframe.
	No removed data.
data/CALENDAR.csv
	Found new data, saved to dataframe.
	No removed data.
data/CALENDAR_DATES.csv
	Found new data, saved to dataframe.
	No removed data.
data/SHAPES.csv
	Found new data, saved to dataframe.
	No removed data.
data/FREQUENCIES.csv
	Found new data, saved to dataframe.
	No removed data.
Finished calculating diff in 2.81s.
Saved snapshot to .aux/snapshot.pkl
Materializing graph...
Updating mappings... OK
Running mapping engine on the new data...
INFO | 2023-07-03 21:30:10,677 | Number of triples generated in total: 3959530.
INFO | 2023-07-03 21:32:57,474 | 14 mapping rules retrieved.
INFO | 2023-07-03 21:32:57,484 | Mapping partition with 1 groups generated.
INFO | 2023-07-03 21:32:57,485 | Maximum number of rules within mapping group: 14.
INFO | 2023-07-03 21:32:57,485 | Mappings processed in 0.447 seconds.
No removed data detected in the data source, no need to run the mapping engine.
Materialization complete in 199.78s
Loaded new graph in 203.54s
Updating data source...
	Adding data to data/AGENCY.csv... OK
	Adding data to data/FEED_INFO.csv... OK
Finished updating data source.
Updating graph...
data/FEED_INFO.csv
	Found new data, saved to dataframe.
	No removed data.
data/STOP_TIMES.csv
	No new data.
	No removed data.
data/TRIPS.csv
	No new data.
	No removed data.
data/STOPS.csv
	No new data.
	No removed data.
data/AGENCY.csv
	Found new data, saved to dataframe.
	No removed data.
data/ROUTES.csv
	No new data.
	No removed data.
data/CALENDAR.csv
	No new data.
	No removed data.
data/CALENDAR_DATES.csv
	No new data.
	No removed data.
data/SHAPES.csv
	No new data.
	No removed data.
data/FREQUENCIES.csv
	No new data.
	No removed data.
Finished calculating diff in 1.88s.
Saved snapshot to .aux/snapshot.pkl
Materializing graph...
Updating mappings... OK
Running mapping engine on the new data...
INFO | 2023-07-03 21:33:00,571 | Number of triples generated in total: 14.
INFO | 2023-07-03 21:33:03,959 | 7 mapping rules retrieved.
INFO | 2023-07-03 21:33:03,967 | Mapping partition with 1 groups generated.
INFO | 2023-07-03 21:33:03,968 | Maximum number of rules within mapping group: 7.
INFO | 2023-07-03 21:33:03,968 | Mappings processed in 0.342 seconds.
No removed data detected in the data source, no need to run the mapping engine.
Materialization complete in 3.55s
Constructing new graph... OK (0.00s)
Finished updating graph in 6.53s.
Updating data source...
	Adding data to data/AGENCY.csv... OK
	Removing data from data/AGENCY.csv... OK
Finished updating data source.
Updating graph...
data/FEED_INFO.csv
	No new data.
	No removed data.
data/STOP_TIMES.csv
	No new data.
	No removed data.
data/TRIPS.csv
	No new data.
	No removed data.
data/STOPS.csv
	No new data.
	No removed data.
data/AGENCY.csv
	Found new data, saved to dataframe.
	Found removed data, saved to dataframe.
data/ROUTES.csv
	No new data.
	No removed data.
data/CALENDAR.csv
	No new data.
	No removed data.
data/CALENDAR_DATES.csv
	No new data.
	No removed data.
data/SHAPES.csv
	No new data.
	No removed data.
data/FREQUENCIES.csv
	No new data.
	No removed data.
Finished calculating diff in 1.85s.
Saved snapshot to .aux/snapshot.pkl
Materializing graph...
Updating mappings... OK
Running mapping engine on the new data...
INFO | 2023-07-03 21:33:07,066 | Number of triples generated in total: 7.
INFO | 2023-07-03 21:33:07,423 | 7 mapping rules retrieved.
INFO | 2023-07-03 21:33:07,432 | Mapping partition with 1 groups generated.
INFO | 2023-07-03 21:33:07,432 | Maximum number of rules within mapping group: 7.
INFO | 2023-07-03 21:33:07,432 | Mappings processed in 0.346 seconds.
Updating mappings... OK
INFO | 2023-07-03 21:33:10,485 | Number of triples generated in total: 7.
Materialization complete in 6.87s
Constructing new graph... OK (0.00s)
Finished updating graph in 9.90s.
Restoring data sources...
	Restoring data/AGENCY.csv... OK
	Restoring data/FEED_INFO.csv... OK
Restored data sources.
Deleting .aux/snapshot.pkl... OK

------------------------------------------------------
Finished running test in 219.99s.
Summary:
	Created new version in 203.54s (3959530 triples)
	Updated in 6.53s (3959544 triples)
	Updated in 9.90s (3959544 triples)
######################### 5 #########################
INFO | 2023-07-03 21:33:38,686 | 86 mapping rules retrieved.
INFO | 2023-07-03 21:33:38,715 | Mapping partition with 1 groups generated.
INFO | 2023-07-03 21:33:38,716 | Maximum number of rules within mapping group: 86.
INFO | 2023-07-03 21:33:38,716 | Mappings processed in 1.642 seconds.
Running test test-morph-memory
Loading new graph...
data/AGENCY.csv
	Found new data, saved to dataframe.
	No removed data.
data/STOPS.csv
	Found new data, saved to dataframe.
	No removed data.
data/CALENDAR.csv
	Found new data, saved to dataframe.
	No removed data.
data/FREQUENCIES.csv
	Found new data, saved to dataframe.
	No removed data.
data/CALENDAR_DATES.csv
	Found new data, saved to dataframe.
	No removed data.
data/STOP_TIMES.csv
	Found new data, saved to dataframe.
	No removed data.
data/FEED_INFO.csv
	Found new data, saved to dataframe.
	No removed data.
data/ROUTES.csv
	Found new data, saved to dataframe.
	No removed data.
data/SHAPES.csv
	Found new data, saved to dataframe.
	No removed data.
data/TRIPS.csv
	Found new data, saved to dataframe.
	No removed data.
Finished calculating diff in 2.82s.
Saved snapshot to .aux/snapshot.pkl
Materializing graph...
Updating mappings... OK
Running mapping engine on the new data...
INFO | 2023-07-03 21:34:12,418 | Number of triples generated in total: 3959530.
INFO | 2023-07-03 21:36:58,521 | 14 mapping rules retrieved.
INFO | 2023-07-03 21:36:58,532 | Mapping partition with 1 groups generated.
INFO | 2023-07-03 21:36:58,532 | Maximum number of rules within mapping group: 14.
INFO | 2023-07-03 21:36:58,532 | Mappings processed in 0.442 seconds.
No removed data detected in the data source, no need to run the mapping engine.
Materialization complete in 197.99s
Loaded new graph in 201.77s
Updating data source...
	Adding data to data/AGENCY.csv... OK
	Adding data to data/FEED_INFO.csv... OK
Finished updating data source.
Updating graph...
data/AGENCY.csv
	Found new data, saved to dataframe.
	No removed data.
data/STOPS.csv
	No new data.
	No removed data.
data/CALENDAR.csv
	No new data.
	No removed data.
data/FREQUENCIES.csv
	No new data.
	No removed data.
data/CALENDAR_DATES.csv
	No new data.
	No removed data.
data/STOP_TIMES.csv
	No new data.
	No removed data.
data/FEED_INFO.csv
	Found new data, saved to dataframe.
	No removed data.
data/ROUTES.csv
	No new data.
	No removed data.
data/SHAPES.csv
	No new data.
	No removed data.
data/TRIPS.csv
	No new data.
	No removed data.
Finished calculating diff in 1.89s.
Saved snapshot to .aux/snapshot.pkl
Materializing graph...
Updating mappings... OK
Running mapping engine on the new data...
INFO | 2023-07-03 21:37:01,698 | Number of triples generated in total: 14.
INFO | 2023-07-03 21:37:05,089 | 7 mapping rules retrieved.
INFO | 2023-07-03 21:37:05,098 | Mapping partition with 1 groups generated.
INFO | 2023-07-03 21:37:05,099 | Maximum number of rules within mapping group: 7.
INFO | 2023-07-03 21:37:05,099 | Mappings processed in 0.342 seconds.
No removed data detected in the data source, no need to run the mapping engine.
Materialization complete in 3.63s
Constructing new graph... OK (0.00s)
Finished updating graph in 6.62s.
Updating data source...
	Adding data to data/AGENCY.csv... OK
	Removing data from data/AGENCY.csv... OK
Finished updating data source.
Updating graph...
data/AGENCY.csv
	Found new data, saved to dataframe.
	Found removed data, saved to dataframe.
data/STOPS.csv
	No new data.
	No removed data.
data/CALENDAR.csv
	No new data.
	No removed data.
data/FREQUENCIES.csv
	No new data.
	No removed data.
data/CALENDAR_DATES.csv
	No new data.
	No removed data.
data/STOP_TIMES.csv
	No new data.
	No removed data.
data/FEED_INFO.csv
	No new data.
	No removed data.
data/ROUTES.csv
	No new data.
	No removed data.
data/SHAPES.csv
	No new data.
	No removed data.
data/TRIPS.csv
	No new data.
	No removed data.
Finished calculating diff in 1.85s.
Saved snapshot to .aux/snapshot.pkl
Materializing graph...
Updating mappings... OK
Running mapping engine on the new data...
INFO | 2023-07-03 21:37:08,266 | Number of triples generated in total: 7.
INFO | 2023-07-03 21:37:08,633 | 7 mapping rules retrieved.
INFO | 2023-07-03 21:37:08,641 | Mapping partition with 1 groups generated.
INFO | 2023-07-03 21:37:08,642 | Maximum number of rules within mapping group: 7.
INFO | 2023-07-03 21:37:08,642 | Mappings processed in 0.346 seconds.
Updating mappings... OK
INFO | 2023-07-03 21:37:11,848 | Number of triples generated in total: 7.
Materialization complete in 7.11s
Constructing new graph... OK (0.00s)
Finished updating graph in 10.14s.
Restoring data sources...
	Restoring data/AGENCY.csv... OK
	Restoring data/FEED_INFO.csv... OK
Restored data sources.
Deleting .aux/snapshot.pkl... OK

------------------------------------------------------
Finished running test in 218.56s.
Summary:
	Created new version in 201.77s (3959530 triples)
	Updated in 6.62s (3959544 triples)
	Updated in 10.14s (3959544 triples)
