######################### 1 #########################
INFO | 2023-07-03 19:53:15,927 | 86 mapping rules retrieved.
INFO | 2023-07-03 19:53:15,956 | Mapping partition with 1 groups generated.
INFO | 2023-07-03 19:53:15,956 | Maximum number of rules within mapping group: 86.
INFO | 2023-07-03 19:53:15,956 | Mappings processed in 1.641 seconds.
Running test test-morph-disk
Loading new graph...
data/CALENDAR_DATES.csv
	Found new data, saved to .aux/new_data/data/CALENDAR_DATES.csv.
	No removed data, saved to .aux/removed_data/data/CALENDAR_DATES.csv.
data/STOP_TIMES.csv
	Found new data, saved to .aux/new_data/data/STOP_TIMES.csv.
	No removed data, saved to .aux/removed_data/data/STOP_TIMES.csv.
data/STOPS.csv
	Found new data, saved to .aux/new_data/data/STOPS.csv.
	No removed data, saved to .aux/removed_data/data/STOPS.csv.
data/AGENCY.csv
	Found new data, saved to .aux/new_data/data/AGENCY.csv.
	No removed data, saved to .aux/removed_data/data/AGENCY.csv.
data/SHAPES.csv
	Found new data, saved to .aux/new_data/data/SHAPES.csv.
	No removed data, saved to .aux/removed_data/data/SHAPES.csv.
data/CALENDAR.csv
	Found new data, saved to .aux/new_data/data/CALENDAR.csv.
	No removed data, saved to .aux/removed_data/data/CALENDAR.csv.
data/FREQUENCIES.csv
	Found new data, saved to .aux/new_data/data/FREQUENCIES.csv.
	No removed data, saved to .aux/removed_data/data/FREQUENCIES.csv.
data/FEED_INFO.csv
	Found new data, saved to .aux/new_data/data/FEED_INFO.csv.
	No removed data, saved to .aux/removed_data/data/FEED_INFO.csv.
data/TRIPS.csv
	Found new data, saved to .aux/new_data/data/TRIPS.csv.
	No removed data, saved to .aux/removed_data/data/TRIPS.csv.
data/ROUTES.csv
	Found new data, saved to .aux/new_data/data/ROUTES.csv.
	No removed data, saved to .aux/removed_data/data/ROUTES.csv.
Finished calculating diff in 3.99s.
Saved snapshot to .aux/snapshot.pkl
Materializing graph...
Updating mappings... OK
Running mapping engine on the new data...
INFO | 2023-07-03 19:53:50,001 | Number of triples generated in total: 3959530.
INFO | 2023-07-03 19:56:43,208 | 86 mapping rules retrieved.
INFO | 2023-07-03 19:56:43,235 | Mapping partition with 1 groups generated.
INFO | 2023-07-03 19:56:43,236 | Maximum number of rules within mapping group: 86.
INFO | 2023-07-03 19:56:43,236 | Mappings processed in 1.591 seconds.
No removed data detected in the data source, no need to run the mapping engine.
Materialization complete in 204.38s
Loaded new graph in 209.12s
Updating data source...
	Adding data to data/AGENCY.csv... OK
	Adding data to data/FEED_INFO.csv... OK
Finished updating data source.
Updating graph...
data/CALENDAR_DATES.csv
	No new data, saved to .aux/new_data/data/CALENDAR_DATES.csv.
	No removed data, saved to .aux/removed_data/data/CALENDAR_DATES.csv.
data/STOP_TIMES.csv
	No new data, saved to .aux/new_data/data/STOP_TIMES.csv.
	No removed data, saved to .aux/removed_data/data/STOP_TIMES.csv.
data/STOPS.csv
	No new data, saved to .aux/new_data/data/STOPS.csv.
	No removed data, saved to .aux/removed_data/data/STOPS.csv.
data/AGENCY.csv
	Found new data, saved to .aux/new_data/data/AGENCY.csv.
	No removed data, saved to .aux/removed_data/data/AGENCY.csv.
data/SHAPES.csv
	No new data, saved to .aux/new_data/data/SHAPES.csv.
	No removed data, saved to .aux/removed_data/data/SHAPES.csv.
data/CALENDAR.csv
	No new data, saved to .aux/new_data/data/CALENDAR.csv.
	No removed data, saved to .aux/removed_data/data/CALENDAR.csv.
data/FREQUENCIES.csv
	No new data, saved to .aux/new_data/data/FREQUENCIES.csv.
	No removed data, saved to .aux/removed_data/data/FREQUENCIES.csv.
data/FEED_INFO.csv
	Found new data, saved to .aux/new_data/data/FEED_INFO.csv.
	No removed data, saved to .aux/removed_data/data/FEED_INFO.csv.
data/TRIPS.csv
	No new data, saved to .aux/new_data/data/TRIPS.csv.
	No removed data, saved to .aux/removed_data/data/TRIPS.csv.
data/ROUTES.csv
	No new data, saved to .aux/new_data/data/ROUTES.csv.
	No removed data, saved to .aux/removed_data/data/ROUTES.csv.
Finished calculating diff in 1.90s.
Saved snapshot to .aux/snapshot.pkl
Materializing graph...
Updating mappings... OK
Running mapping engine on the new data...
INFO | 2023-07-03 19:56:46,956 | Number of triples generated in total: 14.
INFO | 2023-07-03 19:56:51,421 | 86 mapping rules retrieved.
INFO | 2023-07-03 19:56:51,449 | Mapping partition with 1 groups generated.
INFO | 2023-07-03 19:56:51,450 | Maximum number of rules within mapping group: 86.
INFO | 2023-07-03 19:56:51,450 | Mappings processed in 1.588 seconds.
No removed data detected in the data source, no need to run the mapping engine.
Materialization complete in 5.36s
Constructing new graph... OK (0.00s)
Finished updating graph in 8.25s.
Updating data source...
	Adding data to data/AGENCY.csv... OK
	Removing data from data/AGENCY.csv... OK
Finished updating data source.
Updating graph...
data/CALENDAR_DATES.csv
	No new data, saved to .aux/new_data/data/CALENDAR_DATES.csv.
	No removed data, saved to .aux/removed_data/data/CALENDAR_DATES.csv.
data/STOP_TIMES.csv
	No new data, saved to .aux/new_data/data/STOP_TIMES.csv.
	No removed data, saved to .aux/removed_data/data/STOP_TIMES.csv.
data/STOPS.csv
	No new data, saved to .aux/new_data/data/STOPS.csv.
	No removed data, saved to .aux/removed_data/data/STOPS.csv.
data/AGENCY.csv
	Found new data, saved to .aux/new_data/data/AGENCY.csv.
	Found removed data, saved to .aux/removed_data/data/AGENCY.csv.
data/SHAPES.csv
	No new data, saved to .aux/new_data/data/SHAPES.csv.
	No removed data, saved to .aux/removed_data/data/SHAPES.csv.
data/CALENDAR.csv
	No new data, saved to .aux/new_data/data/CALENDAR.csv.
	No removed data, saved to .aux/removed_data/data/CALENDAR.csv.
data/FREQUENCIES.csv
	No new data, saved to .aux/new_data/data/FREQUENCIES.csv.
	No removed data, saved to .aux/removed_data/data/FREQUENCIES.csv.
data/FEED_INFO.csv
	No new data, saved to .aux/new_data/data/FEED_INFO.csv.
	No removed data, saved to .aux/removed_data/data/FEED_INFO.csv.
data/TRIPS.csv
	No new data, saved to .aux/new_data/data/TRIPS.csv.
	No removed data, saved to .aux/removed_data/data/TRIPS.csv.
data/ROUTES.csv
	No new data, saved to .aux/new_data/data/ROUTES.csv.
	No removed data, saved to .aux/removed_data/data/ROUTES.csv.
Finished calculating diff in 1.86s.
Saved snapshot to .aux/snapshot.pkl
Materializing graph...
Updating mappings... OK
Running mapping engine on the new data...
INFO | 2023-07-03 19:56:55,019 | Number of triples generated in total: 7.
INFO | 2023-07-03 19:56:56,633 | 86 mapping rules retrieved.
INFO | 2023-07-03 19:56:56,661 | Mapping partition with 1 groups generated.
INFO | 2023-07-03 19:56:56,661 | Maximum number of rules within mapping group: 86.
INFO | 2023-07-03 19:56:56,662 | Mappings processed in 1.592 seconds.
Updating mappings... OK
INFO | 2023-07-03 19:57:00,258 | Number of triples generated in total: 7.
Materialization complete in 10.44s
Constructing new graph... OK (0.00s)
Finished updating graph in 13.29s.
Restoring data sources...
	Restoring data/AGENCY.csv... OK
	Restoring data/FEED_INFO.csv... OK
Restored data sources.
Deleting .aux/snapshot.pkl... OK

------------------------------------------------------
Finished running test in 230.68s.
Summary:
	Created new version in 209.12s (3959530 triples)
	Updated in 8.25s (3959544 triples)
	Updated in 13.29s (3959544 triples)
######################### 2 #########################
INFO | 2023-07-03 19:57:29,459 | 86 mapping rules retrieved.
INFO | 2023-07-03 19:57:29,487 | Mapping partition with 1 groups generated.
INFO | 2023-07-03 19:57:29,488 | Maximum number of rules within mapping group: 86.
INFO | 2023-07-03 19:57:29,488 | Mappings processed in 1.633 seconds.
Running test test-morph-disk
Loading new graph...
data/AGENCY.csv
	Found new data, saved to .aux/new_data/data/AGENCY.csv.
	No removed data, saved to .aux/removed_data/data/AGENCY.csv.
data/CALENDAR.csv
	Found new data, saved to .aux/new_data/data/CALENDAR.csv.
	No removed data, saved to .aux/removed_data/data/CALENDAR.csv.
data/SHAPES.csv
	Found new data, saved to .aux/new_data/data/SHAPES.csv.
	No removed data, saved to .aux/removed_data/data/SHAPES.csv.
data/STOP_TIMES.csv
	Found new data, saved to .aux/new_data/data/STOP_TIMES.csv.
	No removed data, saved to .aux/removed_data/data/STOP_TIMES.csv.
data/TRIPS.csv
	Found new data, saved to .aux/new_data/data/TRIPS.csv.
	No removed data, saved to .aux/removed_data/data/TRIPS.csv.
data/STOPS.csv
	Found new data, saved to .aux/new_data/data/STOPS.csv.
	No removed data, saved to .aux/removed_data/data/STOPS.csv.
data/FEED_INFO.csv
	Found new data, saved to .aux/new_data/data/FEED_INFO.csv.
	No removed data, saved to .aux/removed_data/data/FEED_INFO.csv.
data/CALENDAR_DATES.csv
	Found new data, saved to .aux/new_data/data/CALENDAR_DATES.csv.
	No removed data, saved to .aux/removed_data/data/CALENDAR_DATES.csv.
data/FREQUENCIES.csv
	Found new data, saved to .aux/new_data/data/FREQUENCIES.csv.
	No removed data, saved to .aux/removed_data/data/FREQUENCIES.csv.
data/ROUTES.csv
	Found new data, saved to .aux/new_data/data/ROUTES.csv.
	No removed data, saved to .aux/removed_data/data/ROUTES.csv.
Finished calculating diff in 3.96s.
Saved snapshot to .aux/snapshot.pkl
Materializing graph...
Updating mappings... OK
Running mapping engine on the new data...
INFO | 2023-07-03 19:57:58,788 | Number of triples generated in total: 3959530.
INFO | 2023-07-03 20:00:46,000 | 86 mapping rules retrieved.
INFO | 2023-07-03 20:00:46,028 | Mapping partition with 1 groups generated.
INFO | 2023-07-03 20:00:46,029 | Maximum number of rules within mapping group: 86.
INFO | 2023-07-03 20:00:46,029 | Mappings processed in 1.654 seconds.
No removed data detected in the data source, no need to run the mapping engine.
Materialization complete in 193.55s
Loaded new graph in 198.28s
Updating data source...
	Adding data to data/AGENCY.csv... OK
	Adding data to data/FEED_INFO.csv... OK
Finished updating data source.
Updating graph...
data/AGENCY.csv
	Found new data, saved to .aux/new_data/data/AGENCY.csv.
	No removed data, saved to .aux/removed_data/data/AGENCY.csv.
data/CALENDAR.csv
	No new data, saved to .aux/new_data/data/CALENDAR.csv.
	No removed data, saved to .aux/removed_data/data/CALENDAR.csv.
data/SHAPES.csv
	No new data, saved to .aux/new_data/data/SHAPES.csv.
	No removed data, saved to .aux/removed_data/data/SHAPES.csv.
data/STOP_TIMES.csv
	No new data, saved to .aux/new_data/data/STOP_TIMES.csv.
	No removed data, saved to .aux/removed_data/data/STOP_TIMES.csv.
data/TRIPS.csv
	No new data, saved to .aux/new_data/data/TRIPS.csv.
	No removed data, saved to .aux/removed_data/data/TRIPS.csv.
data/STOPS.csv
	No new data, saved to .aux/new_data/data/STOPS.csv.
	No removed data, saved to .aux/removed_data/data/STOPS.csv.
data/FEED_INFO.csv
	Found new data, saved to .aux/new_data/data/FEED_INFO.csv.
	No removed data, saved to .aux/removed_data/data/FEED_INFO.csv.
data/CALENDAR_DATES.csv
	No new data, saved to .aux/new_data/data/CALENDAR_DATES.csv.
	No removed data, saved to .aux/removed_data/data/CALENDAR_DATES.csv.
data/FREQUENCIES.csv
	No new data, saved to .aux/new_data/data/FREQUENCIES.csv.
	No removed data, saved to .aux/removed_data/data/FREQUENCIES.csv.
data/ROUTES.csv
	No new data, saved to .aux/new_data/data/ROUTES.csv.
	No removed data, saved to .aux/removed_data/data/ROUTES.csv.
Finished calculating diff in 1.94s.
Saved snapshot to .aux/snapshot.pkl
Materializing graph...
Updating mappings... OK
Running mapping engine on the new data...
INFO | 2023-07-03 20:00:49,658 | Number of triples generated in total: 14.
INFO | 2023-07-03 20:00:54,137 | 86 mapping rules retrieved.
INFO | 2023-07-03 20:00:54,166 | Mapping partition with 1 groups generated.
INFO | 2023-07-03 20:00:54,166 | Maximum number of rules within mapping group: 86.
INFO | 2023-07-03 20:00:54,166 | Mappings processed in 1.583 seconds.
No removed data detected in the data source, no need to run the mapping engine.
Materialization complete in 5.33s
Constructing new graph... OK (0.00s)
Finished updating graph in 8.24s.
Updating data source...
	Adding data to data/AGENCY.csv... OK
	Removing data from data/AGENCY.csv... OK
Finished updating data source.
Updating graph...
data/AGENCY.csv
	Found new data, saved to .aux/new_data/data/AGENCY.csv.
	Found removed data, saved to .aux/removed_data/data/AGENCY.csv.
data/CALENDAR.csv
	No new data, saved to .aux/new_data/data/CALENDAR.csv.
	No removed data, saved to .aux/removed_data/data/CALENDAR.csv.
data/SHAPES.csv
	No new data, saved to .aux/new_data/data/SHAPES.csv.
	No removed data, saved to .aux/removed_data/data/SHAPES.csv.
data/STOP_TIMES.csv
	No new data, saved to .aux/new_data/data/STOP_TIMES.csv.
	No removed data, saved to .aux/removed_data/data/STOP_TIMES.csv.
data/TRIPS.csv
	No new data, saved to .aux/new_data/data/TRIPS.csv.
	No removed data, saved to .aux/removed_data/data/TRIPS.csv.
data/STOPS.csv
	No new data, saved to .aux/new_data/data/STOPS.csv.
	No removed data, saved to .aux/removed_data/data/STOPS.csv.
data/FEED_INFO.csv
	No new data, saved to .aux/new_data/data/FEED_INFO.csv.
	No removed data, saved to .aux/removed_data/data/FEED_INFO.csv.
data/CALENDAR_DATES.csv
	No new data, saved to .aux/new_data/data/CALENDAR_DATES.csv.
	No removed data, saved to .aux/removed_data/data/CALENDAR_DATES.csv.
data/FREQUENCIES.csv
	No new data, saved to .aux/new_data/data/FREQUENCIES.csv.
	No removed data, saved to .aux/removed_data/data/FREQUENCIES.csv.
data/ROUTES.csv
	No new data, saved to .aux/new_data/data/ROUTES.csv.
	No removed data, saved to .aux/removed_data/data/ROUTES.csv.
Finished calculating diff in 1.89s.
Saved snapshot to .aux/snapshot.pkl
Materializing graph...
Updating mappings... OK
Running mapping engine on the new data...
INFO | 2023-07-03 20:00:57,919 | Number of triples generated in total: 7.
INFO | 2023-07-03 20:00:59,544 | 86 mapping rules retrieved.
INFO | 2023-07-03 20:00:59,572 | Mapping partition with 1 groups generated.
INFO | 2023-07-03 20:00:59,573 | Maximum number of rules within mapping group: 86.
INFO | 2023-07-03 20:00:59,573 | Mappings processed in 1.601 seconds.
Updating mappings... OK
INFO | 2023-07-03 20:01:03,291 | Number of triples generated in total: 7.
Materialization complete in 10.75s
Constructing new graph... OK (0.00s)
Finished updating graph in 13.63s.
Restoring data sources...
	Restoring data/AGENCY.csv... OK
	Restoring data/FEED_INFO.csv... OK
Restored data sources.
Deleting .aux/snapshot.pkl... OK

------------------------------------------------------
Finished running test in 220.17s.
Summary:
	Created new version in 198.28s (3959530 triples)
	Updated in 8.24s (3959544 triples)
	Updated in 13.63s (3959544 triples)
######################### 3 #########################
INFO | 2023-07-03 20:01:32,447 | 86 mapping rules retrieved.
INFO | 2023-07-03 20:01:32,475 | Mapping partition with 1 groups generated.
INFO | 2023-07-03 20:01:32,476 | Maximum number of rules within mapping group: 86.
INFO | 2023-07-03 20:01:32,476 | Mappings processed in 1.630 seconds.
Running test test-morph-disk
Loading new graph...
data/STOPS.csv
	Found new data, saved to .aux/new_data/data/STOPS.csv.
	No removed data, saved to .aux/removed_data/data/STOPS.csv.
data/TRIPS.csv
	Found new data, saved to .aux/new_data/data/TRIPS.csv.
	No removed data, saved to .aux/removed_data/data/TRIPS.csv.
data/FREQUENCIES.csv
	Found new data, saved to .aux/new_data/data/FREQUENCIES.csv.
	No removed data, saved to .aux/removed_data/data/FREQUENCIES.csv.
data/CALENDAR.csv
	Found new data, saved to .aux/new_data/data/CALENDAR.csv.
	No removed data, saved to .aux/removed_data/data/CALENDAR.csv.
data/AGENCY.csv
	Found new data, saved to .aux/new_data/data/AGENCY.csv.
	No removed data, saved to .aux/removed_data/data/AGENCY.csv.
data/ROUTES.csv
	Found new data, saved to .aux/new_data/data/ROUTES.csv.
	No removed data, saved to .aux/removed_data/data/ROUTES.csv.
data/CALENDAR_DATES.csv
	Found new data, saved to .aux/new_data/data/CALENDAR_DATES.csv.
	No removed data, saved to .aux/removed_data/data/CALENDAR_DATES.csv.
data/SHAPES.csv
	Found new data, saved to .aux/new_data/data/SHAPES.csv.
	No removed data, saved to .aux/removed_data/data/SHAPES.csv.
data/FEED_INFO.csv
	Found new data, saved to .aux/new_data/data/FEED_INFO.csv.
	No removed data, saved to .aux/removed_data/data/FEED_INFO.csv.
data/STOP_TIMES.csv
	Found new data, saved to .aux/new_data/data/STOP_TIMES.csv.
	No removed data, saved to .aux/removed_data/data/STOP_TIMES.csv.
Finished calculating diff in 3.89s.
Saved snapshot to .aux/snapshot.pkl
Materializing graph...
Updating mappings... OK
Running mapping engine on the new data...
INFO | 2023-07-03 20:02:01,737 | Number of triples generated in total: 3959530.
INFO | 2023-07-03 20:04:48,744 | 86 mapping rules retrieved.
INFO | 2023-07-03 20:04:48,772 | Mapping partition with 1 groups generated.
INFO | 2023-07-03 20:04:48,772 | Maximum number of rules within mapping group: 86.
INFO | 2023-07-03 20:04:48,772 | Mappings processed in 1.591 seconds.
No removed data detected in the data source, no need to run the mapping engine.
Materialization complete in 193.44s
Loaded new graph in 198.09s
Updating data source...
	Adding data to data/AGENCY.csv... OK
	Adding data to data/FEED_INFO.csv... OK
Finished updating data source.
Updating graph...
data/STOPS.csv
	No new data, saved to .aux/new_data/data/STOPS.csv.
	No removed data, saved to .aux/removed_data/data/STOPS.csv.
data/TRIPS.csv
	No new data, saved to .aux/new_data/data/TRIPS.csv.
	No removed data, saved to .aux/removed_data/data/TRIPS.csv.
data/FREQUENCIES.csv
	No new data, saved to .aux/new_data/data/FREQUENCIES.csv.
	No removed data, saved to .aux/removed_data/data/FREQUENCIES.csv.
data/CALENDAR.csv
	No new data, saved to .aux/new_data/data/CALENDAR.csv.
	No removed data, saved to .aux/removed_data/data/CALENDAR.csv.
data/AGENCY.csv
	Found new data, saved to .aux/new_data/data/AGENCY.csv.
	No removed data, saved to .aux/removed_data/data/AGENCY.csv.
data/ROUTES.csv
	No new data, saved to .aux/new_data/data/ROUTES.csv.
	No removed data, saved to .aux/removed_data/data/ROUTES.csv.
data/CALENDAR_DATES.csv
	No new data, saved to .aux/new_data/data/CALENDAR_DATES.csv.
	No removed data, saved to .aux/removed_data/data/CALENDAR_DATES.csv.
data/SHAPES.csv
	No new data, saved to .aux/new_data/data/SHAPES.csv.
	No removed data, saved to .aux/removed_data/data/SHAPES.csv.
data/FEED_INFO.csv
	Found new data, saved to .aux/new_data/data/FEED_INFO.csv.
	No removed data, saved to .aux/removed_data/data/FEED_INFO.csv.
data/STOP_TIMES.csv
	No new data, saved to .aux/new_data/data/STOP_TIMES.csv.
	No removed data, saved to .aux/removed_data/data/STOP_TIMES.csv.
Finished calculating diff in 1.89s.
Saved snapshot to .aux/snapshot.pkl
Materializing graph...
Updating mappings... OK
Running mapping engine on the new data...
INFO | 2023-07-03 20:04:52,253 | Number of triples generated in total: 14.
INFO | 2023-07-03 20:04:56,699 | 86 mapping rules retrieved.
INFO | 2023-07-03 20:04:56,727 | Mapping partition with 1 groups generated.
INFO | 2023-07-03 20:04:56,728 | Maximum number of rules within mapping group: 86.
INFO | 2023-07-03 20:04:56,728 | Mappings processed in 1.583 seconds.
No removed data detected in the data source, no need to run the mapping engine.
Materialization complete in 5.12s
Constructing new graph... OK (0.00s)
Finished updating graph in 7.95s.
Updating data source...
	Adding data to data/AGENCY.csv... OK
	Removing data from data/AGENCY.csv... OK
Finished updating data source.
Updating graph...
data/STOPS.csv
	No new data, saved to .aux/new_data/data/STOPS.csv.
	No removed data, saved to .aux/removed_data/data/STOPS.csv.
data/TRIPS.csv
	No new data, saved to .aux/new_data/data/TRIPS.csv.
	No removed data, saved to .aux/removed_data/data/TRIPS.csv.
data/FREQUENCIES.csv
	No new data, saved to .aux/new_data/data/FREQUENCIES.csv.
	No removed data, saved to .aux/removed_data/data/FREQUENCIES.csv.
data/CALENDAR.csv
	No new data, saved to .aux/new_data/data/CALENDAR.csv.
	No removed data, saved to .aux/removed_data/data/CALENDAR.csv.
data/AGENCY.csv
	Found new data, saved to .aux/new_data/data/AGENCY.csv.
	Found removed data, saved to .aux/removed_data/data/AGENCY.csv.
data/ROUTES.csv
	No new data, saved to .aux/new_data/data/ROUTES.csv.
	No removed data, saved to .aux/removed_data/data/ROUTES.csv.
data/CALENDAR_DATES.csv
	No new data, saved to .aux/new_data/data/CALENDAR_DATES.csv.
	No removed data, saved to .aux/removed_data/data/CALENDAR_DATES.csv.
data/SHAPES.csv
	No new data, saved to .aux/new_data/data/SHAPES.csv.
	No removed data, saved to .aux/removed_data/data/SHAPES.csv.
data/FEED_INFO.csv
	No new data, saved to .aux/new_data/data/FEED_INFO.csv.
	No removed data, saved to .aux/removed_data/data/FEED_INFO.csv.
data/STOP_TIMES.csv
	No new data, saved to .aux/new_data/data/STOP_TIMES.csv.
	No removed data, saved to .aux/removed_data/data/STOP_TIMES.csv.
Finished calculating diff in 1.85s.
Saved snapshot to .aux/snapshot.pkl
Materializing graph...
Updating mappings... OK
Running mapping engine on the new data...
INFO | 2023-07-03 20:05:00,336 | Number of triples generated in total: 7.
INFO | 2023-07-03 20:05:01,948 | 86 mapping rules retrieved.
INFO | 2023-07-03 20:05:01,976 | Mapping partition with 1 groups generated.
INFO | 2023-07-03 20:05:01,976 | Maximum number of rules within mapping group: 86.
INFO | 2023-07-03 20:05:01,976 | Mappings processed in 1.590 seconds.
Updating mappings... OK
INFO | 2023-07-03 20:05:05,553 | Number of triples generated in total: 7.
Materialization complete in 10.45s
Constructing new graph... OK (0.00s)
Finished updating graph in 13.29s.
Restoring data sources...
	Restoring data/AGENCY.csv... OK
	Restoring data/FEED_INFO.csv... OK
Restored data sources.
Deleting .aux/snapshot.pkl... OK

------------------------------------------------------
Finished running test in 219.35s.
Summary:
	Created new version in 198.09s (3959530 triples)
	Updated in 7.95s (3959544 triples)
	Updated in 13.29s (3959544 triples)
######################### 4 #########################
INFO | 2023-07-03 20:05:34,293 | 86 mapping rules retrieved.
INFO | 2023-07-03 20:05:34,321 | Mapping partition with 1 groups generated.
INFO | 2023-07-03 20:05:34,322 | Maximum number of rules within mapping group: 86.
INFO | 2023-07-03 20:05:34,322 | Mappings processed in 1.627 seconds.
Running test test-morph-disk
Loading new graph...
data/ROUTES.csv
	Found new data, saved to .aux/new_data/data/ROUTES.csv.
	No removed data, saved to .aux/removed_data/data/ROUTES.csv.
data/CALENDAR.csv
	Found new data, saved to .aux/new_data/data/CALENDAR.csv.
	No removed data, saved to .aux/removed_data/data/CALENDAR.csv.
data/CALENDAR_DATES.csv
	Found new data, saved to .aux/new_data/data/CALENDAR_DATES.csv.
	No removed data, saved to .aux/removed_data/data/CALENDAR_DATES.csv.
data/STOP_TIMES.csv
	Found new data, saved to .aux/new_data/data/STOP_TIMES.csv.
	No removed data, saved to .aux/removed_data/data/STOP_TIMES.csv.
data/SHAPES.csv
	Found new data, saved to .aux/new_data/data/SHAPES.csv.
	No removed data, saved to .aux/removed_data/data/SHAPES.csv.
data/FREQUENCIES.csv
	Found new data, saved to .aux/new_data/data/FREQUENCIES.csv.
	No removed data, saved to .aux/removed_data/data/FREQUENCIES.csv.
data/FEED_INFO.csv
	Found new data, saved to .aux/new_data/data/FEED_INFO.csv.
	No removed data, saved to .aux/removed_data/data/FEED_INFO.csv.
data/AGENCY.csv
	Found new data, saved to .aux/new_data/data/AGENCY.csv.
	No removed data, saved to .aux/removed_data/data/AGENCY.csv.
data/TRIPS.csv
	Found new data, saved to .aux/new_data/data/TRIPS.csv.
	No removed data, saved to .aux/removed_data/data/TRIPS.csv.
data/STOPS.csv
	Found new data, saved to .aux/new_data/data/STOPS.csv.
	No removed data, saved to .aux/removed_data/data/STOPS.csv.
Finished calculating diff in 3.96s.
Saved snapshot to .aux/snapshot.pkl
Materializing graph...
Updating mappings... OK
Running mapping engine on the new data...
INFO | 2023-07-03 20:06:03,447 | Number of triples generated in total: 3959530.
INFO | 2023-07-03 20:08:52,128 | 86 mapping rules retrieved.
INFO | 2023-07-03 20:08:52,155 | Mapping partition with 1 groups generated.
INFO | 2023-07-03 20:08:52,156 | Maximum number of rules within mapping group: 86.
INFO | 2023-07-03 20:08:52,156 | Mappings processed in 1.581 seconds.
No removed data detected in the data source, no need to run the mapping engine.
Materialization complete in 194.92s
Loaded new graph in 199.64s
Updating data source...
	Adding data to data/AGENCY.csv... OK
	Adding data to data/FEED_INFO.csv... OK
Finished updating data source.
Updating graph...
data/ROUTES.csv
	No new data, saved to .aux/new_data/data/ROUTES.csv.
	No removed data, saved to .aux/removed_data/data/ROUTES.csv.
data/CALENDAR.csv
	No new data, saved to .aux/new_data/data/CALENDAR.csv.
	No removed data, saved to .aux/removed_data/data/CALENDAR.csv.
data/CALENDAR_DATES.csv
	No new data, saved to .aux/new_data/data/CALENDAR_DATES.csv.
	No removed data, saved to .aux/removed_data/data/CALENDAR_DATES.csv.
data/STOP_TIMES.csv
	No new data, saved to .aux/new_data/data/STOP_TIMES.csv.
	No removed data, saved to .aux/removed_data/data/STOP_TIMES.csv.
data/SHAPES.csv
	No new data, saved to .aux/new_data/data/SHAPES.csv.
	No removed data, saved to .aux/removed_data/data/SHAPES.csv.
data/FREQUENCIES.csv
	No new data, saved to .aux/new_data/data/FREQUENCIES.csv.
	No removed data, saved to .aux/removed_data/data/FREQUENCIES.csv.
data/FEED_INFO.csv
	Found new data, saved to .aux/new_data/data/FEED_INFO.csv.
	No removed data, saved to .aux/removed_data/data/FEED_INFO.csv.
data/AGENCY.csv
	Found new data, saved to .aux/new_data/data/AGENCY.csv.
	No removed data, saved to .aux/removed_data/data/AGENCY.csv.
data/TRIPS.csv
	No new data, saved to .aux/new_data/data/TRIPS.csv.
	No removed data, saved to .aux/removed_data/data/TRIPS.csv.
data/STOPS.csv
	No new data, saved to .aux/new_data/data/STOPS.csv.
	No removed data, saved to .aux/removed_data/data/STOPS.csv.
Finished calculating diff in 1.92s.
Saved snapshot to .aux/snapshot.pkl
Materializing graph...
Updating mappings... OK
Running mapping engine on the new data...
INFO | 2023-07-03 20:08:55,718 | Number of triples generated in total: 14.
INFO | 2023-07-03 20:09:00,215 | 86 mapping rules retrieved.
INFO | 2023-07-03 20:09:00,243 | Mapping partition with 1 groups generated.
INFO | 2023-07-03 20:09:00,244 | Maximum number of rules within mapping group: 86.
INFO | 2023-07-03 20:09:00,244 | Mappings processed in 1.578 seconds.
No removed data detected in the data source, no need to run the mapping engine.
Materialization complete in 5.19s
Constructing new graph... OK (0.00s)
Finished updating graph in 8.09s.
Updating data source...
	Adding data to data/AGENCY.csv... OK
	Removing data from data/AGENCY.csv... OK
Finished updating data source.
Updating graph...
data/ROUTES.csv
	No new data, saved to .aux/new_data/data/ROUTES.csv.
	No removed data, saved to .aux/removed_data/data/ROUTES.csv.
data/CALENDAR.csv
	No new data, saved to .aux/new_data/data/CALENDAR.csv.
	No removed data, saved to .aux/removed_data/data/CALENDAR.csv.
data/CALENDAR_DATES.csv
	No new data, saved to .aux/new_data/data/CALENDAR_DATES.csv.
	No removed data, saved to .aux/removed_data/data/CALENDAR_DATES.csv.
data/STOP_TIMES.csv
	No new data, saved to .aux/new_data/data/STOP_TIMES.csv.
	No removed data, saved to .aux/removed_data/data/STOP_TIMES.csv.
data/SHAPES.csv
	No new data, saved to .aux/new_data/data/SHAPES.csv.
	No removed data, saved to .aux/removed_data/data/SHAPES.csv.
data/FREQUENCIES.csv
	No new data, saved to .aux/new_data/data/FREQUENCIES.csv.
	No removed data, saved to .aux/removed_data/data/FREQUENCIES.csv.
data/FEED_INFO.csv
	No new data, saved to .aux/new_data/data/FEED_INFO.csv.
	No removed data, saved to .aux/removed_data/data/FEED_INFO.csv.
data/AGENCY.csv
	Found new data, saved to .aux/new_data/data/AGENCY.csv.
	Found removed data, saved to .aux/removed_data/data/AGENCY.csv.
data/TRIPS.csv
	No new data, saved to .aux/new_data/data/TRIPS.csv.
	No removed data, saved to .aux/removed_data/data/TRIPS.csv.
data/STOPS.csv
	No new data, saved to .aux/new_data/data/STOPS.csv.
	No removed data, saved to .aux/removed_data/data/STOPS.csv.
Finished calculating diff in 1.89s.
Saved snapshot to .aux/snapshot.pkl
Materializing graph...
Updating mappings... OK
Running mapping engine on the new data...
INFO | 2023-07-03 20:09:03,800 | Number of triples generated in total: 7.
INFO | 2023-07-03 20:09:05,417 | 86 mapping rules retrieved.
INFO | 2023-07-03 20:09:05,445 | Mapping partition with 1 groups generated.
INFO | 2023-07-03 20:09:05,445 | Maximum number of rules within mapping group: 86.
INFO | 2023-07-03 20:09:05,445 | Mappings processed in 1.591 seconds.
Updating mappings... OK
INFO | 2023-07-03 20:09:08,985 | Number of triples generated in total: 7.
Materialization complete in 10.36s
Constructing new graph... OK (0.00s)
Finished updating graph in 13.25s.
Restoring data sources...
	Restoring data/AGENCY.csv... OK
	Restoring data/FEED_INFO.csv... OK
Restored data sources.
Deleting .aux/snapshot.pkl... OK

------------------------------------------------------
Finished running test in 221.01s.
Summary:
	Created new version in 199.64s (3959530 triples)
	Updated in 8.09s (3959544 triples)
	Updated in 13.25s (3959544 triples)
######################### 5 #########################
INFO | 2023-07-03 20:09:37,738 | 86 mapping rules retrieved.
INFO | 2023-07-03 20:09:37,767 | Mapping partition with 1 groups generated.
INFO | 2023-07-03 20:09:37,767 | Maximum number of rules within mapping group: 86.
INFO | 2023-07-03 20:09:37,768 | Mappings processed in 1.627 seconds.
Running test test-morph-disk
Loading new graph...
data/STOP_TIMES.csv
	Found new data, saved to .aux/new_data/data/STOP_TIMES.csv.
	No removed data, saved to .aux/removed_data/data/STOP_TIMES.csv.
data/CALENDAR_DATES.csv
	Found new data, saved to .aux/new_data/data/CALENDAR_DATES.csv.
	No removed data, saved to .aux/removed_data/data/CALENDAR_DATES.csv.
data/CALENDAR.csv
	Found new data, saved to .aux/new_data/data/CALENDAR.csv.
	No removed data, saved to .aux/removed_data/data/CALENDAR.csv.
data/TRIPS.csv
	Found new data, saved to .aux/new_data/data/TRIPS.csv.
	No removed data, saved to .aux/removed_data/data/TRIPS.csv.
data/FREQUENCIES.csv
	Found new data, saved to .aux/new_data/data/FREQUENCIES.csv.
	No removed data, saved to .aux/removed_data/data/FREQUENCIES.csv.
data/AGENCY.csv
	Found new data, saved to .aux/new_data/data/AGENCY.csv.
	No removed data, saved to .aux/removed_data/data/AGENCY.csv.
data/ROUTES.csv
	Found new data, saved to .aux/new_data/data/ROUTES.csv.
	No removed data, saved to .aux/removed_data/data/ROUTES.csv.
data/STOPS.csv
	Found new data, saved to .aux/new_data/data/STOPS.csv.
	No removed data, saved to .aux/removed_data/data/STOPS.csv.
data/SHAPES.csv
	Found new data, saved to .aux/new_data/data/SHAPES.csv.
	No removed data, saved to .aux/removed_data/data/SHAPES.csv.
data/FEED_INFO.csv
	Found new data, saved to .aux/new_data/data/FEED_INFO.csv.
	No removed data, saved to .aux/removed_data/data/FEED_INFO.csv.
Finished calculating diff in 3.95s.
Saved snapshot to .aux/snapshot.pkl
Materializing graph...
Updating mappings... OK
Running mapping engine on the new data...
INFO | 2023-07-03 20:10:06,830 | Number of triples generated in total: 3959530.
INFO | 2023-07-03 20:12:54,509 | 86 mapping rules retrieved.
INFO | 2023-07-03 20:12:54,536 | Mapping partition with 1 groups generated.
INFO | 2023-07-03 20:12:54,537 | Maximum number of rules within mapping group: 86.
INFO | 2023-07-03 20:12:54,537 | Mappings processed in 1.582 seconds.
No removed data detected in the data source, no need to run the mapping engine.
Materialization complete in 193.87s
Loaded new graph in 198.58s
Updating data source...
	Adding data to data/AGENCY.csv... OK
	Adding data to data/FEED_INFO.csv... OK
Finished updating data source.
Updating graph...
data/STOP_TIMES.csv
	No new data, saved to .aux/new_data/data/STOP_TIMES.csv.
	No removed data, saved to .aux/removed_data/data/STOP_TIMES.csv.
data/CALENDAR_DATES.csv
	No new data, saved to .aux/new_data/data/CALENDAR_DATES.csv.
	No removed data, saved to .aux/removed_data/data/CALENDAR_DATES.csv.
data/CALENDAR.csv
	No new data, saved to .aux/new_data/data/CALENDAR.csv.
	No removed data, saved to .aux/removed_data/data/CALENDAR.csv.
data/TRIPS.csv
	No new data, saved to .aux/new_data/data/TRIPS.csv.
	No removed data, saved to .aux/removed_data/data/TRIPS.csv.
data/FREQUENCIES.csv
	No new data, saved to .aux/new_data/data/FREQUENCIES.csv.
	No removed data, saved to .aux/removed_data/data/FREQUENCIES.csv.
data/AGENCY.csv
	Found new data, saved to .aux/new_data/data/AGENCY.csv.
	No removed data, saved to .aux/removed_data/data/AGENCY.csv.
data/ROUTES.csv
	No new data, saved to .aux/new_data/data/ROUTES.csv.
	No removed data, saved to .aux/removed_data/data/ROUTES.csv.
data/STOPS.csv
	No new data, saved to .aux/new_data/data/STOPS.csv.
	No removed data, saved to .aux/removed_data/data/STOPS.csv.
data/SHAPES.csv
	No new data, saved to .aux/new_data/data/SHAPES.csv.
	No removed data, saved to .aux/removed_data/data/SHAPES.csv.
data/FEED_INFO.csv
	Found new data, saved to .aux/new_data/data/FEED_INFO.csv.
	No removed data, saved to .aux/removed_data/data/FEED_INFO.csv.
Finished calculating diff in 1.92s.
Saved snapshot to .aux/snapshot.pkl
Materializing graph...
Updating mappings... OK
Running mapping engine on the new data...
INFO | 2023-07-03 20:12:58,090 | Number of triples generated in total: 14.
INFO | 2023-07-03 20:13:02,547 | 86 mapping rules retrieved.
INFO | 2023-07-03 20:13:02,574 | Mapping partition with 1 groups generated.
INFO | 2023-07-03 20:13:02,575 | Maximum number of rules within mapping group: 86.
INFO | 2023-07-03 20:13:02,575 | Mappings processed in 1.584 seconds.
No removed data detected in the data source, no need to run the mapping engine.
Materialization complete in 5.18s
Constructing new graph... OK (0.00s)
Finished updating graph in 8.06s.
Updating data source...
	Adding data to data/AGENCY.csv... OK
	Removing data from data/AGENCY.csv... OK
Finished updating data source.
Updating graph...
data/STOP_TIMES.csv
	No new data, saved to .aux/new_data/data/STOP_TIMES.csv.
	No removed data, saved to .aux/removed_data/data/STOP_TIMES.csv.
data/CALENDAR_DATES.csv
	No new data, saved to .aux/new_data/data/CALENDAR_DATES.csv.
	No removed data, saved to .aux/removed_data/data/CALENDAR_DATES.csv.
data/CALENDAR.csv
	No new data, saved to .aux/new_data/data/CALENDAR.csv.
	No removed data, saved to .aux/removed_data/data/CALENDAR.csv.
data/TRIPS.csv
	No new data, saved to .aux/new_data/data/TRIPS.csv.
	No removed data, saved to .aux/removed_data/data/TRIPS.csv.
data/FREQUENCIES.csv
	No new data, saved to .aux/new_data/data/FREQUENCIES.csv.
	No removed data, saved to .aux/removed_data/data/FREQUENCIES.csv.
data/AGENCY.csv
	Found new data, saved to .aux/new_data/data/AGENCY.csv.
	Found removed data, saved to .aux/removed_data/data/AGENCY.csv.
data/ROUTES.csv
	No new data, saved to .aux/new_data/data/ROUTES.csv.
	No removed data, saved to .aux/removed_data/data/ROUTES.csv.
data/STOPS.csv
	No new data, saved to .aux/new_data/data/STOPS.csv.
	No removed data, saved to .aux/removed_data/data/STOPS.csv.
data/SHAPES.csv
	No new data, saved to .aux/new_data/data/SHAPES.csv.
	No removed data, saved to .aux/removed_data/data/SHAPES.csv.
data/FEED_INFO.csv
	No new data, saved to .aux/new_data/data/FEED_INFO.csv.
	No removed data, saved to .aux/removed_data/data/FEED_INFO.csv.
Finished calculating diff in 1.87s.
Saved snapshot to .aux/snapshot.pkl
Materializing graph...
Updating mappings... OK
Running mapping engine on the new data...
INFO | 2023-07-03 20:13:06,183 | Number of triples generated in total: 7.
INFO | 2023-07-03 20:13:07,791 | 86 mapping rules retrieved.
INFO | 2023-07-03 20:13:07,819 | Mapping partition with 1 groups generated.
INFO | 2023-07-03 20:13:07,820 | Maximum number of rules within mapping group: 86.
INFO | 2023-07-03 20:13:07,820 | Mappings processed in 1.585 seconds.
Updating mappings... OK
INFO | 2023-07-03 20:13:11,418 | Number of triples generated in total: 7.
Materialization complete in 10.47s
Constructing new graph... OK (0.00s)
Finished updating graph in 13.32s.
Restoring data sources...
	Restoring data/AGENCY.csv... OK
	Restoring data/FEED_INFO.csv... OK
Restored data sources.
Deleting .aux/snapshot.pkl... OK

------------------------------------------------------
Finished running test in 219.98s.
Summary:
	Created new version in 198.58s (3959530 triples)
	Updated in 8.06s (3959544 triples)
	Updated in 13.32s (3959544 triples)
