######################### 1 #########################
Running test test-rdfizer
Loading new graph...
data/AGENCY.csv
	Found new data, saved to .aux/new_data/data/AGENCY.csv.
	No removed data.
data/CALENDAR.csv
	Found new data, saved to .aux/new_data/data/CALENDAR.csv.
	No removed data.
data/ROUTES.csv
	Found new data, saved to .aux/new_data/data/ROUTES.csv.
	No removed data.
data/STOPS.csv
	Found new data, saved to .aux/new_data/data/STOPS.csv.
	No removed data.
data/FEED_INFO.csv
	Found new data, saved to .aux/new_data/data/FEED_INFO.csv.
	No removed data.
data/FREQUENCIES.csv
	Found new data, saved to .aux/new_data/data/FREQUENCIES.csv.
	No removed data.
data/SHAPES.csv
	Found new data, saved to .aux/new_data/data/SHAPES.csv.
	No removed data.
data/STOP_TIMES.csv
	Found new data, saved to .aux/new_data/data/STOP_TIMES.csv.
	No removed data.
data/CALENDAR_DATES.csv
	Found new data, saved to .aux/new_data/data/CALENDAR_DATES.csv.
	No removed data.
data/TRIPS.csv
	Found new data, saved to .aux/new_data/data/TRIPS.csv.
	No removed data.
Finished calculating diff in 11.28s.
Saved snapshot to .aux/snapshot.pkl
Materializing graph...
Updating mappings... OK
Running mapping engine on the new data...
Semantifying new_data...
TM: http://mapping.example.com/map_calendar_date_rules_000
TM: http://mapping.example.com/map_services2_000
TM: http://mapping.example.com/map_feed_000
TM: http://mapping.example.com/map_frequencies_000
TM: http://mapping.example.com/map_shapePoints_000
TM: http://mapping.example.com/map_shapes_000
TM: http://mapping.example.com/map_stoptimes_000
TM: http://mapping.example.com/map_agency_000
TM: http://mapping.example.com/map_calendar_rules_000
TM: http://mapping.example.com/map_services1_000
TM: http://mapping.example.com/map_routes_000
TM: http://mapping.example.com/map_stops_000
TM: http://mapping.example.com/map_trips_000
Successfully semantified new_data.


Successfully semantified all datasets in 277.707 seconds.
No removed data detected in the data source, no need to run the mapping engine.
Materialization complete in 636.38s
Loaded new graph in 650.21s
Updating data source...
	Adding data to data/AGENCY.csv... OK
	Adding data to data/FEED_INFO.csv... OK
Finished updating data source.
Updating graph...
data/AGENCY.csv
	Found new data, saved to .aux/new_data/data/AGENCY.csv.
	No removed data.
data/CALENDAR.csv
	No new data.
	No removed data.
data/ROUTES.csv
	No new data.
	No removed data.
data/STOPS.csv
	No new data.
	No removed data.
data/FEED_INFO.csv
	Found new data, saved to .aux/new_data/data/FEED_INFO.csv.
	No removed data.
data/FREQUENCIES.csv
	No new data.
	No removed data.
data/SHAPES.csv
	No new data.
	No removed data.
data/STOP_TIMES.csv
	No new data.
	No removed data.
data/CALENDAR_DATES.csv
	No new data.
	No removed data.
data/TRIPS.csv
	No new data.
	No removed data.
Finished calculating diff in 5.84s.
Saved snapshot to .aux/snapshot.pkl
Materializing graph...
Updating mappings... OK
Running mapping engine on the new data...
Semantifying new_data...
TM: http://mapping.example.com/map_agency_000
TM: http://mapping.example.com/map_feed_000
Successfully semantified new_data.


Successfully semantified all datasets in 0.330 seconds.
No removed data detected in the data source, no need to run the mapping engine.
Materialization complete in 0.34s
Constructing new graph... OK (0.00s)
Finished updating graph in 9.43s.
Updating data source...
	Adding data to data/AGENCY.csv... OK
	Removing data from data/AGENCY.csv... OK
Finished updating data source.
Updating graph...
data/AGENCY.csv
	Found new data, saved to .aux/new_data/data/AGENCY.csv.
	Found removed data, saved to .aux/removed_data/data/AGENCY.csv.
data/CALENDAR.csv
	No new data.
	No removed data.
data/ROUTES.csv
	No new data.
	No removed data.
data/STOPS.csv
	No new data.
	No removed data.
data/FEED_INFO.csv
	No new data.
	No removed data.
data/FREQUENCIES.csv
	No new data.
	No removed data.
data/SHAPES.csv
	No new data.
	No removed data.
data/STOP_TIMES.csv
	No new data.
	No removed data.
data/CALENDAR_DATES.csv
	No new data.
	No removed data.
data/TRIPS.csv
	No new data.
	No removed data.
Finished calculating diff in 5.84s.
Saved snapshot to .aux/snapshot.pkl
Materializing graph...
Updating mappings... OK
Running mapping engine on the new data...
Semantifying new_data...
TM: http://mapping.example.com/map_agency_000
Successfully semantified new_data.


Successfully semantified all datasets in 0.124 seconds.
Updating mappings... OK
Semantifying removed_data...
TM: http://mapping.example.com/map_agency_000
Successfully semantified removed_data.


Successfully semantified all datasets in 0.123 seconds.
Materialization complete in 0.27s
Constructing new graph... OK (0.00s)
Finished updating graph in 9.46s.
Restoring data sources...
	Restoring data/AGENCY.csv... OK
	Restoring data/FEED_INFO.csv... OK
Restored data sources.
Deleting .aux/snapshot.pkl... OK

------------------------------------------------------
Finished running test in 669.12s.
Summary:
	Created new version in 650.21s (9898825 triples)
	Updated in 9.43s (9898839 triples)
	Updated in 9.46s (9898839 triples)
######################### 2 #########################
Running test test-rdfizer
Loading new graph...
data/STOP_TIMES.csv
	Found new data, saved to .aux/new_data/data/STOP_TIMES.csv.
	No removed data.
data/STOPS.csv
	Found new data, saved to .aux/new_data/data/STOPS.csv.
	No removed data.
data/CALENDAR.csv
	Found new data, saved to .aux/new_data/data/CALENDAR.csv.
	No removed data.
data/TRIPS.csv
	Found new data, saved to .aux/new_data/data/TRIPS.csv.
	No removed data.
data/ROUTES.csv
	Found new data, saved to .aux/new_data/data/ROUTES.csv.
	No removed data.
data/CALENDAR_DATES.csv
	Found new data, saved to .aux/new_data/data/CALENDAR_DATES.csv.
	No removed data.
data/FREQUENCIES.csv
	Found new data, saved to .aux/new_data/data/FREQUENCIES.csv.
	No removed data.
data/SHAPES.csv
	Found new data, saved to .aux/new_data/data/SHAPES.csv.
	No removed data.
data/FEED_INFO.csv
	Found new data, saved to .aux/new_data/data/FEED_INFO.csv.
	No removed data.
data/AGENCY.csv
	Found new data, saved to .aux/new_data/data/AGENCY.csv.
	No removed data.
Finished calculating diff in 11.11s.
Saved snapshot to .aux/snapshot.pkl
Materializing graph...
Updating mappings... OK
Running mapping engine on the new data...
Semantifying new_data...
TM: http://mapping.example.com/map_calendar_date_rules_000
TM: http://mapping.example.com/map_services2_000
TM: http://mapping.example.com/map_feed_000
TM: http://mapping.example.com/map_frequencies_000
TM: http://mapping.example.com/map_shapePoints_000
TM: http://mapping.example.com/map_shapes_000
TM: http://mapping.example.com/map_stoptimes_000
TM: http://mapping.example.com/map_agency_000
TM: http://mapping.example.com/map_calendar_rules_000
TM: http://mapping.example.com/map_services1_000
TM: http://mapping.example.com/map_routes_000
TM: http://mapping.example.com/map_stops_000
TM: http://mapping.example.com/map_trips_000
Successfully semantified new_data.


Successfully semantified all datasets in 279.049 seconds.
No removed data detected in the data source, no need to run the mapping engine.
Materialization complete in 637.91s
Loaded new graph in 651.53s
Updating data source...
	Adding data to data/AGENCY.csv... OK
	Adding data to data/FEED_INFO.csv... OK
Finished updating data source.
Updating graph...
data/STOP_TIMES.csv
	No new data.
	No removed data.
data/STOPS.csv
	No new data.
	No removed data.
data/CALENDAR.csv
	No new data.
	No removed data.
data/TRIPS.csv
	No new data.
	No removed data.
data/ROUTES.csv
	No new data.
	No removed data.
data/CALENDAR_DATES.csv
	No new data.
	No removed data.
data/FREQUENCIES.csv
	No new data.
	No removed data.
data/SHAPES.csv
	No new data.
	No removed data.
data/FEED_INFO.csv
	Found new data, saved to .aux/new_data/data/FEED_INFO.csv.
	No removed data.
data/AGENCY.csv
	Found new data, saved to .aux/new_data/data/AGENCY.csv.
	No removed data.
Finished calculating diff in 5.79s.
Saved snapshot to .aux/snapshot.pkl
Materializing graph...
Updating mappings... OK
Running mapping engine on the new data...
Semantifying new_data...
TM: http://mapping.example.com/map_agency_000
TM: http://mapping.example.com/map_feed_000
Successfully semantified new_data.


Successfully semantified all datasets in 0.337 seconds.
No removed data detected in the data source, no need to run the mapping engine.
Materialization complete in 0.35s
Constructing new graph... OK (0.00s)
Finished updating graph in 9.47s.
Updating data source...
	Adding data to data/AGENCY.csv... OK
	Removing data from data/AGENCY.csv... OK
Finished updating data source.
Updating graph...
data/STOP_TIMES.csv
	No new data.
	No removed data.
data/STOPS.csv
	No new data.
	No removed data.
data/CALENDAR.csv
	No new data.
	No removed data.
data/TRIPS.csv
	No new data.
	No removed data.
data/ROUTES.csv
	No new data.
	No removed data.
data/CALENDAR_DATES.csv
	No new data.
	No removed data.
data/FREQUENCIES.csv
	No new data.
	No removed data.
data/SHAPES.csv
	No new data.
	No removed data.
data/FEED_INFO.csv
	No new data.
	No removed data.
data/AGENCY.csv
	Found new data, saved to .aux/new_data/data/AGENCY.csv.
	Found removed data, saved to .aux/removed_data/data/AGENCY.csv.
Finished calculating diff in 5.79s.
Saved snapshot to .aux/snapshot.pkl
Materializing graph...
Updating mappings... OK
Running mapping engine on the new data...
Semantifying new_data...
TM: http://mapping.example.com/map_agency_000
Successfully semantified new_data.


Successfully semantified all datasets in 0.125 seconds.
Updating mappings... OK
Semantifying removed_data...
TM: http://mapping.example.com/map_agency_000
Successfully semantified removed_data.


Successfully semantified all datasets in 0.121 seconds.
Materialization complete in 0.26s
Constructing new graph... OK (0.00s)
Finished updating graph in 9.44s.
Restoring data sources...
	Restoring data/AGENCY.csv... OK
	Restoring data/FEED_INFO.csv... OK
Restored data sources.
Deleting .aux/snapshot.pkl... OK

------------------------------------------------------
Finished running test in 670.46s.
Summary:
	Created new version in 651.53s (9898825 triples)
	Updated in 9.47s (9898839 triples)
	Updated in 9.44s (9898839 triples)
######################### 3 #########################
Running test test-rdfizer
Loading new graph...
data/FREQUENCIES.csv
	Found new data, saved to .aux/new_data/data/FREQUENCIES.csv.
	No removed data.
data/STOPS.csv
	Found new data, saved to .aux/new_data/data/STOPS.csv.
	No removed data.
data/TRIPS.csv
	Found new data, saved to .aux/new_data/data/TRIPS.csv.
	No removed data.
data/ROUTES.csv
	Found new data, saved to .aux/new_data/data/ROUTES.csv.
	No removed data.
data/CALENDAR_DATES.csv
	Found new data, saved to .aux/new_data/data/CALENDAR_DATES.csv.
	No removed data.
data/FEED_INFO.csv
	Found new data, saved to .aux/new_data/data/FEED_INFO.csv.
	No removed data.
data/CALENDAR.csv
	Found new data, saved to .aux/new_data/data/CALENDAR.csv.
	No removed data.
data/AGENCY.csv
	Found new data, saved to .aux/new_data/data/AGENCY.csv.
	No removed data.
data/SHAPES.csv
	Found new data, saved to .aux/new_data/data/SHAPES.csv.
	No removed data.
data/STOP_TIMES.csv
	Found new data, saved to .aux/new_data/data/STOP_TIMES.csv.
	No removed data.
Finished calculating diff in 11.01s.
Saved snapshot to .aux/snapshot.pkl
Materializing graph...
Updating mappings... OK
Running mapping engine on the new data...
Semantifying new_data...
TM: http://mapping.example.com/map_calendar_date_rules_000
TM: http://mapping.example.com/map_services2_000
TM: http://mapping.example.com/map_feed_000
TM: http://mapping.example.com/map_frequencies_000
TM: http://mapping.example.com/map_shapePoints_000
TM: http://mapping.example.com/map_shapes_000
TM: http://mapping.example.com/map_stoptimes_000
TM: http://mapping.example.com/map_agency_000
TM: http://mapping.example.com/map_calendar_rules_000
TM: http://mapping.example.com/map_services1_000
TM: http://mapping.example.com/map_routes_000
TM: http://mapping.example.com/map_stops_000
TM: http://mapping.example.com/map_trips_000
Successfully semantified new_data.


Successfully semantified all datasets in 275.904 seconds.
No removed data detected in the data source, no need to run the mapping engine.
Materialization complete in 629.95s
Loaded new graph in 643.47s
Updating data source...
	Adding data to data/AGENCY.csv... OK
	Adding data to data/FEED_INFO.csv... OK
Finished updating data source.
Updating graph...
data/FREQUENCIES.csv
	No new data.
	No removed data.
data/STOPS.csv
	No new data.
	No removed data.
data/TRIPS.csv
	No new data.
	No removed data.
data/ROUTES.csv
	No new data.
	No removed data.
data/CALENDAR_DATES.csv
	No new data.
	No removed data.
data/FEED_INFO.csv
	Found new data, saved to .aux/new_data/data/FEED_INFO.csv.
	No removed data.
data/CALENDAR.csv
	No new data.
	No removed data.
data/AGENCY.csv
	Found new data, saved to .aux/new_data/data/AGENCY.csv.
	No removed data.
data/SHAPES.csv
	No new data.
	No removed data.
data/STOP_TIMES.csv
	No new data.
	No removed data.
Finished calculating diff in 5.79s.
Saved snapshot to .aux/snapshot.pkl
Materializing graph...
Updating mappings... OK
Running mapping engine on the new data...
Semantifying new_data...
TM: http://mapping.example.com/map_agency_000
TM: http://mapping.example.com/map_feed_000
Successfully semantified new_data.


Successfully semantified all datasets in 0.333 seconds.
No removed data detected in the data source, no need to run the mapping engine.
Materialization complete in 0.35s
Constructing new graph... OK (0.00s)
Finished updating graph in 9.41s.
Updating data source...
	Adding data to data/AGENCY.csv... OK
	Removing data from data/AGENCY.csv... OK
Finished updating data source.
Updating graph...
data/FREQUENCIES.csv
	No new data.
	No removed data.
data/STOPS.csv
	No new data.
	No removed data.
data/TRIPS.csv
	No new data.
	No removed data.
data/ROUTES.csv
	No new data.
	No removed data.
data/CALENDAR_DATES.csv
	No new data.
	No removed data.
data/FEED_INFO.csv
	No new data.
	No removed data.
data/CALENDAR.csv
	No new data.
	No removed data.
data/AGENCY.csv
	Found new data, saved to .aux/new_data/data/AGENCY.csv.
	Found removed data, saved to .aux/removed_data/data/AGENCY.csv.
data/SHAPES.csv
	No new data.
	No removed data.
data/STOP_TIMES.csv
	No new data.
	No removed data.
Finished calculating diff in 5.81s.
Saved snapshot to .aux/snapshot.pkl
Materializing graph...
Updating mappings... OK
Running mapping engine on the new data...
Semantifying new_data...
TM: http://mapping.example.com/map_agency_000
Successfully semantified new_data.


Successfully semantified all datasets in 0.126 seconds.
Updating mappings... OK
Semantifying removed_data...
TM: http://mapping.example.com/map_agency_000
Successfully semantified removed_data.


Successfully semantified all datasets in 0.125 seconds.
Materialization complete in 0.27s
Constructing new graph... OK (0.00s)
Finished updating graph in 9.45s.
Restoring data sources...
	Restoring data/AGENCY.csv... OK
	Restoring data/FEED_INFO.csv... OK
Restored data sources.
Deleting .aux/snapshot.pkl... OK

------------------------------------------------------
Finished running test in 662.35s.
Summary:
	Created new version in 643.47s (9898825 triples)
	Updated in 9.41s (9898839 triples)
	Updated in 9.45s (9898839 triples)
######################### 4 #########################
Running test test-rdfizer
Loading new graph...
data/FREQUENCIES.csv
	Found new data, saved to .aux/new_data/data/FREQUENCIES.csv.
	No removed data.
data/CALENDAR.csv
	Found new data, saved to .aux/new_data/data/CALENDAR.csv.
	No removed data.
data/CALENDAR_DATES.csv
	Found new data, saved to .aux/new_data/data/CALENDAR_DATES.csv.
	No removed data.
data/AGENCY.csv
	Found new data, saved to .aux/new_data/data/AGENCY.csv.
	No removed data.
data/SHAPES.csv
	Found new data, saved to .aux/new_data/data/SHAPES.csv.
	No removed data.
data/ROUTES.csv
	Found new data, saved to .aux/new_data/data/ROUTES.csv.
	No removed data.
data/FEED_INFO.csv
	Found new data, saved to .aux/new_data/data/FEED_INFO.csv.
	No removed data.
data/STOP_TIMES.csv
	Found new data, saved to .aux/new_data/data/STOP_TIMES.csv.
	No removed data.
data/TRIPS.csv
	Found new data, saved to .aux/new_data/data/TRIPS.csv.
	No removed data.
data/STOPS.csv
	Found new data, saved to .aux/new_data/data/STOPS.csv.
	No removed data.
Finished calculating diff in 11.33s.
Saved snapshot to .aux/snapshot.pkl
Materializing graph...
Updating mappings... OK
Running mapping engine on the new data...
Semantifying new_data...
TM: http://mapping.example.com/map_calendar_date_rules_000
TM: http://mapping.example.com/map_services2_000
TM: http://mapping.example.com/map_feed_000
TM: http://mapping.example.com/map_frequencies_000
TM: http://mapping.example.com/map_shapePoints_000
TM: http://mapping.example.com/map_shapes_000
TM: http://mapping.example.com/map_stoptimes_000
TM: http://mapping.example.com/map_agency_000
TM: http://mapping.example.com/map_calendar_rules_000
TM: http://mapping.example.com/map_services1_000
TM: http://mapping.example.com/map_routes_000
TM: http://mapping.example.com/map_stops_000
TM: http://mapping.example.com/map_trips_000
Successfully semantified new_data.


Successfully semantified all datasets in 276.384 seconds.
No removed data detected in the data source, no need to run the mapping engine.
Materialization complete in 630.94s
Loaded new graph in 644.79s
Updating data source...
	Adding data to data/AGENCY.csv... OK
	Adding data to data/FEED_INFO.csv... OK
Finished updating data source.
Updating graph...
data/FREQUENCIES.csv
	No new data.
	No removed data.
data/CALENDAR.csv
	No new data.
	No removed data.
data/CALENDAR_DATES.csv
	No new data.
	No removed data.
data/AGENCY.csv
	Found new data, saved to .aux/new_data/data/AGENCY.csv.
	No removed data.
data/SHAPES.csv
	No new data.
	No removed data.
data/ROUTES.csv
	No new data.
	No removed data.
data/FEED_INFO.csv
	Found new data, saved to .aux/new_data/data/FEED_INFO.csv.
	No removed data.
data/STOP_TIMES.csv
	No new data.
	No removed data.
data/TRIPS.csv
	No new data.
	No removed data.
data/STOPS.csv
	No new data.
	No removed data.
Finished calculating diff in 5.80s.
Saved snapshot to .aux/snapshot.pkl
Materializing graph...
Updating mappings... OK
Running mapping engine on the new data...
Semantifying new_data...
TM: http://mapping.example.com/map_agency_000
TM: http://mapping.example.com/map_feed_000
Successfully semantified new_data.


Successfully semantified all datasets in 0.341 seconds.
No removed data detected in the data source, no need to run the mapping engine.
Materialization complete in 0.35s
Constructing new graph... OK (0.00s)
Finished updating graph in 9.40s.
Updating data source...
	Adding data to data/AGENCY.csv... OK
	Removing data from data/AGENCY.csv... OK
Finished updating data source.
Updating graph...
data/FREQUENCIES.csv
	No new data.
	No removed data.
data/CALENDAR.csv
	No new data.
	No removed data.
data/CALENDAR_DATES.csv
	No new data.
	No removed data.
data/AGENCY.csv
	Found new data, saved to .aux/new_data/data/AGENCY.csv.
	Found removed data, saved to .aux/removed_data/data/AGENCY.csv.
data/SHAPES.csv
	No new data.
	No removed data.
data/ROUTES.csv
	No new data.
	No removed data.
data/FEED_INFO.csv
	No new data.
	No removed data.
data/STOP_TIMES.csv
	No new data.
	No removed data.
data/TRIPS.csv
	No new data.
	No removed data.
data/STOPS.csv
	No new data.
	No removed data.
Finished calculating diff in 5.76s.
Saved snapshot to .aux/snapshot.pkl
Materializing graph...
Updating mappings... OK
Running mapping engine on the new data...
Semantifying new_data...
TM: http://mapping.example.com/map_agency_000
Successfully semantified new_data.


Successfully semantified all datasets in 0.124 seconds.
Updating mappings... OK
Semantifying removed_data...
TM: http://mapping.example.com/map_agency_000
Successfully semantified removed_data.


Successfully semantified all datasets in 0.123 seconds.
Materialization complete in 0.27s
Constructing new graph... OK (0.00s)
Finished updating graph in 9.34s.
Restoring data sources...
	Restoring data/AGENCY.csv... OK
	Restoring data/FEED_INFO.csv... OK
Restored data sources.
Deleting .aux/snapshot.pkl... OK

------------------------------------------------------
Finished running test in 663.55s.
Summary:
	Created new version in 644.79s (9898825 triples)
	Updated in 9.40s (9898839 triples)
	Updated in 9.34s (9898839 triples)
######################### 5 #########################
Running test test-rdfizer
Loading new graph...
data/FREQUENCIES.csv
	Found new data, saved to .aux/new_data/data/FREQUENCIES.csv.
	No removed data.
data/STOP_TIMES.csv
	Found new data, saved to .aux/new_data/data/STOP_TIMES.csv.
	No removed data.
data/FEED_INFO.csv
	Found new data, saved to .aux/new_data/data/FEED_INFO.csv.
	No removed data.
data/SHAPES.csv
	Found new data, saved to .aux/new_data/data/SHAPES.csv.
	No removed data.
data/TRIPS.csv
	Found new data, saved to .aux/new_data/data/TRIPS.csv.
	No removed data.
data/ROUTES.csv
	Found new data, saved to .aux/new_data/data/ROUTES.csv.
	No removed data.
data/AGENCY.csv
	Found new data, saved to .aux/new_data/data/AGENCY.csv.
	No removed data.
data/STOPS.csv
	Found new data, saved to .aux/new_data/data/STOPS.csv.
	No removed data.
data/CALENDAR.csv
	Found new data, saved to .aux/new_data/data/CALENDAR.csv.
	No removed data.
data/CALENDAR_DATES.csv
	Found new data, saved to .aux/new_data/data/CALENDAR_DATES.csv.
	No removed data.
Finished calculating diff in 11.20s.
Saved snapshot to .aux/snapshot.pkl
Materializing graph...
Updating mappings... OK
Running mapping engine on the new data...
Semantifying new_data...
TM: http://mapping.example.com/map_calendar_date_rules_000
TM: http://mapping.example.com/map_services2_000
TM: http://mapping.example.com/map_feed_000
TM: http://mapping.example.com/map_frequencies_000
TM: http://mapping.example.com/map_shapePoints_000
TM: http://mapping.example.com/map_shapes_000
TM: http://mapping.example.com/map_stoptimes_000
TM: http://mapping.example.com/map_agency_000
TM: http://mapping.example.com/map_calendar_rules_000
TM: http://mapping.example.com/map_services1_000
TM: http://mapping.example.com/map_routes_000
TM: http://mapping.example.com/map_stops_000
TM: http://mapping.example.com/map_trips_000
Successfully semantified new_data.


Successfully semantified all datasets in 278.491 seconds.
No removed data detected in the data source, no need to run the mapping engine.
Materialization complete in 635.47s
Loaded new graph in 649.18s
Updating data source...
	Adding data to data/AGENCY.csv... OK
	Adding data to data/FEED_INFO.csv... OK
Finished updating data source.
Updating graph...
data/FREQUENCIES.csv
	No new data.
	No removed data.
data/STOP_TIMES.csv
	No new data.
	No removed data.
data/FEED_INFO.csv
	Found new data, saved to .aux/new_data/data/FEED_INFO.csv.
	No removed data.
data/SHAPES.csv
	No new data.
	No removed data.
data/TRIPS.csv
	No new data.
	No removed data.
data/ROUTES.csv
	No new data.
	No removed data.
data/AGENCY.csv
	Found new data, saved to .aux/new_data/data/AGENCY.csv.
	No removed data.
data/STOPS.csv
	No new data.
	No removed data.
data/CALENDAR.csv
	No new data.
	No removed data.
data/CALENDAR_DATES.csv
	No new data.
	No removed data.
Finished calculating diff in 5.87s.
Saved snapshot to .aux/snapshot.pkl
Materializing graph...
Updating mappings... OK
Running mapping engine on the new data...
Semantifying new_data...
TM: http://mapping.example.com/map_agency_000
TM: http://mapping.example.com/map_feed_000
Successfully semantified new_data.


Successfully semantified all datasets in 0.335 seconds.
No removed data detected in the data source, no need to run the mapping engine.
Materialization complete in 0.35s
Constructing new graph... OK (0.00s)
Finished updating graph in 9.55s.
Updating data source...
	Adding data to data/AGENCY.csv... OK
	Removing data from data/AGENCY.csv... OK
Finished updating data source.
Updating graph...
data/FREQUENCIES.csv
	No new data.
	No removed data.
data/STOP_TIMES.csv
	No new data.
	No removed data.
data/FEED_INFO.csv
	No new data.
	No removed data.
data/SHAPES.csv
	No new data.
	No removed data.
data/TRIPS.csv
	No new data.
	No removed data.
data/ROUTES.csv
	No new data.
	No removed data.
data/AGENCY.csv
	Found new data, saved to .aux/new_data/data/AGENCY.csv.
	Found removed data, saved to .aux/removed_data/data/AGENCY.csv.
data/STOPS.csv
	No new data.
	No removed data.
data/CALENDAR.csv
	No new data.
	No removed data.
data/CALENDAR_DATES.csv
	No new data.
	No removed data.
Finished calculating diff in 5.85s.
Saved snapshot to .aux/snapshot.pkl
Materializing graph...
Updating mappings... OK
Running mapping engine on the new data...
Semantifying new_data...
TM: http://mapping.example.com/map_agency_000
Successfully semantified new_data.


Successfully semantified all datasets in 0.126 seconds.
Updating mappings... OK
Semantifying removed_data...
TM: http://mapping.example.com/map_agency_000
Successfully semantified removed_data.


Successfully semantified all datasets in 0.125 seconds.
Materialization complete in 0.27s
Constructing new graph... OK (0.00s)
Finished updating graph in 9.51s.
Restoring data sources...
	Restoring data/AGENCY.csv... OK
	Restoring data/FEED_INFO.csv... OK
Restored data sources.
Deleting .aux/snapshot.pkl... OK

------------------------------------------------------
Finished running test in 668.28s.
Summary:
	Created new version in 649.18s (9898825 triples)
	Updated in 9.55s (9898839 triples)
	Updated in 9.51s (9898839 triples)
