######################### 1 #########################
INFO | 2023-07-03 18:44:52,911 | 86 mapping rules retrieved.
INFO | 2023-07-03 18:44:52,940 | Mapping partition with 1 groups generated.
INFO | 2023-07-03 18:44:52,941 | Maximum number of rules within mapping group: 86.
INFO | 2023-07-03 18:44:52,941 | Mappings processed in 1.613 seconds.
Running test test-morph-disk
Loading new graph...
data/STOP_TIMES.csv
	Found new data, saved to .aux/new_data/data/STOP_TIMES.csv.
	No removed data, saved to .aux/removed_data/data/STOP_TIMES.csv.
data/FEED_INFO.csv
	Found new data, saved to .aux/new_data/data/FEED_INFO.csv.
	No removed data, saved to .aux/removed_data/data/FEED_INFO.csv.
data/ROUTES.csv
	Found new data, saved to .aux/new_data/data/ROUTES.csv.
	No removed data, saved to .aux/removed_data/data/ROUTES.csv.
data/SHAPES.csv
	Found new data, saved to .aux/new_data/data/SHAPES.csv.
	No removed data, saved to .aux/removed_data/data/SHAPES.csv.
data/STOPS.csv
	Found new data, saved to .aux/new_data/data/STOPS.csv.
	No removed data, saved to .aux/removed_data/data/STOPS.csv.
data/CALENDAR.csv
	Found new data, saved to .aux/new_data/data/CALENDAR.csv.
	No removed data, saved to .aux/removed_data/data/CALENDAR.csv.
data/TRIPS.csv
	Found new data, saved to .aux/new_data/data/TRIPS.csv.
	No removed data, saved to .aux/removed_data/data/TRIPS.csv.
data/AGENCY.csv
	Found new data, saved to .aux/new_data/data/AGENCY.csv.
	No removed data, saved to .aux/removed_data/data/AGENCY.csv.
data/FREQUENCIES.csv
	Found new data, saved to .aux/new_data/data/FREQUENCIES.csv.
	No removed data, saved to .aux/removed_data/data/FREQUENCIES.csv.
data/CALENDAR_DATES.csv
	Found new data, saved to .aux/new_data/data/CALENDAR_DATES.csv.
	No removed data, saved to .aux/removed_data/data/CALENDAR_DATES.csv.
Finished calculating diff in 0.09s.
Saved snapshot to .aux/snapshot.pkl
Materializing graph...
Updating mappings... OK
Running mapping engine on the new data...
INFO | 2023-07-03 18:44:54,053 | Number of triples generated in total: 2001.
INFO | 2023-07-03 18:44:55,904 | 86 mapping rules retrieved.
INFO | 2023-07-03 18:44:55,931 | Mapping partition with 1 groups generated.
INFO | 2023-07-03 18:44:55,931 | Maximum number of rules within mapping group: 86.
INFO | 2023-07-03 18:44:55,931 | Mappings processed in 1.617 seconds.
No removed data detected in the data source, no need to run the mapping engine.
Materialization complete in 2.85s
Loaded new graph in 3.05s
Updating data source...
	Adding data to data/AGENCY.csv... OK
	Adding data to data/FEED_INFO.csv... OK
Finished updating data source.
Updating graph...
data/STOP_TIMES.csv
	No new data, saved to .aux/new_data/data/STOP_TIMES.csv.
	No removed data, saved to .aux/removed_data/data/STOP_TIMES.csv.
data/FEED_INFO.csv
	Found new data, saved to .aux/new_data/data/FEED_INFO.csv.
	No removed data, saved to .aux/removed_data/data/FEED_INFO.csv.
data/ROUTES.csv
	No new data, saved to .aux/new_data/data/ROUTES.csv.
	No removed data, saved to .aux/removed_data/data/ROUTES.csv.
data/SHAPES.csv
	No new data, saved to .aux/new_data/data/SHAPES.csv.
	No removed data, saved to .aux/removed_data/data/SHAPES.csv.
data/STOPS.csv
	No new data, saved to .aux/new_data/data/STOPS.csv.
	No removed data, saved to .aux/removed_data/data/STOPS.csv.
data/CALENDAR.csv
	No new data, saved to .aux/new_data/data/CALENDAR.csv.
	No removed data, saved to .aux/removed_data/data/CALENDAR.csv.
data/TRIPS.csv
	No new data, saved to .aux/new_data/data/TRIPS.csv.
	No removed data, saved to .aux/removed_data/data/TRIPS.csv.
data/AGENCY.csv
	Found new data, saved to .aux/new_data/data/AGENCY.csv.
	No removed data, saved to .aux/removed_data/data/AGENCY.csv.
data/FREQUENCIES.csv
	No new data, saved to .aux/new_data/data/FREQUENCIES.csv.
	No removed data, saved to .aux/removed_data/data/FREQUENCIES.csv.
data/CALENDAR_DATES.csv
	No new data, saved to .aux/new_data/data/CALENDAR_DATES.csv.
	No removed data, saved to .aux/removed_data/data/CALENDAR_DATES.csv.
Finished calculating diff in 0.06s.
Saved snapshot to .aux/snapshot.pkl
Materializing graph...
Updating mappings... OK
Running mapping engine on the new data...
INFO | 2023-07-03 18:44:56,791 | Number of triples generated in total: 14.
INFO | 2023-07-03 18:44:58,582 | 86 mapping rules retrieved.
INFO | 2023-07-03 18:44:58,609 | Mapping partition with 1 groups generated.
INFO | 2023-07-03 18:44:58,610 | Maximum number of rules within mapping group: 86.
INFO | 2023-07-03 18:44:58,610 | Mappings processed in 1.622 seconds.
No removed data detected in the data source, no need to run the mapping engine.
Materialization complete in 2.52s
Constructing new graph... OK (0.00s)
Finished updating graph in 2.66s.
Updating data source...
	Adding data to data/AGENCY.csv... OK
	Removing data from data/AGENCY.csv... OK
Finished updating data source.
Updating graph...
data/STOP_TIMES.csv
	No new data, saved to .aux/new_data/data/STOP_TIMES.csv.
	No removed data, saved to .aux/removed_data/data/STOP_TIMES.csv.
data/FEED_INFO.csv
	No new data, saved to .aux/new_data/data/FEED_INFO.csv.
	No removed data, saved to .aux/removed_data/data/FEED_INFO.csv.
data/ROUTES.csv
	No new data, saved to .aux/new_data/data/ROUTES.csv.
	No removed data, saved to .aux/removed_data/data/ROUTES.csv.
data/SHAPES.csv
	No new data, saved to .aux/new_data/data/SHAPES.csv.
	No removed data, saved to .aux/removed_data/data/SHAPES.csv.
data/STOPS.csv
	No new data, saved to .aux/new_data/data/STOPS.csv.
	No removed data, saved to .aux/removed_data/data/STOPS.csv.
data/CALENDAR.csv
	No new data, saved to .aux/new_data/data/CALENDAR.csv.
	No removed data, saved to .aux/removed_data/data/CALENDAR.csv.
data/TRIPS.csv
	No new data, saved to .aux/new_data/data/TRIPS.csv.
	No removed data, saved to .aux/removed_data/data/TRIPS.csv.
data/AGENCY.csv
	Found new data, saved to .aux/new_data/data/AGENCY.csv.
	Found removed data, saved to .aux/removed_data/data/AGENCY.csv.
data/FREQUENCIES.csv
	No new data, saved to .aux/new_data/data/FREQUENCIES.csv.
	No removed data, saved to .aux/removed_data/data/FREQUENCIES.csv.
data/CALENDAR_DATES.csv
	No new data, saved to .aux/new_data/data/CALENDAR_DATES.csv.
	No removed data, saved to .aux/removed_data/data/CALENDAR_DATES.csv.
Finished calculating diff in 0.06s.
Saved snapshot to .aux/snapshot.pkl
Materializing graph...
Updating mappings... OK
Running mapping engine on the new data...
INFO | 2023-07-03 18:44:59,445 | Number of triples generated in total: 7.
INFO | 2023-07-03 18:45:01,042 | 86 mapping rules retrieved.
INFO | 2023-07-03 18:45:01,070 | Mapping partition with 1 groups generated.
INFO | 2023-07-03 18:45:01,070 | Maximum number of rules within mapping group: 86.
INFO | 2023-07-03 18:45:01,070 | Mappings processed in 1.580 seconds.
Updating mappings... OK
INFO | 2023-07-03 18:45:01,963 | Number of triples generated in total: 7.
Materialization complete in 5.01s
Constructing new graph... OK (0.00s)
Finished updating graph in 5.16s.
Restoring data sources...
	Restoring data/AGENCY.csv... OK
	Restoring data/FEED_INFO.csv... OK
Restored data sources.
Deleting .aux/snapshot.pkl... OK

------------------------------------------------------
Finished running test in 10.89s.
Summary:
	Created new version in 3.05s (2001 triples)
	Updated in 2.66s (2015 triples)
	Updated in 5.16s (2015 triples)
######################### 2 #########################
INFO | 2023-07-03 18:45:04,563 | 86 mapping rules retrieved.
INFO | 2023-07-03 18:45:04,592 | Mapping partition with 1 groups generated.
INFO | 2023-07-03 18:45:04,593 | Maximum number of rules within mapping group: 86.
INFO | 2023-07-03 18:45:04,593 | Mappings processed in 1.627 seconds.
Running test test-morph-disk
Loading new graph...
data/FEED_INFO.csv
	Found new data, saved to .aux/new_data/data/FEED_INFO.csv.
	No removed data, saved to .aux/removed_data/data/FEED_INFO.csv.
data/TRIPS.csv
	Found new data, saved to .aux/new_data/data/TRIPS.csv.
	No removed data, saved to .aux/removed_data/data/TRIPS.csv.
data/AGENCY.csv
	Found new data, saved to .aux/new_data/data/AGENCY.csv.
	No removed data, saved to .aux/removed_data/data/AGENCY.csv.
data/SHAPES.csv
	Found new data, saved to .aux/new_data/data/SHAPES.csv.
	No removed data, saved to .aux/removed_data/data/SHAPES.csv.
data/STOP_TIMES.csv
	Found new data, saved to .aux/new_data/data/STOP_TIMES.csv.
	No removed data, saved to .aux/removed_data/data/STOP_TIMES.csv.
data/ROUTES.csv
	Found new data, saved to .aux/new_data/data/ROUTES.csv.
	No removed data, saved to .aux/removed_data/data/ROUTES.csv.
data/FREQUENCIES.csv
	Found new data, saved to .aux/new_data/data/FREQUENCIES.csv.
	No removed data, saved to .aux/removed_data/data/FREQUENCIES.csv.
data/CALENDAR.csv
	Found new data, saved to .aux/new_data/data/CALENDAR.csv.
	No removed data, saved to .aux/removed_data/data/CALENDAR.csv.
data/STOPS.csv
	Found new data, saved to .aux/new_data/data/STOPS.csv.
	No removed data, saved to .aux/removed_data/data/STOPS.csv.
data/CALENDAR_DATES.csv
	Found new data, saved to .aux/new_data/data/CALENDAR_DATES.csv.
	No removed data, saved to .aux/removed_data/data/CALENDAR_DATES.csv.
Finished calculating diff in 0.08s.
Saved snapshot to .aux/snapshot.pkl
Materializing graph...
Updating mappings... OK
Running mapping engine on the new data...
INFO | 2023-07-03 18:45:05,546 | Number of triples generated in total: 2001.
INFO | 2023-07-03 18:45:07,417 | 86 mapping rules retrieved.
INFO | 2023-07-03 18:45:07,452 | Mapping partition with 1 groups generated.
INFO | 2023-07-03 18:45:07,452 | Maximum number of rules within mapping group: 86.
INFO | 2023-07-03 18:45:07,452 | Mappings processed in 1.647 seconds.
No removed data detected in the data source, no need to run the mapping engine.
Materialization complete in 2.70s
Loaded new graph in 2.89s
Updating data source...
	Adding data to data/AGENCY.csv... OK
	Adding data to data/FEED_INFO.csv... OK
Finished updating data source.
Updating graph...
data/FEED_INFO.csv
	Found new data, saved to .aux/new_data/data/FEED_INFO.csv.
	No removed data, saved to .aux/removed_data/data/FEED_INFO.csv.
data/TRIPS.csv
	No new data, saved to .aux/new_data/data/TRIPS.csv.
	No removed data, saved to .aux/removed_data/data/TRIPS.csv.
data/AGENCY.csv
	Found new data, saved to .aux/new_data/data/AGENCY.csv.
	No removed data, saved to .aux/removed_data/data/AGENCY.csv.
data/SHAPES.csv
	No new data, saved to .aux/new_data/data/SHAPES.csv.
	No removed data, saved to .aux/removed_data/data/SHAPES.csv.
data/STOP_TIMES.csv
	No new data, saved to .aux/new_data/data/STOP_TIMES.csv.
	No removed data, saved to .aux/removed_data/data/STOP_TIMES.csv.
data/ROUTES.csv
	No new data, saved to .aux/new_data/data/ROUTES.csv.
	No removed data, saved to .aux/removed_data/data/ROUTES.csv.
data/FREQUENCIES.csv
	No new data, saved to .aux/new_data/data/FREQUENCIES.csv.
	No removed data, saved to .aux/removed_data/data/FREQUENCIES.csv.
data/CALENDAR.csv
	No new data, saved to .aux/new_data/data/CALENDAR.csv.
	No removed data, saved to .aux/removed_data/data/CALENDAR.csv.
data/STOPS.csv
	No new data, saved to .aux/new_data/data/STOPS.csv.
	No removed data, saved to .aux/removed_data/data/STOPS.csv.
data/CALENDAR_DATES.csv
	No new data, saved to .aux/new_data/data/CALENDAR_DATES.csv.
	No removed data, saved to .aux/removed_data/data/CALENDAR_DATES.csv.
Finished calculating diff in 0.06s.
Saved snapshot to .aux/snapshot.pkl
Materializing graph...
Updating mappings... OK
Running mapping engine on the new data...
INFO | 2023-07-03 18:45:08,317 | Number of triples generated in total: 14.
INFO | 2023-07-03 18:45:10,129 | 86 mapping rules retrieved.
INFO | 2023-07-03 18:45:10,157 | Mapping partition with 1 groups generated.
INFO | 2023-07-03 18:45:10,157 | Maximum number of rules within mapping group: 86.
INFO | 2023-07-03 18:45:10,157 | Mappings processed in 1.640 seconds.
No removed data detected in the data source, no need to run the mapping engine.
Materialization complete in 2.55s
Constructing new graph... OK (0.00s)
Finished updating graph in 2.70s.
Updating data source...
	Adding data to data/AGENCY.csv... OK
	Removing data from data/AGENCY.csv... OK
Finished updating data source.
Updating graph...
data/FEED_INFO.csv
	No new data, saved to .aux/new_data/data/FEED_INFO.csv.
	No removed data, saved to .aux/removed_data/data/FEED_INFO.csv.
data/TRIPS.csv
	No new data, saved to .aux/new_data/data/TRIPS.csv.
	No removed data, saved to .aux/removed_data/data/TRIPS.csv.
data/AGENCY.csv
	Found new data, saved to .aux/new_data/data/AGENCY.csv.
	Found removed data, saved to .aux/removed_data/data/AGENCY.csv.
data/SHAPES.csv
	No new data, saved to .aux/new_data/data/SHAPES.csv.
	No removed data, saved to .aux/removed_data/data/SHAPES.csv.
data/STOP_TIMES.csv
	No new data, saved to .aux/new_data/data/STOP_TIMES.csv.
	No removed data, saved to .aux/removed_data/data/STOP_TIMES.csv.
data/ROUTES.csv
	No new data, saved to .aux/new_data/data/ROUTES.csv.
	No removed data, saved to .aux/removed_data/data/ROUTES.csv.
data/FREQUENCIES.csv
	No new data, saved to .aux/new_data/data/FREQUENCIES.csv.
	No removed data, saved to .aux/removed_data/data/FREQUENCIES.csv.
data/CALENDAR.csv
	No new data, saved to .aux/new_data/data/CALENDAR.csv.
	No removed data, saved to .aux/removed_data/data/CALENDAR.csv.
data/STOPS.csv
	No new data, saved to .aux/new_data/data/STOPS.csv.
	No removed data, saved to .aux/removed_data/data/STOPS.csv.
data/CALENDAR_DATES.csv
	No new data, saved to .aux/new_data/data/CALENDAR_DATES.csv.
	No removed data, saved to .aux/removed_data/data/CALENDAR_DATES.csv.
Finished calculating diff in 0.06s.
Saved snapshot to .aux/snapshot.pkl
Materializing graph...
Updating mappings... OK
Running mapping engine on the new data...
INFO | 2023-07-03 18:45:11,010 | Number of triples generated in total: 7.
INFO | 2023-07-03 18:45:12,625 | 86 mapping rules retrieved.
INFO | 2023-07-03 18:45:12,653 | Mapping partition with 1 groups generated.
INFO | 2023-07-03 18:45:12,654 | Maximum number of rules within mapping group: 86.
INFO | 2023-07-03 18:45:12,654 | Mappings processed in 1.594 seconds.
Updating mappings... OK
INFO | 2023-07-03 18:45:13,552 | Number of triples generated in total: 7.
Materialization complete in 5.08s
Constructing new graph... OK (0.00s)
Finished updating graph in 5.22s.
Restoring data sources...
	Restoring data/AGENCY.csv... OK
	Restoring data/FEED_INFO.csv... OK
Restored data sources.
Deleting .aux/snapshot.pkl... OK

------------------------------------------------------
Finished running test in 10.83s.
Summary:
	Created new version in 2.89s (2001 triples)
	Updated in 2.70s (2015 triples)
	Updated in 5.22s (2015 triples)
######################### 3 #########################
INFO | 2023-07-03 18:45:16,157 | 86 mapping rules retrieved.
INFO | 2023-07-03 18:45:16,186 | Mapping partition with 1 groups generated.
INFO | 2023-07-03 18:45:16,186 | Maximum number of rules within mapping group: 86.
INFO | 2023-07-03 18:45:16,186 | Mappings processed in 1.637 seconds.
Running test test-morph-disk
Loading new graph...
data/TRIPS.csv
	Found new data, saved to .aux/new_data/data/TRIPS.csv.
	No removed data, saved to .aux/removed_data/data/TRIPS.csv.
data/ROUTES.csv
	Found new data, saved to .aux/new_data/data/ROUTES.csv.
	No removed data, saved to .aux/removed_data/data/ROUTES.csv.
data/STOP_TIMES.csv
	Found new data, saved to .aux/new_data/data/STOP_TIMES.csv.
	No removed data, saved to .aux/removed_data/data/STOP_TIMES.csv.
data/SHAPES.csv
	Found new data, saved to .aux/new_data/data/SHAPES.csv.
	No removed data, saved to .aux/removed_data/data/SHAPES.csv.
data/CALENDAR.csv
	Found new data, saved to .aux/new_data/data/CALENDAR.csv.
	No removed data, saved to .aux/removed_data/data/CALENDAR.csv.
data/STOPS.csv
	Found new data, saved to .aux/new_data/data/STOPS.csv.
	No removed data, saved to .aux/removed_data/data/STOPS.csv.
data/AGENCY.csv
	Found new data, saved to .aux/new_data/data/AGENCY.csv.
	No removed data, saved to .aux/removed_data/data/AGENCY.csv.
data/FREQUENCIES.csv
	Found new data, saved to .aux/new_data/data/FREQUENCIES.csv.
	No removed data, saved to .aux/removed_data/data/FREQUENCIES.csv.
data/CALENDAR_DATES.csv
	Found new data, saved to .aux/new_data/data/CALENDAR_DATES.csv.
	No removed data, saved to .aux/removed_data/data/CALENDAR_DATES.csv.
data/FEED_INFO.csv
	Found new data, saved to .aux/new_data/data/FEED_INFO.csv.
	No removed data, saved to .aux/removed_data/data/FEED_INFO.csv.
Finished calculating diff in 0.08s.
Saved snapshot to .aux/snapshot.pkl
Materializing graph...
Updating mappings... OK
Running mapping engine on the new data...
INFO | 2023-07-03 18:45:17,152 | Number of triples generated in total: 2001.
INFO | 2023-07-03 18:45:19,047 | 86 mapping rules retrieved.
INFO | 2023-07-03 18:45:19,075 | Mapping partition with 1 groups generated.
INFO | 2023-07-03 18:45:19,075 | Maximum number of rules within mapping group: 86.
INFO | 2023-07-03 18:45:19,075 | Mappings processed in 1.651 seconds.
No removed data detected in the data source, no need to run the mapping engine.
Materialization complete in 2.73s
Loaded new graph in 2.92s
Updating data source...
	Adding data to data/AGENCY.csv... OK
	Adding data to data/FEED_INFO.csv... OK
Finished updating data source.
Updating graph...
data/TRIPS.csv
	No new data, saved to .aux/new_data/data/TRIPS.csv.
	No removed data, saved to .aux/removed_data/data/TRIPS.csv.
data/ROUTES.csv
	No new data, saved to .aux/new_data/data/ROUTES.csv.
	No removed data, saved to .aux/removed_data/data/ROUTES.csv.
data/STOP_TIMES.csv
	No new data, saved to .aux/new_data/data/STOP_TIMES.csv.
	No removed data, saved to .aux/removed_data/data/STOP_TIMES.csv.
data/SHAPES.csv
	No new data, saved to .aux/new_data/data/SHAPES.csv.
	No removed data, saved to .aux/removed_data/data/SHAPES.csv.
data/CALENDAR.csv
	No new data, saved to .aux/new_data/data/CALENDAR.csv.
	No removed data, saved to .aux/removed_data/data/CALENDAR.csv.
data/STOPS.csv
	No new data, saved to .aux/new_data/data/STOPS.csv.
	No removed data, saved to .aux/removed_data/data/STOPS.csv.
data/AGENCY.csv
	Found new data, saved to .aux/new_data/data/AGENCY.csv.
	No removed data, saved to .aux/removed_data/data/AGENCY.csv.
data/FREQUENCIES.csv
	No new data, saved to .aux/new_data/data/FREQUENCIES.csv.
	No removed data, saved to .aux/removed_data/data/FREQUENCIES.csv.
data/CALENDAR_DATES.csv
	No new data, saved to .aux/new_data/data/CALENDAR_DATES.csv.
	No removed data, saved to .aux/removed_data/data/CALENDAR_DATES.csv.
data/FEED_INFO.csv
	Found new data, saved to .aux/new_data/data/FEED_INFO.csv.
	No removed data, saved to .aux/removed_data/data/FEED_INFO.csv.
Finished calculating diff in 0.07s.
Saved snapshot to .aux/snapshot.pkl
Materializing graph...
Updating mappings... OK
Running mapping engine on the new data...
INFO | 2023-07-03 18:45:19,941 | Number of triples generated in total: 14.
INFO | 2023-07-03 18:45:21,762 | 86 mapping rules retrieved.
INFO | 2023-07-03 18:45:21,789 | Mapping partition with 1 groups generated.
INFO | 2023-07-03 18:45:21,790 | Maximum number of rules within mapping group: 86.
INFO | 2023-07-03 18:45:21,790 | Mappings processed in 1.655 seconds.
No removed data detected in the data source, no need to run the mapping engine.
Materialization complete in 2.56s
Constructing new graph... OK (0.00s)
Finished updating graph in 2.71s.
Updating data source...
	Adding data to data/AGENCY.csv... OK
	Removing data from data/AGENCY.csv... OK
Finished updating data source.
Updating graph...
data/TRIPS.csv
	No new data, saved to .aux/new_data/data/TRIPS.csv.
	No removed data, saved to .aux/removed_data/data/TRIPS.csv.
data/ROUTES.csv
	No new data, saved to .aux/new_data/data/ROUTES.csv.
	No removed data, saved to .aux/removed_data/data/ROUTES.csv.
data/STOP_TIMES.csv
	No new data, saved to .aux/new_data/data/STOP_TIMES.csv.
	No removed data, saved to .aux/removed_data/data/STOP_TIMES.csv.
data/SHAPES.csv
	No new data, saved to .aux/new_data/data/SHAPES.csv.
	No removed data, saved to .aux/removed_data/data/SHAPES.csv.
data/CALENDAR.csv
	No new data, saved to .aux/new_data/data/CALENDAR.csv.
	No removed data, saved to .aux/removed_data/data/CALENDAR.csv.
data/STOPS.csv
	No new data, saved to .aux/new_data/data/STOPS.csv.
	No removed data, saved to .aux/removed_data/data/STOPS.csv.
data/AGENCY.csv
	Found new data, saved to .aux/new_data/data/AGENCY.csv.
	Found removed data, saved to .aux/removed_data/data/AGENCY.csv.
data/FREQUENCIES.csv
	No new data, saved to .aux/new_data/data/FREQUENCIES.csv.
	No removed data, saved to .aux/removed_data/data/FREQUENCIES.csv.
data/CALENDAR_DATES.csv
	No new data, saved to .aux/new_data/data/CALENDAR_DATES.csv.
	No removed data, saved to .aux/removed_data/data/CALENDAR_DATES.csv.
data/FEED_INFO.csv
	No new data, saved to .aux/new_data/data/FEED_INFO.csv.
	No removed data, saved to .aux/removed_data/data/FEED_INFO.csv.
Finished calculating diff in 0.06s.
Saved snapshot to .aux/snapshot.pkl
Materializing graph...
Updating mappings... OK
Running mapping engine on the new data...
INFO | 2023-07-03 18:45:22,666 | Number of triples generated in total: 7.
INFO | 2023-07-03 18:45:24,283 | 86 mapping rules retrieved.
INFO | 2023-07-03 18:45:24,310 | Mapping partition with 1 groups generated.
INFO | 2023-07-03 18:45:24,310 | Maximum number of rules within mapping group: 86.
INFO | 2023-07-03 18:45:24,310 | Mappings processed in 1.597 seconds.
Updating mappings... OK
INFO | 2023-07-03 18:45:25,213 | Number of triples generated in total: 7.
Materialization complete in 5.12s
Constructing new graph... OK (0.00s)
Finished updating graph in 5.26s.
Restoring data sources...
	Restoring data/AGENCY.csv... OK
	Restoring data/FEED_INFO.csv... OK
Restored data sources.
Deleting .aux/snapshot.pkl... OK

------------------------------------------------------
Finished running test in 10.90s.
Summary:
	Created new version in 2.92s (2001 triples)
	Updated in 2.71s (2015 triples)
	Updated in 5.26s (2015 triples)
######################### 4 #########################
INFO | 2023-07-03 18:45:27,819 | 86 mapping rules retrieved.
INFO | 2023-07-03 18:45:27,848 | Mapping partition with 1 groups generated.
INFO | 2023-07-03 18:45:27,849 | Maximum number of rules within mapping group: 86.
INFO | 2023-07-03 18:45:27,849 | Mappings processed in 1.636 seconds.
Running test test-morph-disk
Loading new graph...
data/TRIPS.csv
	Found new data, saved to .aux/new_data/data/TRIPS.csv.
	No removed data, saved to .aux/removed_data/data/TRIPS.csv.
data/STOP_TIMES.csv
	Found new data, saved to .aux/new_data/data/STOP_TIMES.csv.
	No removed data, saved to .aux/removed_data/data/STOP_TIMES.csv.
data/FEED_INFO.csv
	Found new data, saved to .aux/new_data/data/FEED_INFO.csv.
	No removed data, saved to .aux/removed_data/data/FEED_INFO.csv.
data/CALENDAR.csv
	Found new data, saved to .aux/new_data/data/CALENDAR.csv.
	No removed data, saved to .aux/removed_data/data/CALENDAR.csv.
data/FREQUENCIES.csv
	Found new data, saved to .aux/new_data/data/FREQUENCIES.csv.
	No removed data, saved to .aux/removed_data/data/FREQUENCIES.csv.
data/AGENCY.csv
	Found new data, saved to .aux/new_data/data/AGENCY.csv.
	No removed data, saved to .aux/removed_data/data/AGENCY.csv.
data/STOPS.csv
	Found new data, saved to .aux/new_data/data/STOPS.csv.
	No removed data, saved to .aux/removed_data/data/STOPS.csv.
data/CALENDAR_DATES.csv
	Found new data, saved to .aux/new_data/data/CALENDAR_DATES.csv.
	No removed data, saved to .aux/removed_data/data/CALENDAR_DATES.csv.
data/SHAPES.csv
	Found new data, saved to .aux/new_data/data/SHAPES.csv.
	No removed data, saved to .aux/removed_data/data/SHAPES.csv.
data/ROUTES.csv
	Found new data, saved to .aux/new_data/data/ROUTES.csv.
	No removed data, saved to .aux/removed_data/data/ROUTES.csv.
Finished calculating diff in 0.08s.
Saved snapshot to .aux/snapshot.pkl
Materializing graph...
Updating mappings... OK
Running mapping engine on the new data...
INFO | 2023-07-03 18:45:28,797 | Number of triples generated in total: 2001.
INFO | 2023-07-03 18:45:30,682 | 86 mapping rules retrieved.
INFO | 2023-07-03 18:45:30,710 | Mapping partition with 1 groups generated.
INFO | 2023-07-03 18:45:30,710 | Maximum number of rules within mapping group: 86.
INFO | 2023-07-03 18:45:30,710 | Mappings processed in 1.647 seconds.
No removed data detected in the data source, no need to run the mapping engine.
Materialization complete in 2.71s
Loaded new graph in 2.90s
Updating data source...
	Adding data to data/AGENCY.csv... OK
	Adding data to data/FEED_INFO.csv... OK
Finished updating data source.
Updating graph...
data/TRIPS.csv
	No new data, saved to .aux/new_data/data/TRIPS.csv.
	No removed data, saved to .aux/removed_data/data/TRIPS.csv.
data/STOP_TIMES.csv
	No new data, saved to .aux/new_data/data/STOP_TIMES.csv.
	No removed data, saved to .aux/removed_data/data/STOP_TIMES.csv.
data/FEED_INFO.csv
	Found new data, saved to .aux/new_data/data/FEED_INFO.csv.
	No removed data, saved to .aux/removed_data/data/FEED_INFO.csv.
data/CALENDAR.csv
	No new data, saved to .aux/new_data/data/CALENDAR.csv.
	No removed data, saved to .aux/removed_data/data/CALENDAR.csv.
data/FREQUENCIES.csv
	No new data, saved to .aux/new_data/data/FREQUENCIES.csv.
	No removed data, saved to .aux/removed_data/data/FREQUENCIES.csv.
data/AGENCY.csv
	Found new data, saved to .aux/new_data/data/AGENCY.csv.
	No removed data, saved to .aux/removed_data/data/AGENCY.csv.
data/STOPS.csv
	No new data, saved to .aux/new_data/data/STOPS.csv.
	No removed data, saved to .aux/removed_data/data/STOPS.csv.
data/CALENDAR_DATES.csv
	No new data, saved to .aux/new_data/data/CALENDAR_DATES.csv.
	No removed data, saved to .aux/removed_data/data/CALENDAR_DATES.csv.
data/SHAPES.csv
	No new data, saved to .aux/new_data/data/SHAPES.csv.
	No removed data, saved to .aux/removed_data/data/SHAPES.csv.
data/ROUTES.csv
	No new data, saved to .aux/new_data/data/ROUTES.csv.
	No removed data, saved to .aux/removed_data/data/ROUTES.csv.
Finished calculating diff in 0.06s.
Saved snapshot to .aux/snapshot.pkl
Materializing graph...
Updating mappings... OK
Running mapping engine on the new data...
INFO | 2023-07-03 18:45:31,576 | Number of triples generated in total: 14.
INFO | 2023-07-03 18:45:33,400 | 86 mapping rules retrieved.
INFO | 2023-07-03 18:45:33,428 | Mapping partition with 1 groups generated.
INFO | 2023-07-03 18:45:33,428 | Maximum number of rules within mapping group: 86.
INFO | 2023-07-03 18:45:33,428 | Mappings processed in 1.649 seconds.
No removed data detected in the data source, no need to run the mapping engine.
Materialization complete in 2.56s
Constructing new graph... OK (0.00s)
Finished updating graph in 2.70s.
Updating data source...
	Adding data to data/AGENCY.csv... OK
	Removing data from data/AGENCY.csv... OK
Finished updating data source.
Updating graph...
data/TRIPS.csv
	No new data, saved to .aux/new_data/data/TRIPS.csv.
	No removed data, saved to .aux/removed_data/data/TRIPS.csv.
data/STOP_TIMES.csv
	No new data, saved to .aux/new_data/data/STOP_TIMES.csv.
	No removed data, saved to .aux/removed_data/data/STOP_TIMES.csv.
data/FEED_INFO.csv
	No new data, saved to .aux/new_data/data/FEED_INFO.csv.
	No removed data, saved to .aux/removed_data/data/FEED_INFO.csv.
data/CALENDAR.csv
	No new data, saved to .aux/new_data/data/CALENDAR.csv.
	No removed data, saved to .aux/removed_data/data/CALENDAR.csv.
data/FREQUENCIES.csv
	No new data, saved to .aux/new_data/data/FREQUENCIES.csv.
	No removed data, saved to .aux/removed_data/data/FREQUENCIES.csv.
data/AGENCY.csv
	Found new data, saved to .aux/new_data/data/AGENCY.csv.
	Found removed data, saved to .aux/removed_data/data/AGENCY.csv.
data/STOPS.csv
	No new data, saved to .aux/new_data/data/STOPS.csv.
	No removed data, saved to .aux/removed_data/data/STOPS.csv.
data/CALENDAR_DATES.csv
	No new data, saved to .aux/new_data/data/CALENDAR_DATES.csv.
	No removed data, saved to .aux/removed_data/data/CALENDAR_DATES.csv.
data/SHAPES.csv
	No new data, saved to .aux/new_data/data/SHAPES.csv.
	No removed data, saved to .aux/removed_data/data/SHAPES.csv.
data/ROUTES.csv
	No new data, saved to .aux/new_data/data/ROUTES.csv.
	No removed data, saved to .aux/removed_data/data/ROUTES.csv.
Finished calculating diff in 0.06s.
Saved snapshot to .aux/snapshot.pkl
Materializing graph...
Updating mappings... OK
Running mapping engine on the new data...
INFO | 2023-07-03 18:45:34,287 | Number of triples generated in total: 7.
INFO | 2023-07-03 18:45:35,906 | 86 mapping rules retrieved.
INFO | 2023-07-03 18:45:35,935 | Mapping partition with 1 groups generated.
INFO | 2023-07-03 18:45:35,935 | Maximum number of rules within mapping group: 86.
INFO | 2023-07-03 18:45:35,935 | Mappings processed in 1.595 seconds.
Updating mappings... OK
INFO | 2023-07-03 18:45:36,857 | Number of triples generated in total: 7.
Materialization complete in 5.12s
Constructing new graph... OK (0.00s)
Finished updating graph in 5.27s.
Restoring data sources...
	Restoring data/AGENCY.csv... OK
	Restoring data/FEED_INFO.csv... OK
Restored data sources.
Deleting .aux/snapshot.pkl... OK

------------------------------------------------------
Finished running test in 10.89s.
Summary:
	Created new version in 2.90s (2001 triples)
	Updated in 2.70s (2015 triples)
	Updated in 5.27s (2015 triples)
######################### 5 #########################
INFO | 2023-07-03 18:45:39,492 | 86 mapping rules retrieved.
INFO | 2023-07-03 18:45:39,521 | Mapping partition with 1 groups generated.
INFO | 2023-07-03 18:45:39,521 | Maximum number of rules within mapping group: 86.
INFO | 2023-07-03 18:45:39,521 | Mappings processed in 1.633 seconds.
Running test test-morph-disk
Loading new graph...
data/CALENDAR.csv
	Found new data, saved to .aux/new_data/data/CALENDAR.csv.
	No removed data, saved to .aux/removed_data/data/CALENDAR.csv.
data/FREQUENCIES.csv
	Found new data, saved to .aux/new_data/data/FREQUENCIES.csv.
	No removed data, saved to .aux/removed_data/data/FREQUENCIES.csv.
data/ROUTES.csv
	Found new data, saved to .aux/new_data/data/ROUTES.csv.
	No removed data, saved to .aux/removed_data/data/ROUTES.csv.
data/CALENDAR_DATES.csv
	Found new data, saved to .aux/new_data/data/CALENDAR_DATES.csv.
	No removed data, saved to .aux/removed_data/data/CALENDAR_DATES.csv.
data/STOP_TIMES.csv
	Found new data, saved to .aux/new_data/data/STOP_TIMES.csv.
	No removed data, saved to .aux/removed_data/data/STOP_TIMES.csv.
data/SHAPES.csv
	Found new data, saved to .aux/new_data/data/SHAPES.csv.
	No removed data, saved to .aux/removed_data/data/SHAPES.csv.
data/FEED_INFO.csv
	Found new data, saved to .aux/new_data/data/FEED_INFO.csv.
	No removed data, saved to .aux/removed_data/data/FEED_INFO.csv.
data/AGENCY.csv
	Found new data, saved to .aux/new_data/data/AGENCY.csv.
	No removed data, saved to .aux/removed_data/data/AGENCY.csv.
data/STOPS.csv
	Found new data, saved to .aux/new_data/data/STOPS.csv.
	No removed data, saved to .aux/removed_data/data/STOPS.csv.
data/TRIPS.csv
	Found new data, saved to .aux/new_data/data/TRIPS.csv.
	No removed data, saved to .aux/removed_data/data/TRIPS.csv.
Finished calculating diff in 0.08s.
Saved snapshot to .aux/snapshot.pkl
Materializing graph...
Updating mappings... OK
Running mapping engine on the new data...
INFO | 2023-07-03 18:45:40,483 | Number of triples generated in total: 2001.
INFO | 2023-07-03 18:45:42,358 | 86 mapping rules retrieved.
INFO | 2023-07-03 18:45:42,385 | Mapping partition with 1 groups generated.
INFO | 2023-07-03 18:45:42,386 | Maximum number of rules within mapping group: 86.
INFO | 2023-07-03 18:45:42,386 | Mappings processed in 1.641 seconds.
No removed data detected in the data source, no need to run the mapping engine.
Materialization complete in 2.71s
Loaded new graph in 2.90s
Updating data source...
	Adding data to data/AGENCY.csv... OK
	Adding data to data/FEED_INFO.csv... OK
Finished updating data source.
Updating graph...
data/CALENDAR.csv
	No new data, saved to .aux/new_data/data/CALENDAR.csv.
	No removed data, saved to .aux/removed_data/data/CALENDAR.csv.
data/FREQUENCIES.csv
	No new data, saved to .aux/new_data/data/FREQUENCIES.csv.
	No removed data, saved to .aux/removed_data/data/FREQUENCIES.csv.
data/ROUTES.csv
	No new data, saved to .aux/new_data/data/ROUTES.csv.
	No removed data, saved to .aux/removed_data/data/ROUTES.csv.
data/CALENDAR_DATES.csv
	No new data, saved to .aux/new_data/data/CALENDAR_DATES.csv.
	No removed data, saved to .aux/removed_data/data/CALENDAR_DATES.csv.
data/STOP_TIMES.csv
	No new data, saved to .aux/new_data/data/STOP_TIMES.csv.
	No removed data, saved to .aux/removed_data/data/STOP_TIMES.csv.
data/SHAPES.csv
	No new data, saved to .aux/new_data/data/SHAPES.csv.
	No removed data, saved to .aux/removed_data/data/SHAPES.csv.
data/FEED_INFO.csv
	Found new data, saved to .aux/new_data/data/FEED_INFO.csv.
	No removed data, saved to .aux/removed_data/data/FEED_INFO.csv.
data/AGENCY.csv
	Found new data, saved to .aux/new_data/data/AGENCY.csv.
	No removed data, saved to .aux/removed_data/data/AGENCY.csv.
data/STOPS.csv
	No new data, saved to .aux/new_data/data/STOPS.csv.
	No removed data, saved to .aux/removed_data/data/STOPS.csv.
data/TRIPS.csv
	No new data, saved to .aux/new_data/data/TRIPS.csv.
	No removed data, saved to .aux/removed_data/data/TRIPS.csv.
Finished calculating diff in 0.06s.
Saved snapshot to .aux/snapshot.pkl
Materializing graph...
Updating mappings... OK
Running mapping engine on the new data...
INFO | 2023-07-03 18:45:43,245 | Number of triples generated in total: 14.
INFO | 2023-07-03 18:45:45,061 | 86 mapping rules retrieved.
INFO | 2023-07-03 18:45:45,088 | Mapping partition with 1 groups generated.
INFO | 2023-07-03 18:45:45,089 | Maximum number of rules within mapping group: 86.
INFO | 2023-07-03 18:45:45,089 | Mappings processed in 1.646 seconds.
No removed data detected in the data source, no need to run the mapping engine.
Materialization complete in 2.54s
Constructing new graph... OK (0.00s)
Finished updating graph in 2.69s.
Updating data source...
	Adding data to data/AGENCY.csv... OK
	Removing data from data/AGENCY.csv... OK
Finished updating data source.
Updating graph...
data/CALENDAR.csv
	No new data, saved to .aux/new_data/data/CALENDAR.csv.
	No removed data, saved to .aux/removed_data/data/CALENDAR.csv.
data/FREQUENCIES.csv
	No new data, saved to .aux/new_data/data/FREQUENCIES.csv.
	No removed data, saved to .aux/removed_data/data/FREQUENCIES.csv.
data/ROUTES.csv
	No new data, saved to .aux/new_data/data/ROUTES.csv.
	No removed data, saved to .aux/removed_data/data/ROUTES.csv.
data/CALENDAR_DATES.csv
	No new data, saved to .aux/new_data/data/CALENDAR_DATES.csv.
	No removed data, saved to .aux/removed_data/data/CALENDAR_DATES.csv.
data/STOP_TIMES.csv
	No new data, saved to .aux/new_data/data/STOP_TIMES.csv.
	No removed data, saved to .aux/removed_data/data/STOP_TIMES.csv.
data/SHAPES.csv
	No new data, saved to .aux/new_data/data/SHAPES.csv.
	No removed data, saved to .aux/removed_data/data/SHAPES.csv.
data/FEED_INFO.csv
	No new data, saved to .aux/new_data/data/FEED_INFO.csv.
	No removed data, saved to .aux/removed_data/data/FEED_INFO.csv.
data/AGENCY.csv
	Found new data, saved to .aux/new_data/data/AGENCY.csv.
	Found removed data, saved to .aux/removed_data/data/AGENCY.csv.
data/STOPS.csv
	No new data, saved to .aux/new_data/data/STOPS.csv.
	No removed data, saved to .aux/removed_data/data/STOPS.csv.
data/TRIPS.csv
	No new data, saved to .aux/new_data/data/TRIPS.csv.
	No removed data, saved to .aux/removed_data/data/TRIPS.csv.
Finished calculating diff in 0.06s.
Saved snapshot to .aux/snapshot.pkl
Materializing graph...
Updating mappings... OK
Running mapping engine on the new data...
INFO | 2023-07-03 18:45:45,945 | Number of triples generated in total: 7.
INFO | 2023-07-03 18:45:47,559 | 86 mapping rules retrieved.
INFO | 2023-07-03 18:45:47,587 | Mapping partition with 1 groups generated.
INFO | 2023-07-03 18:45:47,588 | Maximum number of rules within mapping group: 86.
INFO | 2023-07-03 18:45:47,588 | Mappings processed in 1.592 seconds.
Updating mappings... OK
INFO | 2023-07-03 18:45:48,480 | Number of triples generated in total: 7.
Materialization complete in 5.08s
Constructing new graph... OK (0.00s)
Finished updating graph in 5.23s.
Restoring data sources...
	Restoring data/AGENCY.csv... OK
	Restoring data/FEED_INFO.csv... OK
Restored data sources.
Deleting .aux/snapshot.pkl... OK

------------------------------------------------------
Finished running test in 10.83s.
Summary:
	Created new version in 2.90s (2001 triples)
	Updated in 2.69s (2015 triples)
	Updated in 5.23s (2015 triples)
