######################### 1 #########################
INFO | 2023-07-04 00:44:58,272 | 86 mapping rules retrieved.
INFO | 2023-07-04 00:44:58,302 | Mapping partition with 1 groups generated.
INFO | 2023-07-04 00:44:58,302 | Maximum number of rules within mapping group: 86.
INFO | 2023-07-04 00:44:58,302 | Mappings processed in 1.613 seconds.
Running test test-morph-disk
Loading new graph...
data/ROUTES.csv
	Found new data, saved to .aux/new_data/data/ROUTES.csv.
	No removed data.
data/FEED_INFO.csv
	Found new data, saved to .aux/new_data/data/FEED_INFO.csv.
	No removed data.
data/AGENCY.csv
	Found new data, saved to .aux/new_data/data/AGENCY.csv.
	No removed data.
data/TRIPS.csv
	Found new data, saved to .aux/new_data/data/TRIPS.csv.
	No removed data.
data/CALENDAR_DATES.csv
	Found new data, saved to .aux/new_data/data/CALENDAR_DATES.csv.
	No removed data.
data/FREQUENCIES.csv
	Found new data, saved to .aux/new_data/data/FREQUENCIES.csv.
	No removed data.
data/SHAPES.csv
	Found new data, saved to .aux/new_data/data/SHAPES.csv.
	No removed data.
data/STOP_TIMES.csv
	Found new data, saved to .aux/new_data/data/STOP_TIMES.csv.
	No removed data.
data/CALENDAR.csv
	Found new data, saved to .aux/new_data/data/CALENDAR.csv.
	No removed data.
data/STOPS.csv
	Found new data, saved to .aux/new_data/data/STOPS.csv.
	No removed data.
Finished calculating diff in 11.12s.
Saved snapshot to .aux/snapshot.pkl
Materializing graph...
Updating mappings... OK
Running mapping engine on the new data...
INFO | 2023-07-04 00:46:13,805 | Number of triples generated in total: 9898825.
INFO | 2023-07-04 00:53:27,360 | 14 mapping rules retrieved.
INFO | 2023-07-04 00:53:27,371 | Mapping partition with 1 groups generated.
INFO | 2023-07-04 00:53:27,372 | Maximum number of rules within mapping group: 14.
INFO | 2023-07-04 00:53:27,372 | Mappings processed in 0.438 seconds.
No removed data detected in the data source, no need to run the mapping engine.
Materialization complete in 501.39s
Loaded new graph in 515.01s
Updating data source...
	Adding data to data/AGENCY.csv... OK
	Adding data to data/FEED_INFO.csv... OK
Finished updating data source.
Updating graph...
data/ROUTES.csv
	No new data.
	No removed data.
data/FEED_INFO.csv
	Found new data, saved to .aux/new_data/data/FEED_INFO.csv.
	No removed data.
data/AGENCY.csv
	Found new data, saved to .aux/new_data/data/AGENCY.csv.
	No removed data.
data/TRIPS.csv
	No new data.
	No removed data.
data/CALENDAR_DATES.csv
	No new data.
	No removed data.
data/FREQUENCIES.csv
	No new data.
	No removed data.
data/SHAPES.csv
	No new data.
	No removed data.
data/STOP_TIMES.csv
	No new data.
	No removed data.
data/CALENDAR.csv
	No new data.
	No removed data.
data/STOPS.csv
	No new data.
	No removed data.
Finished calculating diff in 5.60s.
Saved snapshot to .aux/snapshot.pkl
Materializing graph...
Updating mappings... OK
Running mapping engine on the new data...
INFO | 2023-07-04 00:53:34,531 | Number of triples generated in total: 14.
INFO | 2023-07-04 00:53:43,585 | 7 mapping rules retrieved.
INFO | 2023-07-04 00:53:43,594 | Mapping partition with 1 groups generated.
INFO | 2023-07-04 00:53:43,594 | Maximum number of rules within mapping group: 7.
INFO | 2023-07-04 00:53:43,594 | Mappings processed in 0.339 seconds.
No removed data detected in the data source, no need to run the mapping engine.
Materialization complete in 7.62s
Constructing new graph... OK (0.00s)
Finished updating graph in 16.31s.
Updating data source...
	Adding data to data/AGENCY.csv... OK
	Removing data from data/AGENCY.csv... OK
Finished updating data source.
Updating graph...
data/ROUTES.csv
	No new data.
	No removed data.
data/FEED_INFO.csv
	No new data.
	No removed data.
data/AGENCY.csv
	Found new data, saved to .aux/new_data/data/AGENCY.csv.
	Found removed data, saved to .aux/removed_data/data/AGENCY.csv.
data/TRIPS.csv
	No new data.
	No removed data.
data/CALENDAR_DATES.csv
	No new data.
	No removed data.
data/FREQUENCIES.csv
	No new data.
	No removed data.
data/SHAPES.csv
	No new data.
	No removed data.
data/STOP_TIMES.csv
	No new data.
	No removed data.
data/CALENDAR.csv
	No new data.
	No removed data.
data/STOPS.csv
	No new data.
	No removed data.
Finished calculating diff in 5.52s.
Saved snapshot to .aux/snapshot.pkl
Materializing graph...
Updating mappings... OK
Running mapping engine on the new data...
INFO | 2023-07-04 00:53:50,458 | Number of triples generated in total: 7.
INFO | 2023-07-04 00:53:50,821 | 7 mapping rules retrieved.
INFO | 2023-07-04 00:53:50,830 | Mapping partition with 1 groups generated.
INFO | 2023-07-04 00:53:50,830 | Maximum number of rules within mapping group: 7.
INFO | 2023-07-04 00:53:50,830 | Mappings processed in 0.348 seconds.
Updating mappings... OK
INFO | 2023-07-04 00:53:57,661 | Number of triples generated in total: 7.
Materialization complete in 14.42s
Constructing new graph... OK (0.00s)
Finished updating graph in 23.12s.
Restoring data sources...
	Restoring data/AGENCY.csv... OK
	Restoring data/FEED_INFO.csv... OK
Restored data sources.
Deleting .aux/snapshot.pkl... OK

------------------------------------------------------
Finished running test in 554.47s.
Summary:
	Created new version in 515.01s (9898825 triples)
	Updated in 16.31s (9898839 triples)
	Updated in 23.12s (9898839 triples)
######################### 2 #########################
INFO | 2023-07-04 00:55:12,685 | 86 mapping rules retrieved.
INFO | 2023-07-04 00:55:12,714 | Mapping partition with 1 groups generated.
INFO | 2023-07-04 00:55:12,715 | Maximum number of rules within mapping group: 86.
INFO | 2023-07-04 00:55:12,715 | Mappings processed in 1.613 seconds.
Running test test-morph-disk
Loading new graph...
data/CALENDAR_DATES.csv
	Found new data, saved to .aux/new_data/data/CALENDAR_DATES.csv.
	No removed data.
data/CALENDAR.csv
	Found new data, saved to .aux/new_data/data/CALENDAR.csv.
	No removed data.
data/SHAPES.csv
	Found new data, saved to .aux/new_data/data/SHAPES.csv.
	No removed data.
data/ROUTES.csv
	Found new data, saved to .aux/new_data/data/ROUTES.csv.
	No removed data.
data/TRIPS.csv
	Found new data, saved to .aux/new_data/data/TRIPS.csv.
	No removed data.
data/AGENCY.csv
	Found new data, saved to .aux/new_data/data/AGENCY.csv.
	No removed data.
data/FEED_INFO.csv
	Found new data, saved to .aux/new_data/data/FEED_INFO.csv.
	No removed data.
data/FREQUENCIES.csv
	Found new data, saved to .aux/new_data/data/FREQUENCIES.csv.
	No removed data.
data/STOP_TIMES.csv
	Found new data, saved to .aux/new_data/data/STOP_TIMES.csv.
	No removed data.
data/STOPS.csv
	Found new data, saved to .aux/new_data/data/STOPS.csv.
	No removed data.
Finished calculating diff in 10.88s.
Saved snapshot to .aux/snapshot.pkl
Materializing graph...
Updating mappings... OK
Running mapping engine on the new data...
INFO | 2023-07-04 00:56:28,671 | Number of triples generated in total: 9898825.
INFO | 2023-07-04 01:03:48,214 | 14 mapping rules retrieved.
INFO | 2023-07-04 01:03:48,225 | Mapping partition with 1 groups generated.
INFO | 2023-07-04 01:03:48,225 | Maximum number of rules within mapping group: 14.
INFO | 2023-07-04 01:03:48,225 | Mappings processed in 0.438 seconds.
No removed data detected in the data source, no need to run the mapping engine.
Materialization complete in 507.81s
Loaded new graph in 521.22s
Updating data source...
	Adding data to data/AGENCY.csv... OK
	Adding data to data/FEED_INFO.csv... OK
Finished updating data source.
Updating graph...
data/CALENDAR_DATES.csv
	No new data.
	No removed data.
data/CALENDAR.csv
	No new data.
	No removed data.
data/SHAPES.csv
	No new data.
	No removed data.
data/ROUTES.csv
	No new data.
	No removed data.
data/TRIPS.csv
	No new data.
	No removed data.
data/AGENCY.csv
	Found new data, saved to .aux/new_data/data/AGENCY.csv.
	No removed data.
data/FEED_INFO.csv
	Found new data, saved to .aux/new_data/data/FEED_INFO.csv.
	No removed data.
data/FREQUENCIES.csv
	No new data.
	No removed data.
data/STOP_TIMES.csv
	No new data.
	No removed data.
data/STOPS.csv
	No new data.
	No removed data.
Finished calculating diff in 5.62s.
Saved snapshot to .aux/snapshot.pkl
Materializing graph...
Updating mappings... OK
Running mapping engine on the new data...
INFO | 2023-07-04 01:03:55,119 | Number of triples generated in total: 14.
INFO | 2023-07-04 01:04:04,034 | 7 mapping rules retrieved.
INFO | 2023-07-04 01:04:04,043 | Mapping partition with 1 groups generated.
INFO | 2023-07-04 01:04:04,043 | Maximum number of rules within mapping group: 7.
INFO | 2023-07-04 01:04:04,043 | Mappings processed in 0.336 seconds.
No removed data detected in the data source, no need to run the mapping engine.
Materialization complete in 7.35s
Constructing new graph... OK (0.00s)
Finished updating graph in 16.05s.
Updating data source...
	Adding data to data/AGENCY.csv... OK
	Removing data from data/AGENCY.csv... OK
Finished updating data source.
Updating graph...
data/CALENDAR_DATES.csv
	No new data.
	No removed data.
data/CALENDAR.csv
	No new data.
	No removed data.
data/SHAPES.csv
	No new data.
	No removed data.
data/ROUTES.csv
	No new data.
	No removed data.
data/TRIPS.csv
	No new data.
	No removed data.
data/AGENCY.csv
	Found new data, saved to .aux/new_data/data/AGENCY.csv.
	Found removed data, saved to .aux/removed_data/data/AGENCY.csv.
data/FEED_INFO.csv
	No new data.
	No removed data.
data/FREQUENCIES.csv
	No new data.
	No removed data.
data/STOP_TIMES.csv
	No new data.
	No removed data.
data/STOPS.csv
	No new data.
	No removed data.
Finished calculating diff in 5.46s.
Saved snapshot to .aux/snapshot.pkl
Materializing graph...
Updating mappings... OK
Running mapping engine on the new data...
INFO | 2023-07-04 01:04:10,912 | Number of triples generated in total: 7.
INFO | 2023-07-04 01:04:11,271 | 7 mapping rules retrieved.
INFO | 2023-07-04 01:04:11,279 | Mapping partition with 1 groups generated.
INFO | 2023-07-04 01:04:11,280 | Maximum number of rules within mapping group: 7.
INFO | 2023-07-04 01:04:11,280 | Mappings processed in 0.343 seconds.
Updating mappings... OK
INFO | 2023-07-04 01:04:18,132 | Number of triples generated in total: 7.
Materialization complete in 14.44s
Constructing new graph... OK (0.00s)
Finished updating graph in 23.00s.
Restoring data sources...
	Restoring data/AGENCY.csv... OK
	Restoring data/FEED_INFO.csv... OK
Restored data sources.
Deleting .aux/snapshot.pkl... OK

------------------------------------------------------
Finished running test in 560.30s.
Summary:
	Created new version in 521.22s (9898825 triples)
	Updated in 16.05s (9898839 triples)
	Updated in 23.00s (9898839 triples)
######################### 3 #########################
INFO | 2023-07-04 01:05:32,790 | 86 mapping rules retrieved.
INFO | 2023-07-04 01:05:32,820 | Mapping partition with 1 groups generated.
INFO | 2023-07-04 01:05:32,820 | Maximum number of rules within mapping group: 86.
INFO | 2023-07-04 01:05:32,820 | Mappings processed in 1.627 seconds.
Running test test-morph-disk
Loading new graph...
data/CALENDAR_DATES.csv
	Found new data, saved to .aux/new_data/data/CALENDAR_DATES.csv.
	No removed data.
data/FEED_INFO.csv
	Found new data, saved to .aux/new_data/data/FEED_INFO.csv.
	No removed data.
data/CALENDAR.csv
	Found new data, saved to .aux/new_data/data/CALENDAR.csv.
	No removed data.
data/AGENCY.csv
	Found new data, saved to .aux/new_data/data/AGENCY.csv.
	No removed data.
data/SHAPES.csv
	Found new data, saved to .aux/new_data/data/SHAPES.csv.
	No removed data.
data/TRIPS.csv
	Found new data, saved to .aux/new_data/data/TRIPS.csv.
	No removed data.
data/FREQUENCIES.csv
	Found new data, saved to .aux/new_data/data/FREQUENCIES.csv.
	No removed data.
data/STOP_TIMES.csv
	Found new data, saved to .aux/new_data/data/STOP_TIMES.csv.
	No removed data.
data/ROUTES.csv
	Found new data, saved to .aux/new_data/data/ROUTES.csv.
	No removed data.
data/STOPS.csv
	Found new data, saved to .aux/new_data/data/STOPS.csv.
	No removed data.
Finished calculating diff in 11.07s.
Saved snapshot to .aux/snapshot.pkl
Materializing graph...
Updating mappings... OK
Running mapping engine on the new data...
INFO | 2023-07-04 01:06:49,180 | Number of triples generated in total: 9898825.
INFO | 2023-07-04 01:13:58,916 | 14 mapping rules retrieved.
INFO | 2023-07-04 01:13:58,927 | Mapping partition with 1 groups generated.
INFO | 2023-07-04 01:13:58,928 | Maximum number of rules within mapping group: 14.
INFO | 2023-07-04 01:13:58,928 | Mappings processed in 0.438 seconds.
No removed data detected in the data source, no need to run the mapping engine.
Materialization complete in 498.47s
Loaded new graph in 512.05s
Updating data source...
	Adding data to data/AGENCY.csv... OK
	Adding data to data/FEED_INFO.csv... OK
Finished updating data source.
Updating graph...
data/CALENDAR_DATES.csv
	No new data.
	No removed data.
data/FEED_INFO.csv
	Found new data, saved to .aux/new_data/data/FEED_INFO.csv.
	No removed data.
data/CALENDAR.csv
	No new data.
	No removed data.
data/AGENCY.csv
	Found new data, saved to .aux/new_data/data/AGENCY.csv.
	No removed data.
data/SHAPES.csv
	No new data.
	No removed data.
data/TRIPS.csv
	No new data.
	No removed data.
data/FREQUENCIES.csv
	No new data.
	No removed data.
data/STOP_TIMES.csv
	No new data.
	No removed data.
data/ROUTES.csv
	No new data.
	No removed data.
data/STOPS.csv
	No new data.
	No removed data.
Finished calculating diff in 5.59s.
Saved snapshot to .aux/snapshot.pkl
Materializing graph...
Updating mappings... OK
Running mapping engine on the new data...
INFO | 2023-07-04 01:14:05,896 | Number of triples generated in total: 14.
INFO | 2023-07-04 01:14:14,916 | 7 mapping rules retrieved.
INFO | 2023-07-04 01:14:14,925 | Mapping partition with 1 groups generated.
INFO | 2023-07-04 01:14:14,926 | Maximum number of rules within mapping group: 7.
INFO | 2023-07-04 01:14:14,926 | Mappings processed in 0.338 seconds.
No removed data detected in the data source, no need to run the mapping engine.
Materialization complete in 7.43s
Constructing new graph... OK (0.00s)
Finished updating graph in 16.08s.
Updating data source...
	Adding data to data/AGENCY.csv... OK
	Removing data from data/AGENCY.csv... OK
Finished updating data source.
Updating graph...
data/CALENDAR_DATES.csv
	No new data.
	No removed data.
data/FEED_INFO.csv
	No new data.
	No removed data.
data/CALENDAR.csv
	No new data.
	No removed data.
data/AGENCY.csv
	Found new data, saved to .aux/new_data/data/AGENCY.csv.
	Found removed data, saved to .aux/removed_data/data/AGENCY.csv.
data/SHAPES.csv
	No new data.
	No removed data.
data/TRIPS.csv
	No new data.
	No removed data.
data/FREQUENCIES.csv
	No new data.
	No removed data.
data/STOP_TIMES.csv
	No new data.
	No removed data.
data/ROUTES.csv
	No new data.
	No removed data.
data/STOPS.csv
	No new data.
	No removed data.
Finished calculating diff in 5.48s.
Saved snapshot to .aux/snapshot.pkl
Materializing graph...
Updating mappings... OK
Running mapping engine on the new data...
INFO | 2023-07-04 01:14:21,862 | Number of triples generated in total: 7.
INFO | 2023-07-04 01:14:22,222 | 7 mapping rules retrieved.
INFO | 2023-07-04 01:14:22,230 | Mapping partition with 1 groups generated.
INFO | 2023-07-04 01:14:22,231 | Maximum number of rules within mapping group: 7.
INFO | 2023-07-04 01:14:22,231 | Mappings processed in 0.341 seconds.
Updating mappings... OK
INFO | 2023-07-04 01:14:29,120 | Number of triples generated in total: 7.
Materialization complete in 14.55s
Constructing new graph... OK (0.00s)
Finished updating graph in 23.21s.
Restoring data sources...
	Restoring data/AGENCY.csv... OK
	Restoring data/FEED_INFO.csv... OK
Restored data sources.
Deleting .aux/snapshot.pkl... OK

------------------------------------------------------
Finished running test in 551.37s.
Summary:
	Created new version in 512.05s (9898825 triples)
	Updated in 16.08s (9898839 triples)
	Updated in 23.21s (9898839 triples)
######################### 4 #########################
INFO | 2023-07-04 01:15:42,668 | 86 mapping rules retrieved.
INFO | 2023-07-04 01:15:42,696 | Mapping partition with 1 groups generated.
INFO | 2023-07-04 01:15:42,697 | Maximum number of rules within mapping group: 86.
INFO | 2023-07-04 01:15:42,697 | Mappings processed in 1.615 seconds.
Running test test-morph-disk
Loading new graph...
data/CALENDAR.csv
	Found new data, saved to .aux/new_data/data/CALENDAR.csv.
	No removed data.
data/TRIPS.csv
	Found new data, saved to .aux/new_data/data/TRIPS.csv.
	No removed data.
data/AGENCY.csv
	Found new data, saved to .aux/new_data/data/AGENCY.csv.
	No removed data.
data/CALENDAR_DATES.csv
	Found new data, saved to .aux/new_data/data/CALENDAR_DATES.csv.
	No removed data.
data/STOP_TIMES.csv
	Found new data, saved to .aux/new_data/data/STOP_TIMES.csv.
	No removed data.
data/FREQUENCIES.csv
	Found new data, saved to .aux/new_data/data/FREQUENCIES.csv.
	No removed data.
data/SHAPES.csv
	Found new data, saved to .aux/new_data/data/SHAPES.csv.
	No removed data.
data/FEED_INFO.csv
	Found new data, saved to .aux/new_data/data/FEED_INFO.csv.
	No removed data.
data/ROUTES.csv
	Found new data, saved to .aux/new_data/data/ROUTES.csv.
	No removed data.
data/STOPS.csv
	Found new data, saved to .aux/new_data/data/STOPS.csv.
	No removed data.
Finished calculating diff in 11.09s.
Saved snapshot to .aux/snapshot.pkl
Materializing graph...
Updating mappings... OK
Running mapping engine on the new data...
INFO | 2023-07-04 01:16:58,570 | Number of triples generated in total: 9898825.
INFO | 2023-07-04 01:24:11,632 | 14 mapping rules retrieved.
INFO | 2023-07-04 01:24:11,642 | Mapping partition with 1 groups generated.
INFO | 2023-07-04 01:24:11,643 | Maximum number of rules within mapping group: 14.
INFO | 2023-07-04 01:24:11,643 | Mappings processed in 0.438 seconds.
No removed data detected in the data source, no need to run the mapping engine.
Materialization complete in 501.06s
Loaded new graph in 514.69s
Updating data source...
	Adding data to data/AGENCY.csv... OK
	Adding data to data/FEED_INFO.csv... OK
Finished updating data source.
Updating graph...
data/CALENDAR.csv
	No new data.
	No removed data.
data/TRIPS.csv
	No new data.
	No removed data.
data/AGENCY.csv
	Found new data, saved to .aux/new_data/data/AGENCY.csv.
	No removed data.
data/CALENDAR_DATES.csv
	No new data.
	No removed data.
data/STOP_TIMES.csv
	No new data.
	No removed data.
data/FREQUENCIES.csv
	No new data.
	No removed data.
data/SHAPES.csv
	No new data.
	No removed data.
data/FEED_INFO.csv
	Found new data, saved to .aux/new_data/data/FEED_INFO.csv.
	No removed data.
data/ROUTES.csv
	No new data.
	No removed data.
data/STOPS.csv
	No new data.
	No removed data.
Finished calculating diff in 5.77s.
Saved snapshot to .aux/snapshot.pkl
Materializing graph...
Updating mappings... OK
Running mapping engine on the new data...
INFO | 2023-07-04 01:24:18,437 | Number of triples generated in total: 14.
INFO | 2023-07-04 01:24:27,421 | 7 mapping rules retrieved.
INFO | 2023-07-04 01:24:27,430 | Mapping partition with 1 groups generated.
INFO | 2023-07-04 01:24:27,430 | Maximum number of rules within mapping group: 7.
INFO | 2023-07-04 01:24:27,431 | Mappings processed in 0.339 seconds.
No removed data detected in the data source, no need to run the mapping engine.
Materialization complete in 7.25s
Constructing new graph... OK (0.00s)
Finished updating graph in 16.13s.
Updating data source...
	Adding data to data/AGENCY.csv... OK
	Removing data from data/AGENCY.csv... OK
Finished updating data source.
Updating graph...
data/CALENDAR.csv
	No new data.
	No removed data.
data/TRIPS.csv
	No new data.
	No removed data.
data/AGENCY.csv
	Found new data, saved to .aux/new_data/data/AGENCY.csv.
	Found removed data, saved to .aux/removed_data/data/AGENCY.csv.
data/CALENDAR_DATES.csv
	No new data.
	No removed data.
data/STOP_TIMES.csv
	No new data.
	No removed data.
data/FREQUENCIES.csv
	No new data.
	No removed data.
data/SHAPES.csv
	No new data.
	No removed data.
data/FEED_INFO.csv
	No new data.
	No removed data.
data/ROUTES.csv
	No new data.
	No removed data.
data/STOPS.csv
	No new data.
	No removed data.
Finished calculating diff in 5.51s.
Saved snapshot to .aux/snapshot.pkl
Materializing graph...
Updating mappings... OK
Running mapping engine on the new data...
INFO | 2023-07-04 01:24:34,339 | Number of triples generated in total: 7.
INFO | 2023-07-04 01:24:34,698 | 7 mapping rules retrieved.
INFO | 2023-07-04 01:24:34,706 | Mapping partition with 1 groups generated.
INFO | 2023-07-04 01:24:34,707 | Maximum number of rules within mapping group: 7.
INFO | 2023-07-04 01:24:34,707 | Mappings processed in 0.342 seconds.
Updating mappings... OK
INFO | 2023-07-04 01:24:41,584 | Number of triples generated in total: 7.
Materialization complete in 14.51s
Constructing new graph... OK (0.00s)
Finished updating graph in 23.13s.
Restoring data sources...
	Restoring data/AGENCY.csv... OK
	Restoring data/FEED_INFO.csv... OK
Restored data sources.
Deleting .aux/snapshot.pkl... OK

------------------------------------------------------
Finished running test in 553.99s.
Summary:
	Created new version in 514.69s (9898825 triples)
	Updated in 16.13s (9898839 triples)
	Updated in 23.13s (9898839 triples)
######################### 5 #########################
INFO | 2023-07-04 01:25:56,076 | 86 mapping rules retrieved.
INFO | 2023-07-04 01:25:56,104 | Mapping partition with 1 groups generated.
INFO | 2023-07-04 01:25:56,105 | Maximum number of rules within mapping group: 86.
INFO | 2023-07-04 01:25:56,105 | Mappings processed in 1.629 seconds.
Running test test-morph-disk
Loading new graph...
data/FREQUENCIES.csv
	Found new data, saved to .aux/new_data/data/FREQUENCIES.csv.
	No removed data.
data/STOP_TIMES.csv
	Found new data, saved to .aux/new_data/data/STOP_TIMES.csv.
	No removed data.
data/CALENDAR_DATES.csv
	Found new data, saved to .aux/new_data/data/CALENDAR_DATES.csv.
	No removed data.
data/FEED_INFO.csv
	Found new data, saved to .aux/new_data/data/FEED_INFO.csv.
	No removed data.
data/AGENCY.csv
	Found new data, saved to .aux/new_data/data/AGENCY.csv.
	No removed data.
data/CALENDAR.csv
	Found new data, saved to .aux/new_data/data/CALENDAR.csv.
	No removed data.
data/STOPS.csv
	Found new data, saved to .aux/new_data/data/STOPS.csv.
	No removed data.
data/ROUTES.csv
	Found new data, saved to .aux/new_data/data/ROUTES.csv.
	No removed data.
data/TRIPS.csv
	Found new data, saved to .aux/new_data/data/TRIPS.csv.
	No removed data.
data/SHAPES.csv
	Found new data, saved to .aux/new_data/data/SHAPES.csv.
	No removed data.
Finished calculating diff in 11.11s.
Saved snapshot to .aux/snapshot.pkl
Materializing graph...
Updating mappings... OK
Running mapping engine on the new data...
INFO | 2023-07-04 01:27:14,704 | Number of triples generated in total: 9898825.
INFO | 2023-07-04 01:34:25,638 | 14 mapping rules retrieved.
INFO | 2023-07-04 01:34:25,649 | Mapping partition with 1 groups generated.
INFO | 2023-07-04 01:34:25,649 | Maximum number of rules within mapping group: 14.
INFO | 2023-07-04 01:34:25,649 | Mappings processed in 0.442 seconds.
No removed data detected in the data source, no need to run the mapping engine.
Materialization complete in 501.80s
Loaded new graph in 515.49s
Updating data source...
	Adding data to data/AGENCY.csv... OK
	Adding data to data/FEED_INFO.csv... OK
Finished updating data source.
Updating graph...
data/FREQUENCIES.csv
	No new data.
	No removed data.
data/STOP_TIMES.csv
	No new data.
	No removed data.
data/CALENDAR_DATES.csv
	No new data.
	No removed data.
data/FEED_INFO.csv
	Found new data, saved to .aux/new_data/data/FEED_INFO.csv.
	No removed data.
data/AGENCY.csv
	Found new data, saved to .aux/new_data/data/AGENCY.csv.
	No removed data.
data/CALENDAR.csv
	No new data.
	No removed data.
data/STOPS.csv
	No new data.
	No removed data.
data/ROUTES.csv
	No new data.
	No removed data.
data/TRIPS.csv
	No new data.
	No removed data.
data/SHAPES.csv
	No new data.
	No removed data.
Finished calculating diff in 5.62s.
Saved snapshot to .aux/snapshot.pkl
Materializing graph...
Updating mappings... OK
Running mapping engine on the new data...
INFO | 2023-07-04 01:34:32,636 | Number of triples generated in total: 14.
INFO | 2023-07-04 01:34:41,696 | 7 mapping rules retrieved.
INFO | 2023-07-04 01:34:41,704 | Mapping partition with 1 groups generated.
INFO | 2023-07-04 01:34:41,705 | Maximum number of rules within mapping group: 7.
INFO | 2023-07-04 01:34:41,705 | Mappings processed in 0.340 seconds.
No removed data detected in the data source, no need to run the mapping engine.
Materialization complete in 7.45s
Constructing new graph... OK (0.00s)
Finished updating graph in 16.16s.
Updating data source...
	Adding data to data/AGENCY.csv... OK
	Removing data from data/AGENCY.csv... OK
Finished updating data source.
Updating graph...
data/FREQUENCIES.csv
	No new data.
	No removed data.
data/STOP_TIMES.csv
	No new data.
	No removed data.
data/CALENDAR_DATES.csv
	No new data.
	No removed data.
data/FEED_INFO.csv
	No new data.
	No removed data.
data/AGENCY.csv
	Found new data, saved to .aux/new_data/data/AGENCY.csv.
	Found removed data, saved to .aux/removed_data/data/AGENCY.csv.
data/CALENDAR.csv
	No new data.
	No removed data.
data/STOPS.csv
	No new data.
	No removed data.
data/ROUTES.csv
	No new data.
	No removed data.
data/TRIPS.csv
	No new data.
	No removed data.
data/SHAPES.csv
	No new data.
	No removed data.
Finished calculating diff in 5.48s.
Saved snapshot to .aux/snapshot.pkl
Materializing graph...
Updating mappings... OK
Running mapping engine on the new data...
INFO | 2023-07-04 01:34:48,821 | Number of triples generated in total: 7.
INFO | 2023-07-04 01:34:49,187 | 7 mapping rules retrieved.
INFO | 2023-07-04 01:34:49,196 | Mapping partition with 1 groups generated.
INFO | 2023-07-04 01:34:49,196 | Maximum number of rules within mapping group: 7.
INFO | 2023-07-04 01:34:49,196 | Mappings processed in 0.345 seconds.
Updating mappings... OK
INFO | 2023-07-04 01:34:56,034 | Number of triples generated in total: 7.
Materialization complete in 14.68s
Constructing new graph... OK (0.00s)
Finished updating graph in 23.38s.
Restoring data sources...
	Restoring data/AGENCY.csv... OK
	Restoring data/FEED_INFO.csv... OK
Restored data sources.
Deleting .aux/snapshot.pkl... OK

------------------------------------------------------
Finished running test in 555.07s.
Summary:
	Created new version in 515.49s (9898825 triples)
	Updated in 16.16s (9898839 triples)
	Updated in 23.38s (9898839 triples)
