######################### 1 #########################
INFO | 2023-07-03 22:00:57,278 | 86 mapping rules retrieved.
INFO | 2023-07-03 22:00:57,309 | Mapping partition with 1 groups generated.
INFO | 2023-07-03 22:00:57,309 | Maximum number of rules within mapping group: 86.
INFO | 2023-07-03 22:00:57,309 | Mappings processed in 1.654 seconds.
Running test test-morph-disk
Loading new graph...
data/AGENCY.csv
	Found new data, saved to .aux/new_data/data/AGENCY.csv.
	No removed data, saved to .aux/removed_data/data/AGENCY.csv.
data/TRIPS.csv
	Found new data, saved to .aux/new_data/data/TRIPS.csv.
	No removed data, saved to .aux/removed_data/data/TRIPS.csv.
data/SHAPES.csv
	Found new data, saved to .aux/new_data/data/SHAPES.csv.
	No removed data, saved to .aux/removed_data/data/SHAPES.csv.
data/CALENDAR_DATES.csv
	Found new data, saved to .aux/new_data/data/CALENDAR_DATES.csv.
	No removed data, saved to .aux/removed_data/data/CALENDAR_DATES.csv.
data/STOPS.csv
	Found new data, saved to .aux/new_data/data/STOPS.csv.
	No removed data, saved to .aux/removed_data/data/STOPS.csv.
data/CALENDAR.csv
	Found new data, saved to .aux/new_data/data/CALENDAR.csv.
	No removed data, saved to .aux/removed_data/data/CALENDAR.csv.
data/ROUTES.csv
	Found new data, saved to .aux/new_data/data/ROUTES.csv.
	No removed data, saved to .aux/removed_data/data/ROUTES.csv.
data/FEED_INFO.csv
	Found new data, saved to .aux/new_data/data/FEED_INFO.csv.
	No removed data, saved to .aux/removed_data/data/FEED_INFO.csv.
data/STOP_TIMES.csv
	Found new data, saved to .aux/new_data/data/STOP_TIMES.csv.
	No removed data, saved to .aux/removed_data/data/STOP_TIMES.csv.
data/FREQUENCIES.csv
	Found new data, saved to .aux/new_data/data/FREQUENCIES.csv.
	No removed data, saved to .aux/removed_data/data/FREQUENCIES.csv.
Finished calculating diff in 11.17s.
Saved snapshot to .aux/snapshot.pkl
Materializing graph...
Updating mappings... OK
Running mapping engine on the new data...
INFO | 2023-07-03 22:02:13,243 | Number of triples generated in total: 9898825.
INFO | 2023-07-03 22:09:35,605 | 86 mapping rules retrieved.
INFO | 2023-07-03 22:09:35,633 | Mapping partition with 1 groups generated.
INFO | 2023-07-03 22:09:35,633 | Maximum number of rules within mapping group: 86.
INFO | 2023-07-03 22:09:35,633 | Mappings processed in 1.754 seconds.
No removed data detected in the data source, no need to run the mapping engine.
Materialization complete in 509.39s
Loaded new graph in 522.90s
Updating data source...
	Adding data to data/AGENCY.csv... OK
	Adding data to data/FEED_INFO.csv... OK
Finished updating data source.
Updating graph...
data/AGENCY.csv
	Found new data, saved to .aux/new_data/data/AGENCY.csv.
	No removed data, saved to .aux/removed_data/data/AGENCY.csv.
data/TRIPS.csv
	No new data, saved to .aux/new_data/data/TRIPS.csv.
	No removed data, saved to .aux/removed_data/data/TRIPS.csv.
data/SHAPES.csv
	No new data, saved to .aux/new_data/data/SHAPES.csv.
	No removed data, saved to .aux/removed_data/data/SHAPES.csv.
data/CALENDAR_DATES.csv
	No new data, saved to .aux/new_data/data/CALENDAR_DATES.csv.
	No removed data, saved to .aux/removed_data/data/CALENDAR_DATES.csv.
data/STOPS.csv
	No new data, saved to .aux/new_data/data/STOPS.csv.
	No removed data, saved to .aux/removed_data/data/STOPS.csv.
data/CALENDAR.csv
	No new data, saved to .aux/new_data/data/CALENDAR.csv.
	No removed data, saved to .aux/removed_data/data/CALENDAR.csv.
data/ROUTES.csv
	No new data, saved to .aux/new_data/data/ROUTES.csv.
	No removed data, saved to .aux/removed_data/data/ROUTES.csv.
data/FEED_INFO.csv
	Found new data, saved to .aux/new_data/data/FEED_INFO.csv.
	No removed data, saved to .aux/removed_data/data/FEED_INFO.csv.
data/STOP_TIMES.csv
	No new data, saved to .aux/new_data/data/STOP_TIMES.csv.
	No removed data, saved to .aux/removed_data/data/STOP_TIMES.csv.
data/FREQUENCIES.csv
	No new data, saved to .aux/new_data/data/FREQUENCIES.csv.
	No removed data, saved to .aux/removed_data/data/FREQUENCIES.csv.
Finished calculating diff in 5.62s.
Saved snapshot to .aux/snapshot.pkl
Materializing graph...
Updating mappings... OK
Running mapping engine on the new data...
INFO | 2023-07-03 22:09:43,555 | Number of triples generated in total: 14.
INFO | 2023-07-03 22:09:53,685 | 86 mapping rules retrieved.
INFO | 2023-07-03 22:09:53,713 | Mapping partition with 1 groups generated.
INFO | 2023-07-03 22:09:53,714 | Maximum number of rules within mapping group: 86.
INFO | 2023-07-03 22:09:53,714 | Mappings processed in 1.592 seconds.
No removed data detected in the data source, no need to run the mapping engine.
Materialization complete in 9.73s
Constructing new graph... OK (0.00s)
Finished updating graph in 18.37s.
Updating data source...
	Adding data to data/AGENCY.csv... OK
	Removing data from data/AGENCY.csv... OK
Finished updating data source.
Updating graph...
data/AGENCY.csv
	Found new data, saved to .aux/new_data/data/AGENCY.csv.
	Found removed data, saved to .aux/removed_data/data/AGENCY.csv.
data/TRIPS.csv
	No new data, saved to .aux/new_data/data/TRIPS.csv.
	No removed data, saved to .aux/removed_data/data/TRIPS.csv.
data/SHAPES.csv
	No new data, saved to .aux/new_data/data/SHAPES.csv.
	No removed data, saved to .aux/removed_data/data/SHAPES.csv.
data/CALENDAR_DATES.csv
	No new data, saved to .aux/new_data/data/CALENDAR_DATES.csv.
	No removed data, saved to .aux/removed_data/data/CALENDAR_DATES.csv.
data/STOPS.csv
	No new data, saved to .aux/new_data/data/STOPS.csv.
	No removed data, saved to .aux/removed_data/data/STOPS.csv.
data/CALENDAR.csv
	No new data, saved to .aux/new_data/data/CALENDAR.csv.
	No removed data, saved to .aux/removed_data/data/CALENDAR.csv.
data/ROUTES.csv
	No new data, saved to .aux/new_data/data/ROUTES.csv.
	No removed data, saved to .aux/removed_data/data/ROUTES.csv.
data/FEED_INFO.csv
	No new data, saved to .aux/new_data/data/FEED_INFO.csv.
	No removed data, saved to .aux/removed_data/data/FEED_INFO.csv.
data/STOP_TIMES.csv
	No new data, saved to .aux/new_data/data/STOP_TIMES.csv.
	No removed data, saved to .aux/removed_data/data/STOP_TIMES.csv.
data/FREQUENCIES.csv
	No new data, saved to .aux/new_data/data/FREQUENCIES.csv.
	No removed data, saved to .aux/removed_data/data/FREQUENCIES.csv.
Finished calculating diff in 5.54s.
Saved snapshot to .aux/snapshot.pkl
Materializing graph...
Updating mappings... OK
Running mapping engine on the new data...
INFO | 2023-07-03 22:10:01,171 | Number of triples generated in total: 7.
INFO | 2023-07-03 22:10:02,802 | 86 mapping rules retrieved.
INFO | 2023-07-03 22:10:02,830 | Mapping partition with 1 groups generated.
INFO | 2023-07-03 22:10:02,831 | Maximum number of rules within mapping group: 86.
INFO | 2023-07-03 22:10:02,831 | Mappings processed in 1.601 seconds.
Updating mappings... OK
INFO | 2023-07-03 22:10:10,301 | Number of triples generated in total: 7.
Materialization complete in 18.23s
Constructing new graph... OK (0.00s)
Finished updating graph in 26.73s.
Restoring data sources...
	Restoring data/AGENCY.csv... OK
	Restoring data/FEED_INFO.csv... OK
Restored data sources.
Deleting .aux/snapshot.pkl... OK

------------------------------------------------------
Finished running test in 568.03s.
Summary:
	Created new version in 522.90s (9898825 triples)
	Updated in 18.37s (9898839 triples)
	Updated in 26.73s (9898839 triples)
######################### 2 #########################
INFO | 2023-07-03 22:11:25,622 | 86 mapping rules retrieved.
INFO | 2023-07-03 22:11:25,651 | Mapping partition with 1 groups generated.
INFO | 2023-07-03 22:11:25,651 | Maximum number of rules within mapping group: 86.
INFO | 2023-07-03 22:11:25,651 | Mappings processed in 1.655 seconds.
Running test test-morph-disk
Loading new graph...
data/AGENCY.csv
	Found new data, saved to .aux/new_data/data/AGENCY.csv.
	No removed data, saved to .aux/removed_data/data/AGENCY.csv.
data/FEED_INFO.csv
	Found new data, saved to .aux/new_data/data/FEED_INFO.csv.
	No removed data, saved to .aux/removed_data/data/FEED_INFO.csv.
data/ROUTES.csv
	Found new data, saved to .aux/new_data/data/ROUTES.csv.
	No removed data, saved to .aux/removed_data/data/ROUTES.csv.
data/FREQUENCIES.csv
	Found new data, saved to .aux/new_data/data/FREQUENCIES.csv.
	No removed data, saved to .aux/removed_data/data/FREQUENCIES.csv.
data/CALENDAR.csv
	Found new data, saved to .aux/new_data/data/CALENDAR.csv.
	No removed data, saved to .aux/removed_data/data/CALENDAR.csv.
data/TRIPS.csv
	Found new data, saved to .aux/new_data/data/TRIPS.csv.
	No removed data, saved to .aux/removed_data/data/TRIPS.csv.
data/STOPS.csv
	Found new data, saved to .aux/new_data/data/STOPS.csv.
	No removed data, saved to .aux/removed_data/data/STOPS.csv.
data/SHAPES.csv
	Found new data, saved to .aux/new_data/data/SHAPES.csv.
	No removed data, saved to .aux/removed_data/data/SHAPES.csv.
data/STOP_TIMES.csv
	Found new data, saved to .aux/new_data/data/STOP_TIMES.csv.
	No removed data, saved to .aux/removed_data/data/STOP_TIMES.csv.
data/CALENDAR_DATES.csv
	Found new data, saved to .aux/new_data/data/CALENDAR_DATES.csv.
	No removed data, saved to .aux/removed_data/data/CALENDAR_DATES.csv.
Finished calculating diff in 11.07s.
Saved snapshot to .aux/snapshot.pkl
Materializing graph...
Updating mappings... OK
Running mapping engine on the new data...
INFO | 2023-07-03 22:12:43,718 | Number of triples generated in total: 9898825.
INFO | 2023-07-03 22:19:55,948 | 86 mapping rules retrieved.
INFO | 2023-07-03 22:19:55,975 | Mapping partition with 1 groups generated.
INFO | 2023-07-03 22:19:55,976 | Maximum number of rules within mapping group: 86.
INFO | 2023-07-03 22:19:55,976 | Mappings processed in 1.595 seconds.
No removed data detected in the data source, no need to run the mapping engine.
Materialization complete in 501.69s
Loaded new graph in 515.05s
Updating data source...
	Adding data to data/AGENCY.csv... OK
	Adding data to data/FEED_INFO.csv... OK
Finished updating data source.
Updating graph...
data/AGENCY.csv
	Found new data, saved to .aux/new_data/data/AGENCY.csv.
	No removed data, saved to .aux/removed_data/data/AGENCY.csv.
data/FEED_INFO.csv
	Found new data, saved to .aux/new_data/data/FEED_INFO.csv.
	No removed data, saved to .aux/removed_data/data/FEED_INFO.csv.
data/ROUTES.csv
	No new data, saved to .aux/new_data/data/ROUTES.csv.
	No removed data, saved to .aux/removed_data/data/ROUTES.csv.
data/FREQUENCIES.csv
	No new data, saved to .aux/new_data/data/FREQUENCIES.csv.
	No removed data, saved to .aux/removed_data/data/FREQUENCIES.csv.
data/CALENDAR.csv
	No new data, saved to .aux/new_data/data/CALENDAR.csv.
	No removed data, saved to .aux/removed_data/data/CALENDAR.csv.
data/TRIPS.csv
	No new data, saved to .aux/new_data/data/TRIPS.csv.
	No removed data, saved to .aux/removed_data/data/TRIPS.csv.
data/STOPS.csv
	No new data, saved to .aux/new_data/data/STOPS.csv.
	No removed data, saved to .aux/removed_data/data/STOPS.csv.
data/SHAPES.csv
	No new data, saved to .aux/new_data/data/SHAPES.csv.
	No removed data, saved to .aux/removed_data/data/SHAPES.csv.
data/STOP_TIMES.csv
	No new data, saved to .aux/new_data/data/STOP_TIMES.csv.
	No removed data, saved to .aux/removed_data/data/STOP_TIMES.csv.
data/CALENDAR_DATES.csv
	No new data, saved to .aux/new_data/data/CALENDAR_DATES.csv.
	No removed data, saved to .aux/removed_data/data/CALENDAR_DATES.csv.
Finished calculating diff in 5.58s.
Saved snapshot to .aux/snapshot.pkl
Materializing graph...
Updating mappings... OK
Running mapping engine on the new data...
INFO | 2023-07-03 22:20:03,104 | Number of triples generated in total: 14.
INFO | 2023-07-03 22:20:13,200 | 86 mapping rules retrieved.
INFO | 2023-07-03 22:20:13,227 | Mapping partition with 1 groups generated.
INFO | 2023-07-03 22:20:13,227 | Maximum number of rules within mapping group: 86.
INFO | 2023-07-03 22:20:13,227 | Mappings processed in 1.596 seconds.
No removed data detected in the data source, no need to run the mapping engine.
Materialization complete in 8.77s
Constructing new graph... OK (0.00s)
Finished updating graph in 17.27s.
Updating data source...
	Adding data to data/AGENCY.csv... OK
	Removing data from data/AGENCY.csv... OK
Finished updating data source.
Updating graph...
data/AGENCY.csv
	Found new data, saved to .aux/new_data/data/AGENCY.csv.
	Found removed data, saved to .aux/removed_data/data/AGENCY.csv.
data/FEED_INFO.csv
	No new data, saved to .aux/new_data/data/FEED_INFO.csv.
	No removed data, saved to .aux/removed_data/data/FEED_INFO.csv.
data/ROUTES.csv
	No new data, saved to .aux/new_data/data/ROUTES.csv.
	No removed data, saved to .aux/removed_data/data/ROUTES.csv.
data/FREQUENCIES.csv
	No new data, saved to .aux/new_data/data/FREQUENCIES.csv.
	No removed data, saved to .aux/removed_data/data/FREQUENCIES.csv.
data/CALENDAR.csv
	No new data, saved to .aux/new_data/data/CALENDAR.csv.
	No removed data, saved to .aux/removed_data/data/CALENDAR.csv.
data/TRIPS.csv
	No new data, saved to .aux/new_data/data/TRIPS.csv.
	No removed data, saved to .aux/removed_data/data/TRIPS.csv.
data/STOPS.csv
	No new data, saved to .aux/new_data/data/STOPS.csv.
	No removed data, saved to .aux/removed_data/data/STOPS.csv.
data/SHAPES.csv
	No new data, saved to .aux/new_data/data/SHAPES.csv.
	No removed data, saved to .aux/removed_data/data/SHAPES.csv.
data/STOP_TIMES.csv
	No new data, saved to .aux/new_data/data/STOP_TIMES.csv.
	No removed data, saved to .aux/removed_data/data/STOP_TIMES.csv.
data/CALENDAR_DATES.csv
	No new data, saved to .aux/new_data/data/CALENDAR_DATES.csv.
	No removed data, saved to .aux/removed_data/data/CALENDAR_DATES.csv.
Finished calculating diff in 5.47s.
Saved snapshot to .aux/snapshot.pkl
Materializing graph...
Updating mappings... OK
Running mapping engine on the new data...
INFO | 2023-07-03 22:20:20,503 | Number of triples generated in total: 7.
INFO | 2023-07-03 22:20:22,142 | 86 mapping rules retrieved.
INFO | 2023-07-03 22:20:22,169 | Mapping partition with 1 groups generated.
INFO | 2023-07-03 22:20:22,169 | Maximum number of rules within mapping group: 86.
INFO | 2023-07-03 22:20:22,170 | Mappings processed in 1.606 seconds.
Updating mappings... OK
INFO | 2023-07-03 22:20:29,383 | Number of triples generated in total: 7.
Materialization complete in 17.80s
Constructing new graph... OK (0.00s)
Finished updating graph in 26.27s.
Restoring data sources...
	Restoring data/AGENCY.csv... OK
	Restoring data/FEED_INFO.csv... OK
Restored data sources.
Deleting .aux/snapshot.pkl... OK

------------------------------------------------------
Finished running test in 558.63s.
Summary:
	Created new version in 515.05s (9898825 triples)
	Updated in 17.27s (9898839 triples)
	Updated in 26.27s (9898839 triples)
######################### 3 #########################
INFO | 2023-07-03 22:21:44,417 | 86 mapping rules retrieved.
INFO | 2023-07-03 22:21:44,445 | Mapping partition with 1 groups generated.
INFO | 2023-07-03 22:21:44,446 | Maximum number of rules within mapping group: 86.
INFO | 2023-07-03 22:21:44,446 | Mappings processed in 1.623 seconds.
Running test test-morph-disk
Loading new graph...
data/TRIPS.csv
	Found new data, saved to .aux/new_data/data/TRIPS.csv.
	No removed data, saved to .aux/removed_data/data/TRIPS.csv.
data/CALENDAR_DATES.csv
	Found new data, saved to .aux/new_data/data/CALENDAR_DATES.csv.
	No removed data, saved to .aux/removed_data/data/CALENDAR_DATES.csv.
data/STOPS.csv
	Found new data, saved to .aux/new_data/data/STOPS.csv.
	No removed data, saved to .aux/removed_data/data/STOPS.csv.
data/STOP_TIMES.csv
	Found new data, saved to .aux/new_data/data/STOP_TIMES.csv.
	No removed data, saved to .aux/removed_data/data/STOP_TIMES.csv.
data/AGENCY.csv
	Found new data, saved to .aux/new_data/data/AGENCY.csv.
	No removed data, saved to .aux/removed_data/data/AGENCY.csv.
data/FEED_INFO.csv
	Found new data, saved to .aux/new_data/data/FEED_INFO.csv.
	No removed data, saved to .aux/removed_data/data/FEED_INFO.csv.
data/SHAPES.csv
	Found new data, saved to .aux/new_data/data/SHAPES.csv.
	No removed data, saved to .aux/removed_data/data/SHAPES.csv.
data/CALENDAR.csv
	Found new data, saved to .aux/new_data/data/CALENDAR.csv.
	No removed data, saved to .aux/removed_data/data/CALENDAR.csv.
data/ROUTES.csv
	Found new data, saved to .aux/new_data/data/ROUTES.csv.
	No removed data, saved to .aux/removed_data/data/ROUTES.csv.
data/FREQUENCIES.csv
	Found new data, saved to .aux/new_data/data/FREQUENCIES.csv.
	No removed data, saved to .aux/removed_data/data/FREQUENCIES.csv.
Finished calculating diff in 10.93s.
Saved snapshot to .aux/snapshot.pkl
Materializing graph...
Updating mappings... OK
Running mapping engine on the new data...
INFO | 2023-07-03 22:23:02,472 | Number of triples generated in total: 9898825.
INFO | 2023-07-03 22:30:15,960 | 86 mapping rules retrieved.
INFO | 2023-07-03 22:30:15,987 | Mapping partition with 1 groups generated.
INFO | 2023-07-03 22:30:15,987 | Maximum number of rules within mapping group: 86.
INFO | 2023-07-03 22:30:15,987 | Mappings processed in 1.562 seconds.
No removed data detected in the data source, no need to run the mapping engine.
Materialization complete in 502.71s
Loaded new graph in 515.96s
Updating data source...
	Adding data to data/AGENCY.csv... OK
	Adding data to data/FEED_INFO.csv... OK
Finished updating data source.
Updating graph...
data/TRIPS.csv
	No new data, saved to .aux/new_data/data/TRIPS.csv.
	No removed data, saved to .aux/removed_data/data/TRIPS.csv.
data/CALENDAR_DATES.csv
	No new data, saved to .aux/new_data/data/CALENDAR_DATES.csv.
	No removed data, saved to .aux/removed_data/data/CALENDAR_DATES.csv.
data/STOPS.csv
	No new data, saved to .aux/new_data/data/STOPS.csv.
	No removed data, saved to .aux/removed_data/data/STOPS.csv.
data/STOP_TIMES.csv
	No new data, saved to .aux/new_data/data/STOP_TIMES.csv.
	No removed data, saved to .aux/removed_data/data/STOP_TIMES.csv.
data/AGENCY.csv
	Found new data, saved to .aux/new_data/data/AGENCY.csv.
	No removed data, saved to .aux/removed_data/data/AGENCY.csv.
data/FEED_INFO.csv
	Found new data, saved to .aux/new_data/data/FEED_INFO.csv.
	No removed data, saved to .aux/removed_data/data/FEED_INFO.csv.
data/SHAPES.csv
	No new data, saved to .aux/new_data/data/SHAPES.csv.
	No removed data, saved to .aux/removed_data/data/SHAPES.csv.
data/CALENDAR.csv
	No new data, saved to .aux/new_data/data/CALENDAR.csv.
	No removed data, saved to .aux/removed_data/data/CALENDAR.csv.
data/ROUTES.csv
	No new data, saved to .aux/new_data/data/ROUTES.csv.
	No removed data, saved to .aux/removed_data/data/ROUTES.csv.
data/FREQUENCIES.csv
	No new data, saved to .aux/new_data/data/FREQUENCIES.csv.
	No removed data, saved to .aux/removed_data/data/FREQUENCIES.csv.
Finished calculating diff in 5.61s.
Saved snapshot to .aux/snapshot.pkl
Materializing graph...
Updating mappings... OK
Running mapping engine on the new data...
INFO | 2023-07-03 22:30:23,356 | Number of triples generated in total: 14.
INFO | 2023-07-03 22:30:33,379 | 86 mapping rules retrieved.
INFO | 2023-07-03 22:30:33,406 | Mapping partition with 1 groups generated.
INFO | 2023-07-03 22:30:33,407 | Maximum number of rules within mapping group: 86.
INFO | 2023-07-03 22:30:33,407 | Mappings processed in 1.567 seconds.
No removed data detected in the data source, no need to run the mapping engine.
Materialization complete in 8.99s
Constructing new graph... OK (0.00s)
Finished updating graph in 17.68s.
Updating data source...
	Adding data to data/AGENCY.csv... OK
	Removing data from data/AGENCY.csv... OK
Finished updating data source.
Updating graph...
data/TRIPS.csv
	No new data, saved to .aux/new_data/data/TRIPS.csv.
	No removed data, saved to .aux/removed_data/data/TRIPS.csv.
data/CALENDAR_DATES.csv
	No new data, saved to .aux/new_data/data/CALENDAR_DATES.csv.
	No removed data, saved to .aux/removed_data/data/CALENDAR_DATES.csv.
data/STOPS.csv
	No new data, saved to .aux/new_data/data/STOPS.csv.
	No removed data, saved to .aux/removed_data/data/STOPS.csv.
data/STOP_TIMES.csv
	No new data, saved to .aux/new_data/data/STOP_TIMES.csv.
	No removed data, saved to .aux/removed_data/data/STOP_TIMES.csv.
data/AGENCY.csv
	Found new data, saved to .aux/new_data/data/AGENCY.csv.
	Found removed data, saved to .aux/removed_data/data/AGENCY.csv.
data/FEED_INFO.csv
	No new data, saved to .aux/new_data/data/FEED_INFO.csv.
	No removed data, saved to .aux/removed_data/data/FEED_INFO.csv.
data/SHAPES.csv
	No new data, saved to .aux/new_data/data/SHAPES.csv.
	No removed data, saved to .aux/removed_data/data/SHAPES.csv.
data/CALENDAR.csv
	No new data, saved to .aux/new_data/data/CALENDAR.csv.
	No removed data, saved to .aux/removed_data/data/CALENDAR.csv.
data/ROUTES.csv
	No new data, saved to .aux/new_data/data/ROUTES.csv.
	No removed data, saved to .aux/removed_data/data/ROUTES.csv.
data/FREQUENCIES.csv
	No new data, saved to .aux/new_data/data/FREQUENCIES.csv.
	No removed data, saved to .aux/removed_data/data/FREQUENCIES.csv.
Finished calculating diff in 5.47s.
Saved snapshot to .aux/snapshot.pkl
Materializing graph...
Updating mappings... OK
Running mapping engine on the new data...
INFO | 2023-07-03 22:30:40,626 | Number of triples generated in total: 7.
INFO | 2023-07-03 22:30:42,229 | 86 mapping rules retrieved.
INFO | 2023-07-03 22:30:42,256 | Mapping partition with 1 groups generated.
INFO | 2023-07-03 22:30:42,257 | Maximum number of rules within mapping group: 86.
INFO | 2023-07-03 22:30:42,257 | Mappings processed in 1.573 seconds.
Updating mappings... OK
INFO | 2023-07-03 22:30:49,421 | Number of triples generated in total: 7.
Materialization complete in 17.63s
Constructing new graph... OK (0.00s)
Finished updating graph in 26.05s.
Restoring data sources...
	Restoring data/AGENCY.csv... OK
	Restoring data/FEED_INFO.csv... OK
Restored data sources.
Deleting .aux/snapshot.pkl... OK

------------------------------------------------------
Finished running test in 559.73s.
Summary:
	Created new version in 515.96s (9898825 triples)
	Updated in 17.68s (9898839 triples)
	Updated in 26.05s (9898839 triples)
######################### 4 #########################
INFO | 2023-07-03 22:32:04,521 | 86 mapping rules retrieved.
INFO | 2023-07-03 22:32:04,550 | Mapping partition with 1 groups generated.
INFO | 2023-07-03 22:32:04,550 | Maximum number of rules within mapping group: 86.
INFO | 2023-07-03 22:32:04,550 | Mappings processed in 1.628 seconds.
Running test test-morph-disk
Loading new graph...
data/FEED_INFO.csv
	Found new data, saved to .aux/new_data/data/FEED_INFO.csv.
	No removed data, saved to .aux/removed_data/data/FEED_INFO.csv.
data/FREQUENCIES.csv
	Found new data, saved to .aux/new_data/data/FREQUENCIES.csv.
	No removed data, saved to .aux/removed_data/data/FREQUENCIES.csv.
data/SHAPES.csv
	Found new data, saved to .aux/new_data/data/SHAPES.csv.
	No removed data, saved to .aux/removed_data/data/SHAPES.csv.
data/STOP_TIMES.csv
	Found new data, saved to .aux/new_data/data/STOP_TIMES.csv.
	No removed data, saved to .aux/removed_data/data/STOP_TIMES.csv.
data/ROUTES.csv
	Found new data, saved to .aux/new_data/data/ROUTES.csv.
	No removed data, saved to .aux/removed_data/data/ROUTES.csv.
data/STOPS.csv
	Found new data, saved to .aux/new_data/data/STOPS.csv.
	No removed data, saved to .aux/removed_data/data/STOPS.csv.
data/TRIPS.csv
	Found new data, saved to .aux/new_data/data/TRIPS.csv.
	No removed data, saved to .aux/removed_data/data/TRIPS.csv.
data/CALENDAR_DATES.csv
	Found new data, saved to .aux/new_data/data/CALENDAR_DATES.csv.
	No removed data, saved to .aux/removed_data/data/CALENDAR_DATES.csv.
data/AGENCY.csv
	Found new data, saved to .aux/new_data/data/AGENCY.csv.
	No removed data, saved to .aux/removed_data/data/AGENCY.csv.
data/CALENDAR.csv
	Found new data, saved to .aux/new_data/data/CALENDAR.csv.
	No removed data, saved to .aux/removed_data/data/CALENDAR.csv.
Finished calculating diff in 11.12s.
Saved snapshot to .aux/snapshot.pkl
Materializing graph...
Updating mappings... OK
Running mapping engine on the new data...
INFO | 2023-07-03 22:33:20,822 | Number of triples generated in total: 9898825.
INFO | 2023-07-03 22:40:33,737 | 86 mapping rules retrieved.
INFO | 2023-07-03 22:40:33,764 | Mapping partition with 1 groups generated.
INFO | 2023-07-03 22:40:33,764 | Maximum number of rules within mapping group: 86.
INFO | 2023-07-03 22:40:33,765 | Mappings processed in 1.585 seconds.
No removed data detected in the data source, no need to run the mapping engine.
Materialization complete in 500.41s
Loaded new graph in 513.84s
Updating data source...
	Adding data to data/AGENCY.csv... OK
	Adding data to data/FEED_INFO.csv... OK
Finished updating data source.
Updating graph...
data/FEED_INFO.csv
	Found new data, saved to .aux/new_data/data/FEED_INFO.csv.
	No removed data, saved to .aux/removed_data/data/FEED_INFO.csv.
data/FREQUENCIES.csv
	No new data, saved to .aux/new_data/data/FREQUENCIES.csv.
	No removed data, saved to .aux/removed_data/data/FREQUENCIES.csv.
data/SHAPES.csv
	No new data, saved to .aux/new_data/data/SHAPES.csv.
	No removed data, saved to .aux/removed_data/data/SHAPES.csv.
data/STOP_TIMES.csv
	No new data, saved to .aux/new_data/data/STOP_TIMES.csv.
	No removed data, saved to .aux/removed_data/data/STOP_TIMES.csv.
data/ROUTES.csv
	No new data, saved to .aux/new_data/data/ROUTES.csv.
	No removed data, saved to .aux/removed_data/data/ROUTES.csv.
data/STOPS.csv
	No new data, saved to .aux/new_data/data/STOPS.csv.
	No removed data, saved to .aux/removed_data/data/STOPS.csv.
data/TRIPS.csv
	No new data, saved to .aux/new_data/data/TRIPS.csv.
	No removed data, saved to .aux/removed_data/data/TRIPS.csv.
data/CALENDAR_DATES.csv
	No new data, saved to .aux/new_data/data/CALENDAR_DATES.csv.
	No removed data, saved to .aux/removed_data/data/CALENDAR_DATES.csv.
data/AGENCY.csv
	Found new data, saved to .aux/new_data/data/AGENCY.csv.
	No removed data, saved to .aux/removed_data/data/AGENCY.csv.
data/CALENDAR.csv
	No new data, saved to .aux/new_data/data/CALENDAR.csv.
	No removed data, saved to .aux/removed_data/data/CALENDAR.csv.
Finished calculating diff in 5.70s.
Saved snapshot to .aux/snapshot.pkl
Materializing graph...
Updating mappings... OK
Running mapping engine on the new data...
INFO | 2023-07-03 22:40:40,978 | Number of triples generated in total: 14.
INFO | 2023-07-03 22:40:51,210 | 86 mapping rules retrieved.
INFO | 2023-07-03 22:40:51,238 | Mapping partition with 1 groups generated.
INFO | 2023-07-03 22:40:51,238 | Maximum number of rules within mapping group: 86.
INFO | 2023-07-03 22:40:51,238 | Mappings processed in 1.570 seconds.
No removed data detected in the data source, no need to run the mapping engine.
Materialization complete in 8.85s
Constructing new graph... OK (0.00s)
Finished updating graph in 17.51s.
Updating data source...
	Adding data to data/AGENCY.csv... OK
	Removing data from data/AGENCY.csv... OK
Finished updating data source.
Updating graph...
data/FEED_INFO.csv
	No new data, saved to .aux/new_data/data/FEED_INFO.csv.
	No removed data, saved to .aux/removed_data/data/FEED_INFO.csv.
data/FREQUENCIES.csv
	No new data, saved to .aux/new_data/data/FREQUENCIES.csv.
	No removed data, saved to .aux/removed_data/data/FREQUENCIES.csv.
data/SHAPES.csv
	No new data, saved to .aux/new_data/data/SHAPES.csv.
	No removed data, saved to .aux/removed_data/data/SHAPES.csv.
data/STOP_TIMES.csv
	No new data, saved to .aux/new_data/data/STOP_TIMES.csv.
	No removed data, saved to .aux/removed_data/data/STOP_TIMES.csv.
data/ROUTES.csv
	No new data, saved to .aux/new_data/data/ROUTES.csv.
	No removed data, saved to .aux/removed_data/data/ROUTES.csv.
data/STOPS.csv
	No new data, saved to .aux/new_data/data/STOPS.csv.
	No removed data, saved to .aux/removed_data/data/STOPS.csv.
data/TRIPS.csv
	No new data, saved to .aux/new_data/data/TRIPS.csv.
	No removed data, saved to .aux/removed_data/data/TRIPS.csv.
data/CALENDAR_DATES.csv
	No new data, saved to .aux/new_data/data/CALENDAR_DATES.csv.
	No removed data, saved to .aux/removed_data/data/CALENDAR_DATES.csv.
data/AGENCY.csv
	Found new data, saved to .aux/new_data/data/AGENCY.csv.
	Found removed data, saved to .aux/removed_data/data/AGENCY.csv.
data/CALENDAR.csv
	No new data, saved to .aux/new_data/data/CALENDAR.csv.
	No removed data, saved to .aux/removed_data/data/CALENDAR.csv.
Finished calculating diff in 5.57s.
Saved snapshot to .aux/snapshot.pkl
Materializing graph...
Updating mappings... OK
Running mapping engine on the new data...
INFO | 2023-07-03 22:40:58,510 | Number of triples generated in total: 7.
INFO | 2023-07-03 22:41:00,137 | 86 mapping rules retrieved.
INFO | 2023-07-03 22:41:00,165 | Mapping partition with 1 groups generated.
INFO | 2023-07-03 22:41:00,165 | Maximum number of rules within mapping group: 86.
INFO | 2023-07-03 22:41:00,166 | Mappings processed in 1.603 seconds.
Updating mappings... OK
INFO | 2023-07-03 22:41:07,367 | Number of triples generated in total: 7.
Materialization complete in 17.75s
Constructing new graph... OK (0.00s)
Finished updating graph in 26.38s.
Restoring data sources...
	Restoring data/AGENCY.csv... OK
	Restoring data/FEED_INFO.csv... OK
Restored data sources.
Deleting .aux/snapshot.pkl... OK

------------------------------------------------------
Finished running test in 557.77s.
Summary:
	Created new version in 513.84s (9898825 triples)
	Updated in 17.51s (9898839 triples)
	Updated in 26.38s (9898839 triples)
######################### 5 #########################
INFO | 2023-07-03 22:42:22,921 | 86 mapping rules retrieved.
INFO | 2023-07-03 22:42:22,951 | Mapping partition with 1 groups generated.
INFO | 2023-07-03 22:42:22,951 | Maximum number of rules within mapping group: 86.
INFO | 2023-07-03 22:42:22,952 | Mappings processed in 1.643 seconds.
Running test test-morph-disk
Loading new graph...
data/CALENDAR_DATES.csv
	Found new data, saved to .aux/new_data/data/CALENDAR_DATES.csv.
	No removed data, saved to .aux/removed_data/data/CALENDAR_DATES.csv.
data/SHAPES.csv
	Found new data, saved to .aux/new_data/data/SHAPES.csv.
	No removed data, saved to .aux/removed_data/data/SHAPES.csv.
data/CALENDAR.csv
	Found new data, saved to .aux/new_data/data/CALENDAR.csv.
	No removed data, saved to .aux/removed_data/data/CALENDAR.csv.
data/FREQUENCIES.csv
	Found new data, saved to .aux/new_data/data/FREQUENCIES.csv.
	No removed data, saved to .aux/removed_data/data/FREQUENCIES.csv.
data/FEED_INFO.csv
	Found new data, saved to .aux/new_data/data/FEED_INFO.csv.
	No removed data, saved to .aux/removed_data/data/FEED_INFO.csv.
data/ROUTES.csv
	Found new data, saved to .aux/new_data/data/ROUTES.csv.
	No removed data, saved to .aux/removed_data/data/ROUTES.csv.
data/STOPS.csv
	Found new data, saved to .aux/new_data/data/STOPS.csv.
	No removed data, saved to .aux/removed_data/data/STOPS.csv.
data/STOP_TIMES.csv
	Found new data, saved to .aux/new_data/data/STOP_TIMES.csv.
	No removed data, saved to .aux/removed_data/data/STOP_TIMES.csv.
data/AGENCY.csv
	Found new data, saved to .aux/new_data/data/AGENCY.csv.
	No removed data, saved to .aux/removed_data/data/AGENCY.csv.
data/TRIPS.csv
	Found new data, saved to .aux/new_data/data/TRIPS.csv.
	No removed data, saved to .aux/removed_data/data/TRIPS.csv.
Finished calculating diff in 10.92s.
Saved snapshot to .aux/snapshot.pkl
Materializing graph...
Updating mappings... OK
Running mapping engine on the new data...
INFO | 2023-07-03 22:43:39,248 | Number of triples generated in total: 9898825.
INFO | 2023-07-03 22:50:53,806 | 86 mapping rules retrieved.
INFO | 2023-07-03 22:50:53,833 | Mapping partition with 1 groups generated.
INFO | 2023-07-03 22:50:53,833 | Maximum number of rules within mapping group: 86.
INFO | 2023-07-03 22:50:53,833 | Mappings processed in 1.594 seconds.
No removed data detected in the data source, no need to run the mapping engine.
Materialization complete in 502.31s
Loaded new graph in 515.52s
Updating data source...
	Adding data to data/AGENCY.csv... OK
	Adding data to data/FEED_INFO.csv... OK
Finished updating data source.
Updating graph...
data/CALENDAR_DATES.csv
	No new data, saved to .aux/new_data/data/CALENDAR_DATES.csv.
	No removed data, saved to .aux/removed_data/data/CALENDAR_DATES.csv.
data/SHAPES.csv
	No new data, saved to .aux/new_data/data/SHAPES.csv.
	No removed data, saved to .aux/removed_data/data/SHAPES.csv.
data/CALENDAR.csv
	No new data, saved to .aux/new_data/data/CALENDAR.csv.
	No removed data, saved to .aux/removed_data/data/CALENDAR.csv.
data/FREQUENCIES.csv
	No new data, saved to .aux/new_data/data/FREQUENCIES.csv.
	No removed data, saved to .aux/removed_data/data/FREQUENCIES.csv.
data/FEED_INFO.csv
	Found new data, saved to .aux/new_data/data/FEED_INFO.csv.
	No removed data, saved to .aux/removed_data/data/FEED_INFO.csv.
data/ROUTES.csv
	No new data, saved to .aux/new_data/data/ROUTES.csv.
	No removed data, saved to .aux/removed_data/data/ROUTES.csv.
data/STOPS.csv
	No new data, saved to .aux/new_data/data/STOPS.csv.
	No removed data, saved to .aux/removed_data/data/STOPS.csv.
data/STOP_TIMES.csv
	No new data, saved to .aux/new_data/data/STOP_TIMES.csv.
	No removed data, saved to .aux/removed_data/data/STOP_TIMES.csv.
data/AGENCY.csv
	Found new data, saved to .aux/new_data/data/AGENCY.csv.
	No removed data, saved to .aux/removed_data/data/AGENCY.csv.
data/TRIPS.csv
	No new data, saved to .aux/new_data/data/TRIPS.csv.
	No removed data, saved to .aux/removed_data/data/TRIPS.csv.
Finished calculating diff in 5.52s.
Saved snapshot to .aux/snapshot.pkl
Materializing graph...
Updating mappings... OK
Running mapping engine on the new data...
INFO | 2023-07-03 22:51:01,064 | Number of triples generated in total: 14.
INFO | 2023-07-03 22:51:11,076 | 86 mapping rules retrieved.
INFO | 2023-07-03 22:51:11,103 | Mapping partition with 1 groups generated.
INFO | 2023-07-03 22:51:11,104 | Maximum number of rules within mapping group: 86.
INFO | 2023-07-03 22:51:11,104 | Mappings processed in 1.592 seconds.
No removed data detected in the data source, no need to run the mapping engine.
Materialization complete in 8.88s
Constructing new graph... OK (0.00s)
Finished updating graph in 17.31s.
Updating data source...
	Adding data to data/AGENCY.csv... OK
	Removing data from data/AGENCY.csv... OK
Finished updating data source.
Updating graph...
data/CALENDAR_DATES.csv
	No new data, saved to .aux/new_data/data/CALENDAR_DATES.csv.
	No removed data, saved to .aux/removed_data/data/CALENDAR_DATES.csv.
data/SHAPES.csv
	No new data, saved to .aux/new_data/data/SHAPES.csv.
	No removed data, saved to .aux/removed_data/data/SHAPES.csv.
data/CALENDAR.csv
	No new data, saved to .aux/new_data/data/CALENDAR.csv.
	No removed data, saved to .aux/removed_data/data/CALENDAR.csv.
data/FREQUENCIES.csv
	No new data, saved to .aux/new_data/data/FREQUENCIES.csv.
	No removed data, saved to .aux/removed_data/data/FREQUENCIES.csv.
data/FEED_INFO.csv
	No new data, saved to .aux/new_data/data/FEED_INFO.csv.
	No removed data, saved to .aux/removed_data/data/FEED_INFO.csv.
data/ROUTES.csv
	No new data, saved to .aux/new_data/data/ROUTES.csv.
	No removed data, saved to .aux/removed_data/data/ROUTES.csv.
data/STOPS.csv
	No new data, saved to .aux/new_data/data/STOPS.csv.
	No removed data, saved to .aux/removed_data/data/STOPS.csv.
data/STOP_TIMES.csv
	No new data, saved to .aux/new_data/data/STOP_TIMES.csv.
	No removed data, saved to .aux/removed_data/data/STOP_TIMES.csv.
data/AGENCY.csv
	Found new data, saved to .aux/new_data/data/AGENCY.csv.
	Found removed data, saved to .aux/removed_data/data/AGENCY.csv.
data/TRIPS.csv
	No new data, saved to .aux/new_data/data/TRIPS.csv.
	No removed data, saved to .aux/removed_data/data/TRIPS.csv.
Finished calculating diff in 5.42s.
Saved snapshot to .aux/snapshot.pkl
Materializing graph...
Updating mappings... OK
Running mapping engine on the new data...
INFO | 2023-07-03 22:51:18,483 | Number of triples generated in total: 7.
INFO | 2023-07-03 22:51:20,106 | 86 mapping rules retrieved.
INFO | 2023-07-03 22:51:20,134 | Mapping partition with 1 groups generated.
INFO | 2023-07-03 22:51:20,134 | Maximum number of rules within mapping group: 86.
INFO | 2023-07-03 22:51:20,134 | Mappings processed in 1.594 seconds.
Updating mappings... OK
INFO | 2023-07-03 22:51:27,431 | Number of triples generated in total: 7.
Materialization complete in 17.97s
Constructing new graph... OK (0.00s)
Finished updating graph in 26.36s.
Restoring data sources...
	Restoring data/AGENCY.csv... OK
	Restoring data/FEED_INFO.csv... OK
Restored data sources.
Deleting .aux/snapshot.pkl... OK

------------------------------------------------------
Finished running test in 559.21s.
Summary:
	Created new version in 515.52s (9898825 triples)
	Updated in 17.31s (9898839 triples)
	Updated in 26.36s (9898839 triples)
