######################### 1 #########################
Running test test-rdfizer
Loading new graph...
data/SHAPES.csv
	Found new data, saved to .aux/new_data/data/SHAPES.csv.
	No removed data.
data/STOPS.csv
	Found new data, saved to .aux/new_data/data/STOPS.csv.
	No removed data.
data/CALENDAR.csv
	Found new data, saved to .aux/new_data/data/CALENDAR.csv.
	No removed data.
data/AGENCY.csv
	Found new data, saved to .aux/new_data/data/AGENCY.csv.
	No removed data.
data/FREQUENCIES.csv
	Found new data, saved to .aux/new_data/data/FREQUENCIES.csv.
	No removed data.
data/FEED_INFO.csv
	Found new data, saved to .aux/new_data/data/FEED_INFO.csv.
	No removed data.
data/CALENDAR_DATES.csv
	Found new data, saved to .aux/new_data/data/CALENDAR_DATES.csv.
	No removed data.
data/STOP_TIMES.csv
	Found new data, saved to .aux/new_data/data/STOP_TIMES.csv.
	No removed data.
data/TRIPS.csv
	Found new data, saved to .aux/new_data/data/TRIPS.csv.
	No removed data.
data/ROUTES.csv
	Found new data, saved to .aux/new_data/data/ROUTES.csv.
	No removed data.
Finished calculating diff in 28.08s.
Saved snapshot to .aux/snapshot.pkl
Materializing graph...
Updating mappings... OK
Running mapping engine on the new data...
Semantifying new_data...
TM: http://mapping.example.com/map_calendar_date_rules_000
TM: http://mapping.example.com/map_services2_000
TM: http://mapping.example.com/map_feed_000
TM: http://mapping.example.com/map_frequencies_000
TM: http://mapping.example.com/map_shapePoints_000
TM: http://mapping.example.com/map_shapes_000
TM: http://mapping.example.com/map_stoptimes_000
TM: http://mapping.example.com/map_agency_000
TM: http://mapping.example.com/map_calendar_rules_000
TM: http://mapping.example.com/map_services1_000
TM: http://mapping.example.com/map_routes_000
TM: http://mapping.example.com/map_stops_000
TM: http://mapping.example.com/map_trips_000
Successfully semantified new_data.


Successfully semantified all datasets in 563.597 seconds.
No removed data detected in the data source, no need to run the mapping engine.
Materialization complete in 1295.86s
Loaded new graph in 1329.56s
Updating data source...
	Adding data to data/AGENCY.csv... OK
	Adding data to data/FEED_INFO.csv... OK
Finished updating data source.
Updating graph...
data/SHAPES.csv
	No new data.
	No removed data.
data/STOPS.csv
	No new data.
	No removed data.
data/CALENDAR.csv
	No new data.
	No removed data.
data/AGENCY.csv
	Found new data, saved to .aux/new_data/data/AGENCY.csv.
	No removed data.
data/FREQUENCIES.csv
	No new data.
	No removed data.
data/FEED_INFO.csv
	Found new data, saved to .aux/new_data/data/FEED_INFO.csv.
	No removed data.
data/CALENDAR_DATES.csv
	No new data.
	No removed data.
data/STOP_TIMES.csv
	No new data.
	No removed data.
data/TRIPS.csv
	No new data.
	No removed data.
data/ROUTES.csv
	No new data.
	No removed data.
Finished calculating diff in 14.54s.
Saved snapshot to .aux/snapshot.pkl
Materializing graph...
Updating mappings... OK
Running mapping engine on the new data...
Semantifying new_data...
TM: http://mapping.example.com/map_agency_000
TM: http://mapping.example.com/map_feed_000
Successfully semantified new_data.


Successfully semantified all datasets in 0.493 seconds.
No removed data detected in the data source, no need to run the mapping engine.
Materialization complete in 0.51s
Constructing new graph... OK (0.00s)
Finished updating graph in 21.75s.
Updating data source...
	Adding data to data/AGENCY.csv... OK
	Removing data from data/AGENCY.csv... OK
Finished updating data source.
Updating graph...
data/SHAPES.csv
	No new data.
	No removed data.
data/STOPS.csv
	No new data.
	No removed data.
data/CALENDAR.csv
	No new data.
	No removed data.
data/AGENCY.csv
	Found new data, saved to .aux/new_data/data/AGENCY.csv.
	Found removed data, saved to .aux/removed_data/data/AGENCY.csv.
data/FREQUENCIES.csv
	No new data.
	No removed data.
data/FEED_INFO.csv
	No new data.
	No removed data.
data/CALENDAR_DATES.csv
	No new data.
	No removed data.
data/STOP_TIMES.csv
	No new data.
	No removed data.
data/TRIPS.csv
	No new data.
	No removed data.
data/ROUTES.csv
	No new data.
	No removed data.
Finished calculating diff in 14.71s.
Saved snapshot to .aux/snapshot.pkl
Materializing graph...
Updating mappings... OK
Running mapping engine on the new data...
Semantifying new_data...
TM: http://mapping.example.com/map_agency_000
Successfully semantified new_data.


Successfully semantified all datasets in 0.123 seconds.
Updating mappings... OK
Semantifying removed_data...
TM: http://mapping.example.com/map_agency_000
Successfully semantified removed_data.


Successfully semantified all datasets in 0.122 seconds.
Materialization complete in 0.26s
Constructing new graph... OK (0.00s)
Finished updating graph in 22.13s.
Restoring data sources...
	Restoring data/AGENCY.csv... OK
	Restoring data/FEED_INFO.csv... OK
Restored data sources.
Deleting .aux/snapshot.pkl... OK

------------------------------------------------------
Finished running test in 1373.47s.
Summary:
	Created new version in 1329.56s (19797650 triples)
	Updated in 21.75s (19797664 triples)
	Updated in 22.13s (19797664 triples)
######################### 2 #########################
Running test test-rdfizer
Loading new graph...
data/AGENCY.csv
	Found new data, saved to .aux/new_data/data/AGENCY.csv.
	No removed data.
data/TRIPS.csv
	Found new data, saved to .aux/new_data/data/TRIPS.csv.
	No removed data.
data/FEED_INFO.csv
	Found new data, saved to .aux/new_data/data/FEED_INFO.csv.
	No removed data.
data/STOP_TIMES.csv
	Found new data, saved to .aux/new_data/data/STOP_TIMES.csv.
	No removed data.
data/STOPS.csv
	Found new data, saved to .aux/new_data/data/STOPS.csv.
	No removed data.
data/CALENDAR.csv
	Found new data, saved to .aux/new_data/data/CALENDAR.csv.
	No removed data.
data/FREQUENCIES.csv
	Found new data, saved to .aux/new_data/data/FREQUENCIES.csv.
	No removed data.
data/SHAPES.csv
	Found new data, saved to .aux/new_data/data/SHAPES.csv.
	No removed data.
data/ROUTES.csv
	Found new data, saved to .aux/new_data/data/ROUTES.csv.
	No removed data.
data/CALENDAR_DATES.csv
	Found new data, saved to .aux/new_data/data/CALENDAR_DATES.csv.
	No removed data.
Finished calculating diff in 27.72s.
Saved snapshot to .aux/snapshot.pkl
Materializing graph...
Updating mappings... OK
Running mapping engine on the new data...
Semantifying new_data...
TM: http://mapping.example.com/map_calendar_date_rules_000
TM: http://mapping.example.com/map_services2_000
TM: http://mapping.example.com/map_feed_000
TM: http://mapping.example.com/map_frequencies_000
TM: http://mapping.example.com/map_shapePoints_000
TM: http://mapping.example.com/map_shapes_000
TM: http://mapping.example.com/map_stoptimes_000
TM: http://mapping.example.com/map_agency_000
TM: http://mapping.example.com/map_calendar_rules_000
TM: http://mapping.example.com/map_services1_000
TM: http://mapping.example.com/map_routes_000
TM: http://mapping.example.com/map_stops_000
TM: http://mapping.example.com/map_trips_000
Successfully semantified new_data.


Successfully semantified all datasets in 558.575 seconds.
No removed data detected in the data source, no need to run the mapping engine.
Materialization complete in 1348.95s
Loaded new graph in 1382.31s
Updating data source...
	Adding data to data/AGENCY.csv... OK
	Adding data to data/FEED_INFO.csv... OK
Finished updating data source.
Updating graph...
data/AGENCY.csv
	Found new data, saved to .aux/new_data/data/AGENCY.csv.
	No removed data.
data/TRIPS.csv
	No new data.
	No removed data.
data/FEED_INFO.csv
	Found new data, saved to .aux/new_data/data/FEED_INFO.csv.
	No removed data.
data/STOP_TIMES.csv
	No new data.
	No removed data.
data/STOPS.csv
	No new data.
	No removed data.
data/CALENDAR.csv
	No new data.
	No removed data.
data/FREQUENCIES.csv
	No new data.
	No removed data.
data/SHAPES.csv
	No new data.
	No removed data.
data/ROUTES.csv
	No new data.
	No removed data.
data/CALENDAR_DATES.csv
	No new data.
	No removed data.
Finished calculating diff in 14.54s.
Saved snapshot to .aux/snapshot.pkl
Materializing graph...
Updating mappings... OK
Running mapping engine on the new data...
Semantifying new_data...
TM: http://mapping.example.com/map_agency_000
TM: http://mapping.example.com/map_feed_000
Successfully semantified new_data.


Successfully semantified all datasets in 0.522 seconds.
No removed data detected in the data source, no need to run the mapping engine.
Materialization complete in 0.53s
Constructing new graph... OK (0.00s)
Finished updating graph in 22.07s.
Updating data source...
	Adding data to data/AGENCY.csv... OK
	Removing data from data/AGENCY.csv... OK
Finished updating data source.
Updating graph...
data/AGENCY.csv
	Found new data, saved to .aux/new_data/data/AGENCY.csv.
	Found removed data, saved to .aux/removed_data/data/AGENCY.csv.
data/TRIPS.csv
	No new data.
	No removed data.
data/FEED_INFO.csv
	No new data.
	No removed data.
data/STOP_TIMES.csv
	No new data.
	No removed data.
data/STOPS.csv
	No new data.
	No removed data.
data/CALENDAR.csv
	No new data.
	No removed data.
data/FREQUENCIES.csv
	No new data.
	No removed data.
data/SHAPES.csv
	No new data.
	No removed data.
data/ROUTES.csv
	No new data.
	No removed data.
data/CALENDAR_DATES.csv
	No new data.
	No removed data.
Finished calculating diff in 14.60s.
Saved snapshot to .aux/snapshot.pkl
Materializing graph...
Updating mappings... OK
Running mapping engine on the new data...
Semantifying new_data...
TM: http://mapping.example.com/map_agency_000
Successfully semantified new_data.


Successfully semantified all datasets in 0.126 seconds.
Updating mappings... OK
Semantifying removed_data...
TM: http://mapping.example.com/map_agency_000
Successfully semantified removed_data.


Successfully semantified all datasets in 0.125 seconds.
Materialization complete in 0.27s
Constructing new graph... OK (0.00s)
Finished updating graph in 22.17s.
Restoring data sources...
	Restoring data/AGENCY.csv... OK
	Restoring data/FEED_INFO.csv... OK
Restored data sources.
Deleting .aux/snapshot.pkl... OK

------------------------------------------------------
Finished running test in 1426.58s.
Summary:
	Created new version in 1382.31s (19797650 triples)
	Updated in 22.07s (19797664 triples)
	Updated in 22.17s (19797664 triples)
######################### 3 #########################
Running test test-rdfizer
Loading new graph...
data/SHAPES.csv
	Found new data, saved to .aux/new_data/data/SHAPES.csv.
	No removed data.
data/CALENDAR.csv
	Found new data, saved to .aux/new_data/data/CALENDAR.csv.
	No removed data.
data/FREQUENCIES.csv
	Found new data, saved to .aux/new_data/data/FREQUENCIES.csv.
	No removed data.
data/CALENDAR_DATES.csv
	Found new data, saved to .aux/new_data/data/CALENDAR_DATES.csv.
	No removed data.
data/FEED_INFO.csv
	Found new data, saved to .aux/new_data/data/FEED_INFO.csv.
	No removed data.
data/AGENCY.csv
	Found new data, saved to .aux/new_data/data/AGENCY.csv.
	No removed data.
data/STOPS.csv
	Found new data, saved to .aux/new_data/data/STOPS.csv.
	No removed data.
data/ROUTES.csv
	Found new data, saved to .aux/new_data/data/ROUTES.csv.
	No removed data.
data/STOP_TIMES.csv
	Found new data, saved to .aux/new_data/data/STOP_TIMES.csv.
	No removed data.
data/TRIPS.csv
	Found new data, saved to .aux/new_data/data/TRIPS.csv.
	No removed data.
Finished calculating diff in 28.16s.
Saved snapshot to .aux/snapshot.pkl
Materializing graph...
Updating mappings... OK
Running mapping engine on the new data...
Semantifying new_data...
TM: http://mapping.example.com/map_calendar_date_rules_000
TM: http://mapping.example.com/map_services2_000
TM: http://mapping.example.com/map_feed_000
TM: http://mapping.example.com/map_frequencies_000
TM: http://mapping.example.com/map_shapePoints_000
TM: http://mapping.example.com/map_shapes_000
TM: http://mapping.example.com/map_stoptimes_000
TM: http://mapping.example.com/map_agency_000
TM: http://mapping.example.com/map_calendar_rules_000
TM: http://mapping.example.com/map_services1_000
TM: http://mapping.example.com/map_routes_000
TM: http://mapping.example.com/map_stops_000
TM: http://mapping.example.com/map_trips_000
Successfully semantified new_data.


Successfully semantified all datasets in 555.849 seconds.
No removed data detected in the data source, no need to run the mapping engine.
Materialization complete in 1287.76s
Loaded new graph in 1321.57s
Updating data source...
	Adding data to data/AGENCY.csv... OK
	Adding data to data/FEED_INFO.csv... OK
Finished updating data source.
Updating graph...
data/SHAPES.csv
	No new data.
	No removed data.
data/CALENDAR.csv
	No new data.
	No removed data.
data/FREQUENCIES.csv
	No new data.
	No removed data.
data/CALENDAR_DATES.csv
	No new data.
	No removed data.
data/FEED_INFO.csv
	Found new data, saved to .aux/new_data/data/FEED_INFO.csv.
	No removed data.
data/AGENCY.csv
	Found new data, saved to .aux/new_data/data/AGENCY.csv.
	No removed data.
data/STOPS.csv
	No new data.
	No removed data.
data/ROUTES.csv
	No new data.
	No removed data.
data/STOP_TIMES.csv
	No new data.
	No removed data.
data/TRIPS.csv
	No new data.
	No removed data.
Finished calculating diff in 14.66s.
Saved snapshot to .aux/snapshot.pkl
Materializing graph...
Updating mappings... OK
Running mapping engine on the new data...
Semantifying new_data...
TM: http://mapping.example.com/map_agency_000
TM: http://mapping.example.com/map_feed_000
Successfully semantified new_data.


Successfully semantified all datasets in 0.469 seconds.
No removed data detected in the data source, no need to run the mapping engine.
Materialization complete in 0.48s
Constructing new graph... OK (0.00s)
Finished updating graph in 21.97s.
Updating data source...
	Adding data to data/AGENCY.csv... OK
	Removing data from data/AGENCY.csv... OK
Finished updating data source.
Updating graph...
data/SHAPES.csv
	No new data.
	No removed data.
data/CALENDAR.csv
	No new data.
	No removed data.
data/FREQUENCIES.csv
	No new data.
	No removed data.
data/CALENDAR_DATES.csv
	No new data.
	No removed data.
data/FEED_INFO.csv
	No new data.
	No removed data.
data/AGENCY.csv
	Found new data, saved to .aux/new_data/data/AGENCY.csv.
	Found removed data, saved to .aux/removed_data/data/AGENCY.csv.
data/STOPS.csv
	No new data.
	No removed data.
data/ROUTES.csv
	No new data.
	No removed data.
data/STOP_TIMES.csv
	No new data.
	No removed data.
data/TRIPS.csv
	No new data.
	No removed data.
Finished calculating diff in 14.94s.
Saved snapshot to .aux/snapshot.pkl
Materializing graph...
Updating mappings... OK
Running mapping engine on the new data...
Semantifying new_data...
TM: http://mapping.example.com/map_agency_000
Successfully semantified new_data.


Successfully semantified all datasets in 0.125 seconds.
Updating mappings... OK
Semantifying removed_data...
TM: http://mapping.example.com/map_agency_000
Successfully semantified removed_data.


Successfully semantified all datasets in 0.123 seconds.
Materialization complete in 0.27s
Constructing new graph... OK (0.00s)
Finished updating graph in 22.43s.
Restoring data sources...
	Restoring data/AGENCY.csv... OK
	Restoring data/FEED_INFO.csv... OK
Restored data sources.
Deleting .aux/snapshot.pkl... OK

------------------------------------------------------
Finished running test in 1366.01s.
Summary:
	Created new version in 1321.57s (19797650 triples)
	Updated in 21.97s (19797664 triples)
	Updated in 22.43s (19797664 triples)
######################### 4 #########################
Running test test-rdfizer
Loading new graph...
data/FEED_INFO.csv
	Found new data, saved to .aux/new_data/data/FEED_INFO.csv.
	No removed data.
data/TRIPS.csv
	Found new data, saved to .aux/new_data/data/TRIPS.csv.
	No removed data.
data/SHAPES.csv
	Found new data, saved to .aux/new_data/data/SHAPES.csv.
	No removed data.
data/CALENDAR.csv
	Found new data, saved to .aux/new_data/data/CALENDAR.csv.
	No removed data.
data/ROUTES.csv
	Found new data, saved to .aux/new_data/data/ROUTES.csv.
	No removed data.
data/AGENCY.csv
	Found new data, saved to .aux/new_data/data/AGENCY.csv.
	No removed data.
data/STOP_TIMES.csv
	Found new data, saved to .aux/new_data/data/STOP_TIMES.csv.
	No removed data.
data/CALENDAR_DATES.csv
	Found new data, saved to .aux/new_data/data/CALENDAR_DATES.csv.
	No removed data.
data/FREQUENCIES.csv
	Found new data, saved to .aux/new_data/data/FREQUENCIES.csv.
	No removed data.
data/STOPS.csv
	Found new data, saved to .aux/new_data/data/STOPS.csv.
	No removed data.
Finished calculating diff in 28.25s.
Saved snapshot to .aux/snapshot.pkl
Materializing graph...
Updating mappings... OK
Running mapping engine on the new data...
Semantifying new_data...
TM: http://mapping.example.com/map_calendar_date_rules_000
TM: http://mapping.example.com/map_services2_000
TM: http://mapping.example.com/map_feed_000
TM: http://mapping.example.com/map_frequencies_000
TM: http://mapping.example.com/map_shapePoints_000
TM: http://mapping.example.com/map_shapes_000
TM: http://mapping.example.com/map_stoptimes_000
TM: http://mapping.example.com/map_agency_000
TM: http://mapping.example.com/map_calendar_rules_000
TM: http://mapping.example.com/map_services1_000
TM: http://mapping.example.com/map_routes_000
TM: http://mapping.example.com/map_stops_000
TM: http://mapping.example.com/map_trips_000
Successfully semantified new_data.


Successfully semantified all datasets in 562.718 seconds.
No removed data detected in the data source, no need to run the mapping engine.
Materialization complete in 1291.72s
Loaded new graph in 1325.63s
Updating data source...
	Adding data to data/AGENCY.csv... OK
	Adding data to data/FEED_INFO.csv... OK
Finished updating data source.
Updating graph...
data/FEED_INFO.csv
	Found new data, saved to .aux/new_data/data/FEED_INFO.csv.
	No removed data.
data/TRIPS.csv
	No new data.
	No removed data.
data/SHAPES.csv
	No new data.
	No removed data.
data/CALENDAR.csv
	No new data.
	No removed data.
data/ROUTES.csv
	No new data.
	No removed data.
data/AGENCY.csv
	Found new data, saved to .aux/new_data/data/AGENCY.csv.
	No removed data.
data/STOP_TIMES.csv
	No new data.
	No removed data.
data/CALENDAR_DATES.csv
	No new data.
	No removed data.
data/FREQUENCIES.csv
	No new data.
	No removed data.
data/STOPS.csv
	No new data.
	No removed data.
Finished calculating diff in 14.49s.
Saved snapshot to .aux/snapshot.pkl
Materializing graph...
Updating mappings... OK
Running mapping engine on the new data...
Semantifying new_data...
TM: http://mapping.example.com/map_agency_000
TM: http://mapping.example.com/map_feed_000
Successfully semantified new_data.


Successfully semantified all datasets in 0.468 seconds.
No removed data detected in the data source, no need to run the mapping engine.
Materialization complete in 0.48s
Constructing new graph... OK (0.00s)
Finished updating graph in 21.73s.
Updating data source...
	Adding data to data/AGENCY.csv... OK
	Removing data from data/AGENCY.csv... OK
Finished updating data source.
Updating graph...
data/FEED_INFO.csv
	No new data.
	No removed data.
data/TRIPS.csv
	No new data.
	No removed data.
data/SHAPES.csv
	No new data.
	No removed data.
data/CALENDAR.csv
	No new data.
	No removed data.
data/ROUTES.csv
	No new data.
	No removed data.
data/AGENCY.csv
	Found new data, saved to .aux/new_data/data/AGENCY.csv.
	Found removed data, saved to .aux/removed_data/data/AGENCY.csv.
data/STOP_TIMES.csv
	No new data.
	No removed data.
data/CALENDAR_DATES.csv
	No new data.
	No removed data.
data/FREQUENCIES.csv
	No new data.
	No removed data.
data/STOPS.csv
	No new data.
	No removed data.
Finished calculating diff in 14.76s.
Saved snapshot to .aux/snapshot.pkl
Materializing graph...
Updating mappings... OK
Running mapping engine on the new data...
Semantifying new_data...
TM: http://mapping.example.com/map_agency_000
Successfully semantified new_data.


Successfully semantified all datasets in 0.141 seconds.
Updating mappings... OK
Semantifying removed_data...
TM: http://mapping.example.com/map_agency_000
Successfully semantified removed_data.


Successfully semantified all datasets in 0.125 seconds.
Materialization complete in 0.28s
Constructing new graph... OK (0.00s)
Finished updating graph in 22.22s.
Restoring data sources...
	Restoring data/AGENCY.csv... OK
	Restoring data/FEED_INFO.csv... OK
Restored data sources.
Deleting .aux/snapshot.pkl... OK

------------------------------------------------------
Finished running test in 1369.61s.
Summary:
	Created new version in 1325.63s (19797650 triples)
	Updated in 21.73s (19797664 triples)
	Updated in 22.22s (19797664 triples)
######################### 5 #########################
Running test test-rdfizer
Loading new graph...
data/CALENDAR.csv
	Found new data, saved to .aux/new_data/data/CALENDAR.csv.
	No removed data.
data/SHAPES.csv
	Found new data, saved to .aux/new_data/data/SHAPES.csv.
	No removed data.
data/FEED_INFO.csv
	Found new data, saved to .aux/new_data/data/FEED_INFO.csv.
	No removed data.
data/STOP_TIMES.csv
	Found new data, saved to .aux/new_data/data/STOP_TIMES.csv.
	No removed data.
data/AGENCY.csv
	Found new data, saved to .aux/new_data/data/AGENCY.csv.
	No removed data.
data/CALENDAR_DATES.csv
	Found new data, saved to .aux/new_data/data/CALENDAR_DATES.csv.
	No removed data.
data/FREQUENCIES.csv
	Found new data, saved to .aux/new_data/data/FREQUENCIES.csv.
	No removed data.
data/TRIPS.csv
	Found new data, saved to .aux/new_data/data/TRIPS.csv.
	No removed data.
data/ROUTES.csv
	Found new data, saved to .aux/new_data/data/ROUTES.csv.
	No removed data.
data/STOPS.csv
	Found new data, saved to .aux/new_data/data/STOPS.csv.
	No removed data.
Finished calculating diff in 28.46s.
Saved snapshot to .aux/snapshot.pkl
Materializing graph...
Updating mappings... OK
Running mapping engine on the new data...
Semantifying new_data...
TM: http://mapping.example.com/map_calendar_date_rules_000
TM: http://mapping.example.com/map_services2_000
TM: http://mapping.example.com/map_feed_000
TM: http://mapping.example.com/map_frequencies_000
TM: http://mapping.example.com/map_shapePoints_000
TM: http://mapping.example.com/map_shapes_000
TM: http://mapping.example.com/map_stoptimes_000
TM: http://mapping.example.com/map_agency_000
TM: http://mapping.example.com/map_calendar_rules_000
TM: http://mapping.example.com/map_services1_000
TM: http://mapping.example.com/map_routes_000
TM: http://mapping.example.com/map_stops_000
TM: http://mapping.example.com/map_trips_000
Successfully semantified new_data.


Successfully semantified all datasets in 557.342 seconds.
No removed data detected in the data source, no need to run the mapping engine.
Materialization complete in 1287.50s
Loaded new graph in 1321.66s
Updating data source...
	Adding data to data/AGENCY.csv... OK
	Adding data to data/FEED_INFO.csv... OK
Finished updating data source.
Updating graph...
data/CALENDAR.csv
	No new data.
	No removed data.
data/SHAPES.csv
	No new data.
	No removed data.
data/FEED_INFO.csv
	Found new data, saved to .aux/new_data/data/FEED_INFO.csv.
	No removed data.
data/STOP_TIMES.csv
	No new data.
	No removed data.
data/AGENCY.csv
	Found new data, saved to .aux/new_data/data/AGENCY.csv.
	No removed data.
data/CALENDAR_DATES.csv
	No new data.
	No removed data.
data/FREQUENCIES.csv
	No new data.
	No removed data.
data/TRIPS.csv
	No new data.
	No removed data.
data/ROUTES.csv
	No new data.
	No removed data.
data/STOPS.csv
	No new data.
	No removed data.
Finished calculating diff in 14.57s.
Saved snapshot to .aux/snapshot.pkl
Materializing graph...
Updating mappings... OK
Running mapping engine on the new data...
Semantifying new_data...
TM: http://mapping.example.com/map_agency_000
TM: http://mapping.example.com/map_feed_000
Successfully semantified new_data.


Successfully semantified all datasets in 0.474 seconds.
No removed data detected in the data source, no need to run the mapping engine.
Materialization complete in 0.49s
Constructing new graph... OK (0.00s)
Finished updating graph in 21.78s.
Updating data source...
	Adding data to data/AGENCY.csv... OK
	Removing data from data/AGENCY.csv... OK
Finished updating data source.
Updating graph...
data/CALENDAR.csv
	No new data.
	No removed data.
data/SHAPES.csv
	No new data.
	No removed data.
data/FEED_INFO.csv
	No new data.
	No removed data.
data/STOP_TIMES.csv
	No new data.
	No removed data.
data/AGENCY.csv
	Found new data, saved to .aux/new_data/data/AGENCY.csv.
	Found removed data, saved to .aux/removed_data/data/AGENCY.csv.
data/CALENDAR_DATES.csv
	No new data.
	No removed data.
data/FREQUENCIES.csv
	No new data.
	No removed data.
data/TRIPS.csv
	No new data.
	No removed data.
data/ROUTES.csv
	No new data.
	No removed data.
data/STOPS.csv
	No new data.
	No removed data.
Finished calculating diff in 14.73s.
Saved snapshot to .aux/snapshot.pkl
Materializing graph...
Updating mappings... OK
Running mapping engine on the new data...
Semantifying new_data...
TM: http://mapping.example.com/map_agency_000
Successfully semantified new_data.


Successfully semantified all datasets in 0.125 seconds.
Updating mappings... OK
Semantifying removed_data...
TM: http://mapping.example.com/map_agency_000
Successfully semantified removed_data.


Successfully semantified all datasets in 0.123 seconds.
Materialization complete in 0.27s
Constructing new graph... OK (0.00s)
Finished updating graph in 22.07s.
Restoring data sources...
	Restoring data/AGENCY.csv... OK
	Restoring data/FEED_INFO.csv... OK
Restored data sources.
Deleting .aux/snapshot.pkl... OK

------------------------------------------------------
Finished running test in 1365.54s.
Summary:
	Created new version in 1321.66s (19797650 triples)
	Updated in 21.78s (19797664 triples)
	Updated in 22.07s (19797664 triples)
