######################### 1 #########################
Running test test-rdfizer
Loading new graph...
data/CALENDAR.csv
	Found new data, saved to .aux/new_data/data/CALENDAR.csv.
	No removed data.
data/ROUTES.csv
	Found new data, saved to .aux/new_data/data/ROUTES.csv.
	No removed data.
data/STOPS.csv
	Found new data, saved to .aux/new_data/data/STOPS.csv.
	No removed data.
data/SHAPES.csv
	Found new data, saved to .aux/new_data/data/SHAPES.csv.
	No removed data.
data/FREQUENCIES.csv
	Found new data, saved to .aux/new_data/data/FREQUENCIES.csv.
	No removed data.
data/AGENCY.csv
	Found new data, saved to .aux/new_data/data/AGENCY.csv.
	No removed data.
data/FEED_INFO.csv
	Found new data, saved to .aux/new_data/data/FEED_INFO.csv.
	No removed data.
data/STOP_TIMES.csv
	Found new data, saved to .aux/new_data/data/STOP_TIMES.csv.
	No removed data.
data/CALENDAR_DATES.csv
	Found new data, saved to .aux/new_data/data/CALENDAR_DATES.csv.
	No removed data.
data/TRIPS.csv
	Found new data, saved to .aux/new_data/data/TRIPS.csv.
	No removed data.
Finished calculating diff in 0.07s.
Saved snapshot to .aux/snapshot.pkl
Materializing graph...
Updating mappings... OK
Running mapping engine on the new data...
Semantifying new_data...
TM: http://mapping.example.com/map_calendar_date_rules_000
TM: http://mapping.example.com/map_services2_000
TM: http://mapping.example.com/map_feed_000
TM: http://mapping.example.com/map_frequencies_000
TM: http://mapping.example.com/map_shapePoints_000
TM: http://mapping.example.com/map_shapes_000
TM: http://mapping.example.com/map_stoptimes_000
TM: http://mapping.example.com/map_agency_000
TM: http://mapping.example.com/map_calendar_rules_000
TM: http://mapping.example.com/map_services1_000
TM: http://mapping.example.com/map_routes_000
TM: http://mapping.example.com/map_stops_000
TM: http://mapping.example.com/map_trips_000
Successfully semantified new_data.


Successfully semantified all datasets in 1.187 seconds.
No removed data detected in the data source, no need to run the mapping engine.
Materialization complete in 1.29s
Loaded new graph in 1.67s
Updating data source...
	Adding data to data/AGENCY.csv... OK
	Adding data to data/FEED_INFO.csv... OK
Finished updating data source.
Updating graph...
data/CALENDAR.csv
	No new data.
	No removed data.
data/ROUTES.csv
	No new data.
	No removed data.
data/STOPS.csv
	No new data.
	No removed data.
data/SHAPES.csv
	No new data.
	No removed data.
data/FREQUENCIES.csv
	No new data.
	No removed data.
data/AGENCY.csv
	Found new data, saved to .aux/new_data/data/AGENCY.csv.
	No removed data.
data/FEED_INFO.csv
	Found new data, saved to .aux/new_data/data/FEED_INFO.csv.
	No removed data.
data/STOP_TIMES.csv
	No new data.
	No removed data.
data/CALENDAR_DATES.csv
	No new data.
	No removed data.
data/TRIPS.csv
	No new data.
	No removed data.
Finished calculating diff in 0.06s.
Saved snapshot to .aux/snapshot.pkl
Materializing graph...
Updating mappings... OK
Running mapping engine on the new data...
Semantifying new_data...
TM: http://mapping.example.com/map_agency_000
TM: http://mapping.example.com/map_feed_000
Successfully semantified new_data.


Successfully semantified all datasets in 0.263 seconds.
No removed data detected in the data source, no need to run the mapping engine.
Materialization complete in 0.27s
Constructing new graph... OK (0.00s)
Finished updating graph in 0.52s.
Updating data source...
	Adding data to data/AGENCY.csv... OK
	Removing data from data/AGENCY.csv... OK
Finished updating data source.
Updating graph...
data/CALENDAR.csv
	No new data.
	No removed data.
data/ROUTES.csv
	No new data.
	No removed data.
data/STOPS.csv
	No new data.
	No removed data.
data/SHAPES.csv
	No new data.
	No removed data.
data/FREQUENCIES.csv
	No new data.
	No removed data.
data/AGENCY.csv
	Found new data, saved to .aux/new_data/data/AGENCY.csv.
	Found removed data, saved to .aux/removed_data/data/AGENCY.csv.
data/FEED_INFO.csv
	No new data.
	No removed data.
data/STOP_TIMES.csv
	No new data.
	No removed data.
data/CALENDAR_DATES.csv
	No new data.
	No removed data.
data/TRIPS.csv
	No new data.
	No removed data.
Finished calculating diff in 0.05s.
Saved snapshot to .aux/snapshot.pkl
Materializing graph...
Updating mappings... OK
Running mapping engine on the new data...
Semantifying new_data...
TM: http://mapping.example.com/map_agency_000
Successfully semantified new_data.


Successfully semantified all datasets in 0.123 seconds.
Updating mappings... OK
Semantifying removed_data...
TM: http://mapping.example.com/map_agency_000
Successfully semantified removed_data.


Successfully semantified all datasets in 0.125 seconds.
Materialization complete in 0.26s
Constructing new graph... OK (0.00s)
Finished updating graph in 0.60s.
Restoring data sources...
	Restoring data/AGENCY.csv... OK
	Restoring data/FEED_INFO.csv... OK
Restored data sources.
Deleting .aux/snapshot.pkl... OK

------------------------------------------------------
Finished running test in 2.80s.
Summary:
	Created new version in 1.67s (2001 triples)
	Updated in 0.52s (2015 triples)
	Updated in 0.60s (2015 triples)
######################### 2 #########################
Running test test-rdfizer
Loading new graph...
data/ROUTES.csv
	Found new data, saved to .aux/new_data/data/ROUTES.csv.
	No removed data.
data/STOPS.csv
	Found new data, saved to .aux/new_data/data/STOPS.csv.
	No removed data.
data/AGENCY.csv
	Found new data, saved to .aux/new_data/data/AGENCY.csv.
	No removed data.
data/CALENDAR_DATES.csv
	Found new data, saved to .aux/new_data/data/CALENDAR_DATES.csv.
	No removed data.
data/SHAPES.csv
	Found new data, saved to .aux/new_data/data/SHAPES.csv.
	No removed data.
data/TRIPS.csv
	Found new data, saved to .aux/new_data/data/TRIPS.csv.
	No removed data.
data/FREQUENCIES.csv
	Found new data, saved to .aux/new_data/data/FREQUENCIES.csv.
	No removed data.
data/CALENDAR.csv
	Found new data, saved to .aux/new_data/data/CALENDAR.csv.
	No removed data.
data/STOP_TIMES.csv
	Found new data, saved to .aux/new_data/data/STOP_TIMES.csv.
	No removed data.
data/FEED_INFO.csv
	Found new data, saved to .aux/new_data/data/FEED_INFO.csv.
	No removed data.
Finished calculating diff in 0.07s.
Saved snapshot to .aux/snapshot.pkl
Materializing graph...
Updating mappings... OK
Running mapping engine on the new data...
Semantifying new_data...
TM: http://mapping.example.com/map_calendar_date_rules_000
TM: http://mapping.example.com/map_services2_000
TM: http://mapping.example.com/map_feed_000
TM: http://mapping.example.com/map_frequencies_000
TM: http://mapping.example.com/map_shapePoints_000
TM: http://mapping.example.com/map_shapes_000
TM: http://mapping.example.com/map_stoptimes_000
TM: http://mapping.example.com/map_agency_000
TM: http://mapping.example.com/map_calendar_rules_000
TM: http://mapping.example.com/map_services1_000
TM: http://mapping.example.com/map_routes_000
TM: http://mapping.example.com/map_stops_000
TM: http://mapping.example.com/map_trips_000
Successfully semantified new_data.


Successfully semantified all datasets in 1.147 seconds.
No removed data detected in the data source, no need to run the mapping engine.
Materialization complete in 1.25s
Loaded new graph in 1.62s
Updating data source...
	Adding data to data/AGENCY.csv... OK
	Adding data to data/FEED_INFO.csv... OK
Finished updating data source.
Updating graph...
data/ROUTES.csv
	No new data.
	No removed data.
data/STOPS.csv
	No new data.
	No removed data.
data/AGENCY.csv
	Found new data, saved to .aux/new_data/data/AGENCY.csv.
	No removed data.
data/CALENDAR_DATES.csv
	No new data.
	No removed data.
data/SHAPES.csv
	No new data.
	No removed data.
data/TRIPS.csv
	No new data.
	No removed data.
data/FREQUENCIES.csv
	No new data.
	No removed data.
data/CALENDAR.csv
	No new data.
	No removed data.
data/STOP_TIMES.csv
	No new data.
	No removed data.
data/FEED_INFO.csv
	Found new data, saved to .aux/new_data/data/FEED_INFO.csv.
	No removed data.
Finished calculating diff in 0.06s.
Saved snapshot to .aux/snapshot.pkl
Materializing graph...
Updating mappings... OK
Running mapping engine on the new data...
Semantifying new_data...
TM: http://mapping.example.com/map_agency_000
TM: http://mapping.example.com/map_feed_000
Successfully semantified new_data.


Successfully semantified all datasets in 0.244 seconds.
No removed data detected in the data source, no need to run the mapping engine.
Materialization complete in 0.26s
Constructing new graph... OK (0.00s)
Finished updating graph in 0.50s.
Updating data source...
	Adding data to data/AGENCY.csv... OK
	Removing data from data/AGENCY.csv... OK
Finished updating data source.
Updating graph...
data/ROUTES.csv
	No new data.
	No removed data.
data/STOPS.csv
	No new data.
	No removed data.
data/AGENCY.csv
	Found new data, saved to .aux/new_data/data/AGENCY.csv.
	Found removed data, saved to .aux/removed_data/data/AGENCY.csv.
data/CALENDAR_DATES.csv
	No new data.
	No removed data.
data/SHAPES.csv
	No new data.
	No removed data.
data/TRIPS.csv
	No new data.
	No removed data.
data/FREQUENCIES.csv
	No new data.
	No removed data.
data/CALENDAR.csv
	No new data.
	No removed data.
data/STOP_TIMES.csv
	No new data.
	No removed data.
data/FEED_INFO.csv
	No new data.
	No removed data.
Finished calculating diff in 0.05s.
Saved snapshot to .aux/snapshot.pkl
Materializing graph...
Updating mappings... OK
Running mapping engine on the new data...
Semantifying new_data...
TM: http://mapping.example.com/map_agency_000
Successfully semantified new_data.


Successfully semantified all datasets in 0.123 seconds.
Updating mappings... OK
Semantifying removed_data...
TM: http://mapping.example.com/map_agency_000
Successfully semantified removed_data.


Successfully semantified all datasets in 0.123 seconds.
Materialization complete in 0.26s
Constructing new graph... OK (0.00s)
Finished updating graph in 0.60s.
Restoring data sources...
	Restoring data/AGENCY.csv... OK
	Restoring data/FEED_INFO.csv... OK
Restored data sources.
Deleting .aux/snapshot.pkl... OK

------------------------------------------------------
Finished running test in 2.73s.
Summary:
	Created new version in 1.62s (2001 triples)
	Updated in 0.50s (2015 triples)
	Updated in 0.60s (2015 triples)
######################### 3 #########################
Running test test-rdfizer
Loading new graph...
data/TRIPS.csv
	Found new data, saved to .aux/new_data/data/TRIPS.csv.
	No removed data.
data/SHAPES.csv
	Found new data, saved to .aux/new_data/data/SHAPES.csv.
	No removed data.
data/CALENDAR.csv
	Found new data, saved to .aux/new_data/data/CALENDAR.csv.
	No removed data.
data/CALENDAR_DATES.csv
	Found new data, saved to .aux/new_data/data/CALENDAR_DATES.csv.
	No removed data.
data/FREQUENCIES.csv
	Found new data, saved to .aux/new_data/data/FREQUENCIES.csv.
	No removed data.
data/ROUTES.csv
	Found new data, saved to .aux/new_data/data/ROUTES.csv.
	No removed data.
data/FEED_INFO.csv
	Found new data, saved to .aux/new_data/data/FEED_INFO.csv.
	No removed data.
data/STOPS.csv
	Found new data, saved to .aux/new_data/data/STOPS.csv.
	No removed data.
data/STOP_TIMES.csv
	Found new data, saved to .aux/new_data/data/STOP_TIMES.csv.
	No removed data.
data/AGENCY.csv
	Found new data, saved to .aux/new_data/data/AGENCY.csv.
	No removed data.
Finished calculating diff in 0.07s.
Saved snapshot to .aux/snapshot.pkl
Materializing graph...
Updating mappings... OK
Running mapping engine on the new data...
Semantifying new_data...
TM: http://mapping.example.com/map_calendar_date_rules_000
TM: http://mapping.example.com/map_services2_000
TM: http://mapping.example.com/map_feed_000
TM: http://mapping.example.com/map_frequencies_000
TM: http://mapping.example.com/map_shapePoints_000
TM: http://mapping.example.com/map_shapes_000
TM: http://mapping.example.com/map_stoptimes_000
TM: http://mapping.example.com/map_agency_000
TM: http://mapping.example.com/map_calendar_rules_000
TM: http://mapping.example.com/map_services1_000
TM: http://mapping.example.com/map_routes_000
TM: http://mapping.example.com/map_stops_000
TM: http://mapping.example.com/map_trips_000
Successfully semantified new_data.


Successfully semantified all datasets in 1.260 seconds.
No removed data detected in the data source, no need to run the mapping engine.
Materialization complete in 1.37s
Loaded new graph in 1.75s
Updating data source...
	Adding data to data/AGENCY.csv... OK
	Adding data to data/FEED_INFO.csv... OK
Finished updating data source.
Updating graph...
data/TRIPS.csv
	No new data.
	No removed data.
data/SHAPES.csv
	No new data.
	No removed data.
data/CALENDAR.csv
	No new data.
	No removed data.
data/CALENDAR_DATES.csv
	No new data.
	No removed data.
data/FREQUENCIES.csv
	No new data.
	No removed data.
data/ROUTES.csv
	No new data.
	No removed data.
data/FEED_INFO.csv
	Found new data, saved to .aux/new_data/data/FEED_INFO.csv.
	No removed data.
data/STOPS.csv
	No new data.
	No removed data.
data/STOP_TIMES.csv
	No new data.
	No removed data.
data/AGENCY.csv
	Found new data, saved to .aux/new_data/data/AGENCY.csv.
	No removed data.
Finished calculating diff in 0.06s.
Saved snapshot to .aux/snapshot.pkl
Materializing graph...
Updating mappings... OK
Running mapping engine on the new data...
Semantifying new_data...
TM: http://mapping.example.com/map_agency_000
TM: http://mapping.example.com/map_feed_000
Successfully semantified new_data.


Successfully semantified all datasets in 0.245 seconds.
No removed data detected in the data source, no need to run the mapping engine.
Materialization complete in 0.26s
Constructing new graph... OK (0.00s)
Finished updating graph in 0.50s.
Updating data source...
	Adding data to data/AGENCY.csv... OK
	Removing data from data/AGENCY.csv... OK
Finished updating data source.
Updating graph...
data/TRIPS.csv
	No new data.
	No removed data.
data/SHAPES.csv
	No new data.
	No removed data.
data/CALENDAR.csv
	No new data.
	No removed data.
data/CALENDAR_DATES.csv
	No new data.
	No removed data.
data/FREQUENCIES.csv
	No new data.
	No removed data.
data/ROUTES.csv
	No new data.
	No removed data.
data/FEED_INFO.csv
	No new data.
	No removed data.
data/STOPS.csv
	No new data.
	No removed data.
data/STOP_TIMES.csv
	No new data.
	No removed data.
data/AGENCY.csv
	Found new data, saved to .aux/new_data/data/AGENCY.csv.
	Found removed data, saved to .aux/removed_data/data/AGENCY.csv.
Finished calculating diff in 0.05s.
Saved snapshot to .aux/snapshot.pkl
Materializing graph...
Updating mappings... OK
Running mapping engine on the new data...
Semantifying new_data...
TM: http://mapping.example.com/map_agency_000
Successfully semantified new_data.


Successfully semantified all datasets in 0.122 seconds.
Updating mappings... OK
Semantifying removed_data...
TM: http://mapping.example.com/map_agency_000
Successfully semantified removed_data.


Successfully semantified all datasets in 0.123 seconds.
Materialization complete in 0.26s
Constructing new graph... OK (0.00s)
Finished updating graph in 0.59s.
Restoring data sources...
	Restoring data/AGENCY.csv... OK
	Restoring data/FEED_INFO.csv... OK
Restored data sources.
Deleting .aux/snapshot.pkl... OK

------------------------------------------------------
Finished running test in 2.85s.
Summary:
	Created new version in 1.75s (2001 triples)
	Updated in 0.50s (2015 triples)
	Updated in 0.59s (2015 triples)
######################### 4 #########################
Running test test-rdfizer
Loading new graph...
data/CALENDAR_DATES.csv
	Found new data, saved to .aux/new_data/data/CALENDAR_DATES.csv.
	No removed data.
data/SHAPES.csv
	Found new data, saved to .aux/new_data/data/SHAPES.csv.
	No removed data.
data/TRIPS.csv
	Found new data, saved to .aux/new_data/data/TRIPS.csv.
	No removed data.
data/FEED_INFO.csv
	Found new data, saved to .aux/new_data/data/FEED_INFO.csv.
	No removed data.
data/FREQUENCIES.csv
	Found new data, saved to .aux/new_data/data/FREQUENCIES.csv.
	No removed data.
data/ROUTES.csv
	Found new data, saved to .aux/new_data/data/ROUTES.csv.
	No removed data.
data/STOP_TIMES.csv
	Found new data, saved to .aux/new_data/data/STOP_TIMES.csv.
	No removed data.
data/CALENDAR.csv
	Found new data, saved to .aux/new_data/data/CALENDAR.csv.
	No removed data.
data/STOPS.csv
	Found new data, saved to .aux/new_data/data/STOPS.csv.
	No removed data.
data/AGENCY.csv
	Found new data, saved to .aux/new_data/data/AGENCY.csv.
	No removed data.
Finished calculating diff in 0.07s.
Saved snapshot to .aux/snapshot.pkl
Materializing graph...
Updating mappings... OK
Running mapping engine on the new data...
Semantifying new_data...
TM: http://mapping.example.com/map_calendar_date_rules_000
TM: http://mapping.example.com/map_services2_000
TM: http://mapping.example.com/map_feed_000
TM: http://mapping.example.com/map_frequencies_000
TM: http://mapping.example.com/map_shapePoints_000
TM: http://mapping.example.com/map_shapes_000
TM: http://mapping.example.com/map_stoptimes_000
TM: http://mapping.example.com/map_agency_000
TM: http://mapping.example.com/map_calendar_rules_000
TM: http://mapping.example.com/map_services1_000
TM: http://mapping.example.com/map_routes_000
TM: http://mapping.example.com/map_stops_000
TM: http://mapping.example.com/map_trips_000
Successfully semantified new_data.


Successfully semantified all datasets in 1.153 seconds.
No removed data detected in the data source, no need to run the mapping engine.
Materialization complete in 1.25s
Loaded new graph in 1.63s
Updating data source...
	Adding data to data/AGENCY.csv... OK
	Adding data to data/FEED_INFO.csv... OK
Finished updating data source.
Updating graph...
data/CALENDAR_DATES.csv
	No new data.
	No removed data.
data/SHAPES.csv
	No new data.
	No removed data.
data/TRIPS.csv
	No new data.
	No removed data.
data/FEED_INFO.csv
	Found new data, saved to .aux/new_data/data/FEED_INFO.csv.
	No removed data.
data/FREQUENCIES.csv
	No new data.
	No removed data.
data/ROUTES.csv
	No new data.
	No removed data.
data/STOP_TIMES.csv
	No new data.
	No removed data.
data/CALENDAR.csv
	No new data.
	No removed data.
data/STOPS.csv
	No new data.
	No removed data.
data/AGENCY.csv
	Found new data, saved to .aux/new_data/data/AGENCY.csv.
	No removed data.
Finished calculating diff in 0.06s.
Saved snapshot to .aux/snapshot.pkl
Materializing graph...
Updating mappings... OK
Running mapping engine on the new data...
Semantifying new_data...
TM: http://mapping.example.com/map_agency_000
TM: http://mapping.example.com/map_feed_000
Successfully semantified new_data.


Successfully semantified all datasets in 0.247 seconds.
No removed data detected in the data source, no need to run the mapping engine.
Materialization complete in 0.26s
Constructing new graph... OK (0.00s)
Finished updating graph in 0.50s.
Updating data source...
	Adding data to data/AGENCY.csv... OK
	Removing data from data/AGENCY.csv... OK
Finished updating data source.
Updating graph...
data/CALENDAR_DATES.csv
	No new data.
	No removed data.
data/SHAPES.csv
	No new data.
	No removed data.
data/TRIPS.csv
	No new data.
	No removed data.
data/FEED_INFO.csv
	No new data.
	No removed data.
data/FREQUENCIES.csv
	No new data.
	No removed data.
data/ROUTES.csv
	No new data.
	No removed data.
data/STOP_TIMES.csv
	No new data.
	No removed data.
data/CALENDAR.csv
	No new data.
	No removed data.
data/STOPS.csv
	No new data.
	No removed data.
data/AGENCY.csv
	Found new data, saved to .aux/new_data/data/AGENCY.csv.
	Found removed data, saved to .aux/removed_data/data/AGENCY.csv.
Finished calculating diff in 0.06s.
Saved snapshot to .aux/snapshot.pkl
Materializing graph...
Updating mappings... OK
Running mapping engine on the new data...
Semantifying new_data...
TM: http://mapping.example.com/map_agency_000
Successfully semantified new_data.


Successfully semantified all datasets in 0.124 seconds.
Updating mappings... OK
Semantifying removed_data...
TM: http://mapping.example.com/map_agency_000
Successfully semantified removed_data.


Successfully semantified all datasets in 0.126 seconds.
Materialization complete in 0.27s
Constructing new graph... OK (0.00s)
Finished updating graph in 0.60s.
Restoring data sources...
	Restoring data/AGENCY.csv... OK
	Restoring data/FEED_INFO.csv... OK
Restored data sources.
Deleting .aux/snapshot.pkl... OK

------------------------------------------------------
Finished running test in 2.75s.
Summary:
	Created new version in 1.63s (2001 triples)
	Updated in 0.50s (2015 triples)
	Updated in 0.60s (2015 triples)
######################### 5 #########################
Running test test-rdfizer
Loading new graph...
data/TRIPS.csv
	Found new data, saved to .aux/new_data/data/TRIPS.csv.
	No removed data.
data/ROUTES.csv
	Found new data, saved to .aux/new_data/data/ROUTES.csv.
	No removed data.
data/CALENDAR.csv
	Found new data, saved to .aux/new_data/data/CALENDAR.csv.
	No removed data.
data/SHAPES.csv
	Found new data, saved to .aux/new_data/data/SHAPES.csv.
	No removed data.
data/CALENDAR_DATES.csv
	Found new data, saved to .aux/new_data/data/CALENDAR_DATES.csv.
	No removed data.
data/FEED_INFO.csv
	Found new data, saved to .aux/new_data/data/FEED_INFO.csv.
	No removed data.
data/STOP_TIMES.csv
	Found new data, saved to .aux/new_data/data/STOP_TIMES.csv.
	No removed data.
data/STOPS.csv
	Found new data, saved to .aux/new_data/data/STOPS.csv.
	No removed data.
data/FREQUENCIES.csv
	Found new data, saved to .aux/new_data/data/FREQUENCIES.csv.
	No removed data.
data/AGENCY.csv
	Found new data, saved to .aux/new_data/data/AGENCY.csv.
	No removed data.
Finished calculating diff in 0.07s.
Saved snapshot to .aux/snapshot.pkl
Materializing graph...
Updating mappings... OK
Running mapping engine on the new data...
Semantifying new_data...
TM: http://mapping.example.com/map_calendar_date_rules_000
TM: http://mapping.example.com/map_services2_000
TM: http://mapping.example.com/map_feed_000
TM: http://mapping.example.com/map_frequencies_000
TM: http://mapping.example.com/map_shapePoints_000
TM: http://mapping.example.com/map_shapes_000
TM: http://mapping.example.com/map_stoptimes_000
TM: http://mapping.example.com/map_agency_000
TM: http://mapping.example.com/map_calendar_rules_000
TM: http://mapping.example.com/map_services1_000
TM: http://mapping.example.com/map_routes_000
TM: http://mapping.example.com/map_stops_000
TM: http://mapping.example.com/map_trips_000
Successfully semantified new_data.


Successfully semantified all datasets in 1.140 seconds.
No removed data detected in the data source, no need to run the mapping engine.
Materialization complete in 1.24s
Loaded new graph in 1.62s
Updating data source...
	Adding data to data/AGENCY.csv... OK
	Adding data to data/FEED_INFO.csv... OK
Finished updating data source.
Updating graph...
data/TRIPS.csv
	No new data.
	No removed data.
data/ROUTES.csv
	No new data.
	No removed data.
data/CALENDAR.csv
	No new data.
	No removed data.
data/SHAPES.csv
	No new data.
	No removed data.
data/CALENDAR_DATES.csv
	No new data.
	No removed data.
data/FEED_INFO.csv
	Found new data, saved to .aux/new_data/data/FEED_INFO.csv.
	No removed data.
data/STOP_TIMES.csv
	No new data.
	No removed data.
data/STOPS.csv
	No new data.
	No removed data.
data/FREQUENCIES.csv
	No new data.
	No removed data.
data/AGENCY.csv
	Found new data, saved to .aux/new_data/data/AGENCY.csv.
	No removed data.
Finished calculating diff in 0.06s.
Saved snapshot to .aux/snapshot.pkl
Materializing graph...
Updating mappings... OK
Running mapping engine on the new data...
Semantifying new_data...
TM: http://mapping.example.com/map_agency_000
TM: http://mapping.example.com/map_feed_000
Successfully semantified new_data.


Successfully semantified all datasets in 0.246 seconds.
No removed data detected in the data source, no need to run the mapping engine.
Materialization complete in 0.26s
Constructing new graph... OK (0.00s)
Finished updating graph in 0.50s.
Updating data source...
	Adding data to data/AGENCY.csv... OK
	Removing data from data/AGENCY.csv... OK
Finished updating data source.
Updating graph...
data/TRIPS.csv
	No new data.
	No removed data.
data/ROUTES.csv
	No new data.
	No removed data.
data/CALENDAR.csv
	No new data.
	No removed data.
data/SHAPES.csv
	No new data.
	No removed data.
data/CALENDAR_DATES.csv
	No new data.
	No removed data.
data/FEED_INFO.csv
	No new data.
	No removed data.
data/STOP_TIMES.csv
	No new data.
	No removed data.
data/STOPS.csv
	No new data.
	No removed data.
data/FREQUENCIES.csv
	No new data.
	No removed data.
data/AGENCY.csv
	Found new data, saved to .aux/new_data/data/AGENCY.csv.
	Found removed data, saved to .aux/removed_data/data/AGENCY.csv.
Finished calculating diff in 0.05s.
Saved snapshot to .aux/snapshot.pkl
Materializing graph...
Updating mappings... OK
Running mapping engine on the new data...
Semantifying new_data...
TM: http://mapping.example.com/map_agency_000
Successfully semantified new_data.


Successfully semantified all datasets in 0.121 seconds.
Updating mappings... OK
Semantifying removed_data...
TM: http://mapping.example.com/map_agency_000
Successfully semantified removed_data.


Successfully semantified all datasets in 0.122 seconds.
Materialization complete in 0.26s
Constructing new graph... OK (0.00s)
Finished updating graph in 0.59s.
Restoring data sources...
	Restoring data/AGENCY.csv... OK
	Restoring data/FEED_INFO.csv... OK
Restored data sources.
Deleting .aux/snapshot.pkl... OK

------------------------------------------------------
Finished running test in 2.72s.
Summary:
	Created new version in 1.62s (2001 triples)
	Updated in 0.50s (2015 triples)
	Updated in 0.59s (2015 triples)
